02-13 03:33:31.904  3634  4950 I system_server: AssetManager2(0xb400006ee7ea2828) locale list changing from [] to [en-MM]
02-13 03:33:31.904  2044 28239 I sensors-hal: handle_oplus_wise_rgb_event:181, wise_rgb: (r, g, b, c)[-3.00, 84.00, -1.00, -5.00],(r2,g2,b2,c2)[[0.00, 0.00, 0.00, 0.00], algo:5.0, flag :0
02-13 03:33:31.904  2044 28239 I sensors-hal: handle_oplus_wise_rgb_event:189, wise_rgb: (35390)(cct, lux, ir)[5300.00, 10.08, 0.000000] (r, g, b, c)[-3.00, 84.00, -1.00, -5.00]                 (pwm, hbm, brl, algo)[0.0 0.0 784.0 5.0], flag 0
02-13 03:33:31.905  3634  4950 D NotificationService--OplusNavigationManager: Notification--isSuppressedByDriveMode--userId:0,mode:false
02-13 03:33:31.905  3634  4950 D NotificationService--OplusNotificationTrackHelper: PostNotification : {channel_name=Direct messages, notification_type=others, app_name=76f6841f7824afd5dc89c726acf25252f80dc8cf486a24408ea4a86e95a4d081, push_id=null, importance=4, notification_id=982842340, system_state=null, channel_id=im_push_associated_4, pkg=cb6ca5330b8d94a197a20a727ef6bb2f9bd6b52d674b7c2e559d2a140a727e93, post_time=2026-02-13 03:33:31, notification_source=local}
02-13 03:33:31.936 20918 21142 W System.err: FlagsHookHelper: skip hook flags method getInstanceHook
02-13 03:33:31.936  2639  4283 D QmiClient: qmiServiceEventCallback recv msg id 1099
02-13 03:33:31.937  2639  4283 D QmiClient: enter -mServiceType 4 onQmiServiceEventCallback msgId 1099
02-13 03:33:31.937  2639  4283 D QmiClient: onQmiServiceEventCallback - enter. msgId=1099
02-13 03:33:31.937  2639  4283 D QmiVsClientEvent: QosPeriodReportInd MSG IND data_len 2052
02-13 03:33:31.937  2639  4283 D QmiVsClientEvent: qmiVsClientNotifyQosPeriodReportIndEvent - RADIO_EVENT_QOS_PERIOD_REPORT_NOTIFY_IND
02-13 03:33:31.937  2639  2710 D VsProxy : handleMessage msg is 2420
02-13 03:33:31.937  2639  2710 D VsProxy : handleQosPeriodReportInd for instance 0 data_len 187
02-13 03:33:31.937  5784  5852 D SubsysRadioIndication[0]: radioQosPeriodReportInd result [8, -46, -73, -35, -96, 12, 18, 18, 8, -29, -75, -35, -96, 12, 16, 3, 32, -20, 4, 40, 5, 56, -37, 1, 72, 85, 26, 16, 8, -88, -74, -35, -96, 12, 16, 3, 32, 1, 40, 2, 56, 104, 72, 66, 34, 12, 8, -121, -78, -35, -96, 12, 16, 1, 24, 3, 32, 1, 58, 57, 8, -57, -74, -35, -96, 12, 16, 4, 24, -97, 48, 32, 29, 40, -121, -1, -1, -1, -1, -1, -1, -1, -1, 1, 48, -17, -1, -1, -1, -1, -1, -1, -1, -1, 1, 64, -121, -1, -1, -1, -1, -1, -1, -1, -1, 1, 72, -125, -1, -1, -1, -1, -1, -1, -1, -1, 1, 66, 37, 8, -117, -92, -35, -96, 12, 16, 4, 24, 1, 34, 13, 8, -97, 48, 16, 29, 24, 20, 32, 3, 40, -122, -30, 43, 34, 10, 8, -45, 10, 16, -82, 1, 24, 3, 32, 6, 90, 0, 98, 10, 8, -5, -93, -35, -96, 12, 16, 3, 24, 4, 122, 15, 8, -108, -73, -35, -96, 12, 16, -92, 3, 24, -36, 1, 32, -18, 10]
02-13 03:33:31.938  5784  5784 D NetworkService[0]: handleMessage what:1005
02-13 03:33:31.938  5784  5784 D RadioAtomTracker: parseQosPeriodData ModemQos:CellularQosInfo{mSubId=1, mRat=4, mEndcState=1, mArfcn=6175, mPci=29, mBand=20, mDLBW=3, mRsrp=-121, mRsrq=-17, mSnr=0, mSvcStatus=3, mULTimeStamp=-1, mULPDCPNumDataPdu=3, mULPDCPNumDropPdu=0, mULPDCPTput=620, mULRLCNumDataPdu=5, mULRLCNumRetxPdu=0, mULGrant=219, mULBSR=0, mULBler=85, mDLTimeStamp=-1, mDLPDCPNumDataPdu=2, mDLPDCPTput=104, mDLRLCNumDataPdu=3, mDLRLCNumRetxPdu=0, mDLRLCNumDropPdu=1, mDLMACPaddingBytes=0, mDLPdcpNumMissToUppPdu=0, mDLBler=66, mRlfCount=0, mRachWithULGrantCount=0, mCellChangeCount=0, mIsRedirectionOccur=0, mIsDualSimConflict=0, mLatency=23, mCellId=717062, mNr5GScs=0, mSub1RrcState=3, mSub2RrcState=1, mRachCount=0, mRachAbortCount=0, mCalcPower=420, mMtpl=220, mPathLoss=1390, mFbrxCount=0, mCellLoad=0}
02-13 03:33:31.938  5784  5784 D NetworkService[0]: tryReportModemUlTPutGuarantee: clear calculator
02-13 03:33:31.938  5784  5784 D NetworkService[0]: EVENT_REG_QOS_PERIOD_REPORT_IND_CHANGED ENTER
02-13 03:33:31.942 20918 21157 W NaviWarn: StackPtr is not 8-byte aligned.
02-13 03:33:31.946 20918 21296 D nativeloader: Load /data/app/~~vzi0OXYOB27q0j_gzqwMTg==/com.ss.android.ugc.trill-gD4qvc2rmOwsnKQR9_W9qA==/lib/arm64/libwcdb.so using class loader ns clns-11 (caller=/data/app/~~vzi0OXYOB27q0j_gzqwMTg==/com.ss.android.ugc.trill-gD4qvc2rmOwsnKQR9_W9qA==/base.apk!classes31.dex): ok
02-13 03:33:31.946 20918 21296 I WCDB    : Initialize JNI module (1/10) SQLiteDebug...
02-13 03:33:31.946 20918 21296 V WCDB.JNIHelp: Registering com/tencent/wcdb/database/SQLiteDebug natives
02-13 03:33:31.946 20918 21296 I WCDB    : Initialize JNI module (2/10) Log...
02-13 03:33:31.946 20918 21296 V WCDB.JNIHelp: Registering com/tencent/wcdb/support/Log natives
02-13 03:33:31.946 20918 21296 I WCDB    : Initialize JNI module (3/10) FileUtils...
02-13 03:33:31.946 20918 21296 V WCDB.JNIHelp: Registering com/tencent/wcdb/FileUtils natives
02-13 03:33:31.946 20918 21296 I WCDB    : Initialize JNI module (4/10) SQLiteGlobal...
02-13 03:33:31.946 20918 21296 V WCDB.JNIHelp: Registering com/tencent/wcdb/database/SQLiteGlobal natives
02-13 03:33:31.946 20918 21296 I WCDB    : Initialize JNI module (5/10) ChunkedCursorWindow...
02-13 03:33:31.946 20918 21296 V WCDB.JNIHelp: Registering com/tencent/wcdb/database/ChunkedCursorWindow natives
02-13 03:33:31.946 20918 21296 V WCDB.JNIHelp: Registering com/tencent/wcdb/database/SQLiteAsyncQuery natives
02-13 03:33:31.946 20918 21296 I WCDB    : Initialize JNI module (6/10) DBDumpUtil...
02-13 03:33:31.946 20918 21296 V WCDB.JNIHelp: Registering com/tencent/wcdb/repair/DBDumpUtil natives
02-13 03:33:31.946 20918 21296 I WCDB    : Initialize JNI module (7/10) DBRepair...
02-13 03:33:31.946 20918 21296 V WCDB.JNIHelp: Registering com/tencent/wcdb/repair/RepairKit$RepairCursor natives
02-13 03:33:31.946 20918 21296 I WCDB    : Initialize JNI module (8/10) CursorWindow...
02-13 03:33:31.946 20918 21296 V WCDB.JNIHelp: Registering com/tencent/wcdb/CursorWindow natives
02-13 03:33:31.946 20918 21296 I WCDB    : Initialize JNI module (9/10) SQLiteDirectCursor...
02-13 03:33:31.946 20918 21296 V WCDB.JNIHelp: Registering com/tencent/wcdb/database/SQLiteDirectQuery natives
02-13 03:33:31.946 20918 21296 I WCDB    : Initialize JNI module (10/10) SQLiteConnection...
02-13 03:33:31.947 20918 21296 I WCDB.SQLiteConnectionPool: Max connection pool size is 4.
02-13 03:33:31.947 20918 21296 I WCDB    : Initialize SQLite connection module 'MMFTS'...
02-13 03:33:31.949 20918 21027 E Forest_ForestFacade: [FatalError:fetchResourceAsync] request reuse failed, url: 
02-13 03:33:31.951 20918 21292 W System.err: FlagsHookHelper: skip hook flags method getInstanceHook
02-13 03:33:31.951 20918 21296 I WCDB.SQLiteConnection: Opened connection 0x6f1f6b0a08 with label '/data/user/0/com.ss.android.ugc.trill/databases/7469419427261334561_im.db'
02-13 03:33:31.953 20918 21296 I WCDB.SQLite: [SQLite ErrCode: 283] recovered 33 frames from WAL file /data/user/0/com.ss.android.ugc.trill/databases/7469419427261334561_im.db-wal
02-13 03:33:31.954 20918 21296 I WCDB    : Initialize SQLite connection module 'MMFTS'...
02-13 03:33:31.954 20918 21296 I WCDB.SQLiteConnection: Opened connection 0x6f1f6b0d08 with label '/data/user/0/com.ss.android.ugc.trill/databases/7469419427261334561_im.db'
02-13 03:33:31.955 20918 21157 W NaviWarn: StackPtr is not 8-byte aligned.
02-13 03:33:31.957 20918 21296 I WCDB.RepairKit: Saved master info with 26 entries.
02-13 03:33:31.958 20918 21026 I WCDB    : Initialize SQLite connection module 'MMFTS'...
02-13 03:33:31.958 20918 21027 E Forest_null: could not get any valid access key from remote settings
02-13 03:33:31.958 20918 21026 I WCDB.SQLiteConnection: Opened connection 0x6ed0cf4208 with label '/data/user/0/com.ss.android.ugc.trill/databases/7469419427261334561_im.db'
02-13 03:33:31.960 20918 21027 I Forest_GeckoFetcher: [KeyInfo:fetchAsync] msg = offline resource exist:true extraRuntimeInfo = {support_directory=false, gecko_config_from=client_config, gecko_channel=mt_dm_streak_milestone_small_resource, wait_low_storage_update=false, check_gecko_file_available=true, gecko_access_key=f9e6186803d872f739d3d1707d9a652e, disable_gecko_update=true, gecko_sync_update=false, gecko_bundle=200/dark/social_dm_streakupgrade_fire5_dark.json}
02-13 03:33:31.962 20918 21299 W System.err: FlagsHookHelper: skip hook flags method getInstanceHook
02-13 03:33:31.962 20918 21027 E Forest_ForestFacade: [FatalError:fetchResourceAsync] request reuse failed, url: 
02-13 03:33:31.962 20918 21027 E Forest_null: could not get any valid access key from remote settings
02-13 03:33:31.964 20918 21027 I Forest_GeckoFetcher: [KeyInfo:fetchAsync] msg = offline resource exist:true extraRuntimeInfo = {support_directory=false, gecko_config_from=client_config, gecko_channel=mt_dm_streak_milestone_big_resource_1, wait_low_storage_update=false, check_gecko_file_available=true, gecko_access_key=f9e6186803d872f739d3d1707d9a652e, disable_gecko_update=true, gecko_sync_update=false, gecko_bundle=dm_streak_lv4_animation_264_v1/config.json}
02-13 03:33:31.965 20918 21027 E Forest_ForestFacade: [FatalError:fetchResourceAsync] request reuse failed, url: 
02-13 03:33:31.965 20918 21027 E Forest_null: could not get any valid access key from remote settings
02-13 03:33:31.966 20918 21303 D nativeloader: Load /data/app/~~vzi0OXYOB27q0j_gzqwMTg==/com.ss.android.ugc.trill-gD4qvc2rmOwsnKQR9_W9qA==/lib/arm64/libpsp_engine.so using class loader ns clns-11 (caller=/data/app/~~vzi0OXYOB27q0j_gzqwMTg==/com.ss.android.ugc.trill-gD4qvc2rmOwsnKQR9_W9qA==/base.apk!classes31.dex): ok
02-13 03:33:31.966 20918 21157 W NaviWarn: StackPtr is not 8-byte aligned.
02-13 03:33:31.967 20918 21027 I Forest_GeckoFetcher: [KeyInfo:fetchAsync] msg = offline resource exist:true extraRuntimeInfo = {support_directory=false, gecko_config_from=client_config, gecko_channel=mt_dm_streak_milestone_big_resource_2, wait_low_storage_update=false, check_gecko_file_available=true, gecko_access_key=f9e6186803d872f739d3d1707d9a652e, disable_gecko_update=true, gecko_sync_update=false, gecko_bundle=dm_streak_lv6_animation_264_v1/config.json}
02-13 03:33:32.062  5784  8396 D NetworkService[0]: getIfIndexByNetid netId:104,ifName:tun0,ifIndex:31
02-13 03:33:32.062  5784  8396 D NetworkService[1]: getIfIndexByNetid netId:104,ifName:tun0,ifIndex:31
02-13 03:33:32.063  5541  5908 D DnsDomainBlock: onDnsEvent: latencyMs=187, returnCode=0, uid=10558
02-13 03:33:32.082 20918 21307 W System.err: FlagsHookHelper: skip hook flags method getInstanceHook
02-13 03:33:32.084 20918 21157 W NaviWarn: StackPtr is not 8-byte aligned.
02-13 03:33:32.086  2044  4892 I sensors-hal: handle_oplus_wise_rgb_event:191, wise_rgb: (r, g, b, c)[-3.00, 87.00, -1.00, -4.00],(r2,g2,b2,c2)[[0.00, 0.00, 0.00, 0.00], algo:5.0, flag :0
02-13 03:33:32.087  2044 28239 I sensors-hal: handle_oplus_wise_rgb_event:181, wise_rgb: (r, g, b, c)[-3.00, 87.00, -1.00, -4.00],(r2,g2,b2,c2)[[0.00, 0.00, 0.00, 0.00], algo:5.0, flag :0
02-13 03:33:32.099  3634  3634 D AS.AudioService: uid 1000, callingApp = android.uid.system:1000
02-13 03:33:32.100  3634  3634 D AS.AudioService: uid 1000, callingApp = android.uid.system:1000
02-13 03:33:32.100  3634  3634 D FlashNotifController: requestStartFlashNotification
02-13 03:33:32.100  3634  3634 I FlashNotifController: startFlashNotification: type=1, tag=android
02-13 03:33:32.100  3634  3634 D FlashNotifController: Flash notification is disabled
02-13 03:33:32.101  5337  5348 D RingtonePlayer: stop(token=android.os.BinderProxy@460cb01)
02-13 03:33:32.102  2661 18705 D AudioTrack: pause(1092): prior state:STATE_STOPPED output 13 stream 0 session 8633
02-13 03:33:32.102  2661 18705 D AudioTrack: flush+ mIsStopFlush 0, mIsTrackSupportFade 0, mTrackFadeSupportType 0 , mShareBuffer != 0 ? 0, mState 1
02-13 03:33:32.102  2661 18705 D AudioTrack: flush(1092): prior state:STATE_STOPPED
02-13 03:33:32.102  2661 18705 D AudioTrack: [oplusAudioFade]stop mState STATE_FLUSHED, mIsTrackSupportFade 0
02-13 03:33:32.102  2661 18705 D AudioTrack: stop(1092): prior state:STATE_FLUSHED output 13 stream 0 session 8633
02-13 03:33:32.103  3634  4078 W QosSceneRecognizer[NotificationScene]: get pid failed while enterNotificationScene, processInfos is null! uid: -1
02-13 03:33:32.105  2661 18708 D AidlBufferPool: bufferpool2 0xb4000074bd90bb68 : 0(0 size) total buffers - 0(0 size) used buffers - 13/21 (recycle/alloc) - 8/34 (fetch/transfer)
02-13 03:33:32.106  2661 10275 D AidlBufferPool: Destruction - bufferpool2 0xb4000074bd90bb68 cached: 0/0M, 0/0% in use; allocs: 21, 62% recycled; transfers: 34, 76% unfetched
02-13 03:33:32.106  2661 18707 D AtlasEventUploadUtils: setEvent event:atlas_event_video_monitor_network_switch
02-13 03:33:32.107  7057 10633 V OplusAtlasVideo: callback success event:atlas_event_video_monitor_network_switch eventInfo:STOP,5337,Key,-5476376645412861952
02-13 03:33:32.107  2980  5244 D AidlBufferPool: bufferpool2 0xb400007ce287a7e8 : 0(0 size) total buffers - 0(0 size) used buffers - 12/15 (recycle/alloc) - 3/14 (fetch/transfer)
02-13 03:33:32.108  2980  5244 D AidlBufferPool: Destruction - bufferpool2 0xb400007ce287a7e8 cached: 0/0M, 0/0% in use; allocs: 15, 80% recycled; transfers: 14, 79% unfetched
02-13 03:33:32.108  2980 15226 D AidlBufferPool: bufferpool2 0xb400007ce287b468 : 0(0 size) total buffers - 0(0 size) used buffers - 0/0 (recycle/alloc) - 0/0 (fetch/transfer)
02-13 03:33:32.108  2980 15226 D AidlBufferPool: Destruction - bufferpool2 0xb400007ce287b468 cached: 0/0M, 0/0% in use; allocs: 0, 0% recycled; transfers: 0, 0% unfetched
02-13 03:33:32.108 12803 12803 I NotificationListener: [Service]v6.1.9-eap01 Received new notification
02-13 03:33:32.109  2661 10294 D AtlasEventUploadUtils: setEvent event:atlas_event_video_mediaplayer_state
02-13 03:33:32.109  2661 10294 W AMessage: failed to post message as target looper for handler 0 is gone.
02-13 03:33:32.109 12803 12967 I NotificationPipeline: Processing new notification: 0|com.ss.android.ugc.trill|982842340|app_notify_ame|10558
02-13 03:33:32.110  7057 10633 V OplusAtlasVideo: callback success event:atlas_event_video_mediaplayer_state eventInfo:STATE,-1,5337
02-13 03:33:32.110 12803 12967 I NotificationPipeline: Flushing notifications queue, size: 1
02-13 03:33:32.110 12803 12967 I NotificationPipeline: parseAndSendNotification: 0|com.ss.android.ugc.trill|982842340|app_notify_ame|10558, behavior=DEFAULT
02-13 03:33:32.111  5337  5337 I SystemUi--Notification: OplusLiveAlertNotificationsRepository-->onRankingApplied
02-13 03:33:32.111  5337  5348 V MediaPlayer: resetDrmState:  mDrmInfo=null mDrmProvisioningThread=null mPrepareDrmInProgress=false mActiveDrmScheme=false
02-13 03:33:32.111  5337  5348 V MediaPlayer: cleanDrmObj: mDrmObj=null mDrmSessionId=null
02-13 03:33:32.111  5337  5348 V MediaPlayer: resetDrmState:  mDrmInfo=null mDrmProvisioningThread=null mPrepareDrmInProgress=false mActiveDrmScheme=false
02-13 03:33:32.111  5337  5348 V MediaPlayer: cleanDrmObj: mDrmObj=null mDrmSessionId=null
02-13 03:33:32.111  5337  5348 D MediaPlayer: _release native called
02-13 03:33:32.111  2661 10294 D AudioTrack: [oplusAudioFade]stop mState STATE_FLUSHED, mIsTrackSupportFade 0
02-13 03:33:32.111  2661 10294 D AudioTrack: stop(1092): prior state:STATE_FLUSHED output 13 stream 0 session 8633
02-13 03:33:32.111  2661 10294 I AudioTrack: stopAndJoinCallbacks(1092) done
02-13 03:33:32.111  2661 10294 D AudioTrack: [oplusAudioFade]stop mState STATE_FLUSHED, mIsTrackSupportFade 0
02-13 03:33:32.111  2661 10294 D AudioTrack: stop(1092): prior state:STATE_FLUSHED output 13 stream 0 session 8633
02-13 03:33:32.111  2661 10294 I AudioTrack: stopAndJoinCallbacks(1092) done
02-13 03:33:32.111  2661 10294 D AudioTrack: ~AudioTrack(1092), releasing mStatus =0 session id 8633 from 2661 on behalf of 5337
02-13 03:33:32.111  2661 10294 D AudioTrack: [oplusAudioFade]stop mState STATE_FLUSHED, mIsTrackSupportFade 0
02-13 03:33:32.111  2661 10294 D AudioTrack: stop(1092): prior state:STATE_FLUSHED output 13 stream 0 session 8633
02-13 03:33:32.111  2661 10294 I AudioTrack: stopAndJoinCallbacks(1092) done
02-13 03:33:32.112  5337  5348 D MediaPlayer: _release native finished
02-13 03:33:32.112  5337  5348 D RingtonePlayer: play(token=android.os.BinderProxy@54410d, uri=file:///product/media/audio/ui/InCallNotification.ogg, uid=1000)
02-13 03:33:32.112  2274 17277 D AudioBoost: audioAppKeyThreadReport() pid 2661, tid -1, enable 0, inUid 0, eventIt -1, threadType -1, id 886
02-13 03:33:32.113  2274 17276 D AF::Track: destroy(886)
02-13 03:33:32.114  2274  3535 E AudioPolicyInterfaceImpl: checkSessionHasActiveClient mSessionLatestHandleList has no port for session = 8633
02-13 03:33:32.115  3634  3911 I IPCThreadState: oneway function results for code 10007 on binder at 0xb400006f17bffb00 will be dropped but finished with status UNKNOWN_TRANSACTION
02-13 03:33:32.116  5337  5348 D Vibrator: SystemVibrator Created
02-13 03:33:32.116  5337  5348 D MediaPlayer: MediaPlayer
02-13 03:33:32.117  5795  5795 I oplus_bt_dual_sync: [oplus_bt_dual_sync.cc:151] stack_down_sync_action: type=26, len=8
02-13 03:33:32.117  5795  5795 D bt_shim_hci: [hci_layer.cc:235] transmit_command: Sending command WRITE_PAGE_SCAN_ACTIVITY(0x0c1c)
02-13 03:33:32.117  5795  5795 E oplus_bt_dual_sync: [oplus_bt_dual_sync.cc:324] stack_down_sync_action: PagescanParameterChanged
02-13 03:33:32.117  2037  2251 D vendor.qti.bluetooth@1.0-ibs_handler: SerialClockVote: vote for UART CLK ON
02-13 03:33:32.118  2037  2251 D vendor.qti.bluetooth@1.0-wake_lock: Acquire wakelock is acquired 
02-13 03:33:32.118  2037  2251 I vendor.qti.bluetooth@1.0-ibs_handler: DeviceWakeUp: Writing IBS_WAKE_IND
02-13 03:33:32.121  2661 10294 I HidlServiceManagement: Trying to get transport of android.hardware.media.omx@1.0::IOmx/default without hwservicemanager
02-13 03:33:32.121 12803 12967 I ional:transport: AssetManager2(0xb400006f359f3e28) locale list changing from [] to [en-MM]
02-13 03:33:32.122  2037  6602 I vendor.qti.bluetooth@1.0-ibs_handler: ProcessIbsCmd: Received IBS_WAKE_ACK: 0xFC
02-13 03:33:32.122  2037  6602 I vendor.qti.bluetooth@1.0-ibs_handler: ProcessIbsCmd: Signal wack_cond_
02-13 03:33:32.122  2037  2251 D vendor.qti.bluetooth@1.0-ibs_handler: DeviceWakeUp: Unblocked from waiting for FC, pthread_cond_timedwait ret = 0
02-13 03:33:32.123  2037  6602 I vendor.qti.bluetooth@1.0-ibs_handler: ProcessIbsCmd: Received IBS_WAKE_IND: 0xFD
02-13 03:33:32.123  2037  6602 I vendor.qti.bluetooth@1.0-ibs_handler: ProcessIbsCmd: Writing IBS_WAKE_ACK
02-13 03:33:32.124  5795  6102 D bt_shim_hci: [hci_layer.cc:196] OnTransmitPacketCommandComplete: Received cmd complete for WRITE_PAGE_SCAN_ACTIVITY(0x0c1c)
02-13 03:33:32.124  5337  5337 E LockScreenNotificationDispatcherImp: updateNotificationListOnKg size:0
02-13 03:33:32.125  5337  5337 I SystemUi--Notification: LockScreenNotificationDispatcherImp-->updateNotificationListOnKg resultCode: 0
02-13 03:33:32.125  6789  6789 I id.ext.services: AssetManager2(0xb400007044964128) locale list changing from [] to [en-MM]
02-13 03:33:32.125  2274  3543 D AudioMixerBaseExtImpl: holoAudio, removeSingleTrackMetaInfo track:886
02-13 03:33:32.125  2274  3543 D HoloAudio::OplusSoundObject: File:OplusSoundObject.cpp, Func:DestroySndObjGp, Line:1536, DestroySndObjGp sndObjGp size 2, chnNums 2.
02-13 03:33:32.126  2661 10294 W mediaserver: AIBinder_linkToDeath is being called with a non-null cookie and no onUnlink callback set. This might not be intended. AIBinder_DeathRecipient_setOnUnlinked should be called first.
02-13 03:33:32.127  2661 10294 W mediaserver: AIBinder_linkToDeath is being called with a non-null cookie and no onUnlink callback set. This might not be intended. AIBinder_DeathRecipient_setOnUnlinked should be called first.
02-13 03:33:32.127  2661 10294 W mediaserver: AIBinder_linkToDeath is being called with a non-null cookie and no onUnlink callback set. This might not be intended. AIBinder_DeathRecipient_setOnUnlinked should be called first.
02-13 03:33:32.134  2656 26543 D OplusMPEG4Extractor: [BetterSniffMPEG4:L8118] 0 A:0 V:0
02-13 03:33:32.137  5337  5348 D Ringtone: Successfully created local player
02-13 03:33:32.143  3634  4862 V AlarmManager: sending alarm Alarm{cc8f12e type 0 origWhen 1770953604643 whenElapsed 84140606 com.guangjvxingtu.chatgc} uid 10757 whenElapsed 84140606 windowLength 7500 maxWhenElapsed 84148106 repeatInterval 0 action MqttService.pingSender.android-12735-paho84111532702443 component null flags 0x4 procName com.guangjvxingtu.chatgc
02-13 03:33:32.149  5337  5348 D AudioManagerExtImpl: getStreamVolume packageName=com.android.systemui, index=5, streamType=0
02-13 03:33:32.149  5337  5348 D MediaPlayer: MediaPlayer start called
02-13 03:33:32.150  5337  5337 D MediaRouter: onRestoreRoute() : route=RouteInfo{ name=Phone, description=null, status=null, category=RouteCategory{ name=System types=ROUTE_TYPE_LIVE_AUDIO ROUTE_TYPE_LIVE_VIDEO  groupable=false }, supportedTypes=ROUTE_TYPE_LIVE_AUDIO ROUTE_TYPE_LIVE_VIDEO , presentationDisplay=null }
02-13 03:33:32.150  5337  5337 V MediaRouter: Selecting route: RouteInfo{ name=Phone, description=null, status=null, category=RouteCategory{ name=System types=ROUTE_TYPE_LIVE_AUDIO ROUTE_TYPE_LIVE_VIDEO  groupable=false }, supportedTypes=ROUTE_TYPE_LIVE_AUDIO ROUTE_TYPE_LIVE_VIDEO , presentationDisplay=null }
02-13 03:33:32.151  8905 15072 I dyyr    : (REDACTED) appOpsListener %s %s
02-13 03:33:32.151  8905 15072 I dyyr    : (REDACTED) Ignoring irrelevant audio permission changes for package %s
02-13 03:33:32.152  2274  3535 D AudioPolicyService: updateUidStates_l() current->uid=10778 current->pid=14995 allowCapture=1 UidState=4 apmStat=1
02-13 03:33:32.152 30350 30350 D AlarmPingSender: Sending Ping at:1770953612152
02-13 03:33:32.153 30350 30350 D AlarmPingSender: Schedule next alarm at 1770953622153
02-13 03:33:32.153 30350 30350 D AlarmPingSender: Alarm scheule using setExactAndAllowWhileIdle, next: 10000
02-13 03:33:32.156  2661 21315 D AtlasEventUploadUtils: setEvent event:atlas_event_audio_filename
02-13 03:33:32.158  2274  6646 D DeviceHalAidl: [default] getParameters: keys: "is_hw_dec_session_available=audio/vorbis"
02-13 03:33:32.159  2048  2104 D AHAL_ModulePrimary_QTI: getVendorParameters: id count: 1
02-13 03:33:32.159  2048  2104 D AHAL_ModulePrimary_OPLUS: getParameters: key: is_hw_dec_session_available
02-13 03:33:32.159  2048  2104 E AHAL_ModulePrimary_QTI: getVendorParameters: handled parameters 0 requested 1
02-13 03:33:32.159  2274  6646 E ConversionHelperAidl: Function: parseAndGetVendorParameters Line: 51 Failed 
02-13 03:33:32.159  2274  6646 D DeviceHalAidl: [usb] getParameters: keys: "is_hw_dec_session_available=audio/vorbis"
02-13 03:33:32.159  2274  6646 E ConversionHelperAidl: Function: parseAndGetVendorParameters Line: 51 Failed 
02-13 03:33:32.159  2274  6646 D DeviceHalAidl: [r_submix] getParameters: keys: "is_hw_dec_session_available=audio/vorbis"
02-13 03:33:32.159  2274  6646 E ConversionHelperAidl: Function: parseAndGetVendorParameters Line: 51 Failed 
02-13 03:33:32.159  2274  6646 D DeviceHalAidl: [bluetooth] getParameters: keys: "is_hw_dec_session_available=audio/vorbis"
02-13 03:33:32.159  2274  6646 E ConversionHelperAidl: Function: parseAndGetVendorParameters Line: 51 Failed 
02-13 03:33:32.159  2274  6646 D DeviceHalAidl: [binaural_record] getParameters: keys: "is_hw_dec_session_available=audio/vorbis"
02-13 03:33:32.159  2274  6646 E ConversionHelperAidl: Function: parseAndGetVendorParameters Line: 51 Failed 
02-13 03:33:32.159  2274  6646 D DeviceHalAidl: [virtual] getParameters: keys: "is_hw_dec_session_available=audio/vorbis"
02-13 03:33:32.159  2274  6646 E ConversionHelperAidl: Function: parseAndGetVendorParameters Line: 51 Failed 
02-13 03:33:32.160  2661 21319 W libc    : Access denied finding property "vendor.debug.stagefright.mediacodec.trace"
02-13 03:33:32.160  2661 21319 W libc    : Access denied finding property "persist.vendor.media.c2.frameworks.buffercount.trace"
02-13 03:33:32.160  2661 21319 W libc    : Access denied finding property "persist.vendor.media.c2.frameworks.buffercount.trace"
02-13 03:33:32.161  2661 21319 W libc    : Access denied finding property "persist.vendor.media.c2.frameworks.buffercount.trace"
02-13 03:33:32.161  2661 21319 W libc    : Access denied finding property "persist.vendor.media.c2.frameworks.buffercount.trace"
02-13 03:33:32.161  2675  2741 D AtlasService: Update top activity name: mUpdateActivityTime=84062740 currentTime=84148123 isSetEvent=0
02-13 03:33:32.163 12803 12967 I UserProfileHelper: getPrivateSpace for user UserHandle{0}
02-13 03:33:32.163 12803 12967 I UserProfileHelper: userProperties.showInQuietMode=PAUSED
02-13 03:33:32.163 12803 12967 I NotificationActionCache: put content intent: 2ed4dc77-6684-45b3-b23c-841f7b28283a
02-13 03:33:32.163 12803 12967 I NotificationActionCache: put action: f484801a-38dc-4128-8c3a-a509f26057b7
02-13 03:33:32.163  2037  6602 I vendor.qti.bluetooth@1.0-ibs_handler: ProcessIbsCmd: Received IBS_SLEEP_IND: 0xFE
02-13 03:33:32.163  7057 10633 V OplusAtlasVideo: callback success event:atlas_event_video_update_top_activity eventInfo:
02-13 03:33:32.166  2980  5244 D AidlBufferPool: bufferpool2 0xb400007ce287ace8 : 0(0 size) total buffers - 0(0 size) used buffers - 0/0 (recycle/alloc) - 0/0 (fetch/transfer)
02-13 03:33:32.167  7057 10633 D OplusAtlasVideo: Update top activity name: com.imback.room.core.RoomActivity
02-13 03:33:32.166  2980  5244 D AidlBufferPool: bufferpool2 0xb400007cd665b6e8 : 0(0 size) total buffers - 0(0 size) used buffers - 24744/25167 (recycle/alloc) - 799/25167 (fetch/transfer)
02-13 03:33:32.167  2980  5244 D AidlBufferPool: bufferpool2 0xb400007cd665c0e8 : 0(0 size) total buffers - 0(0 size) used buffers - 0/0 (recycle/alloc) - 0/0 (fetch/transfer)
02-13 03:33:32.167  2980  5244 D AidlBufferPool: bufferpool2 0xb400007cd665ede8 : 0(0 size) total buffers - 0(0 size) used buffers - 0/0 (recycle/alloc) - 0/0 (fetch/transfer)
02-13 03:33:32.167  2980  5244 D AidlBufferPool: bufferpool2 0xb400007ce287bbe8 : 3(12288 size) total buffers - 3(12288 size) used buffers - 29/32 (recycle/alloc) - 3/32 (fetch/transfer)
02-13 03:33:32.167  2980  5244 D AidlBufferPool: bufferpool2 0xb400007cd665d4e8 : 0(0 size) total buffers - 0(0 size) used buffers - 0/0 (recycle/alloc) - 0/0 (fetch/transfer)
02-13 03:33:32.167  2980  5244 D AidlBufferPool: bufferpool2 0xb400007cd665b1e8 : 3(24576 size) total buffers - 3(24576 size) used buffers - 11/14 (recycle/alloc) - 5/14 (fetch/transfer)
02-13 03:33:32.167  2980  5244 D AidlBufferPool: bufferpool2 0xb400007ce287e168 : 0(0 size) total buffers - 0(0 size) used buffers - 0/0 (recycle/alloc) - 0/0 (fetch/transfer)
02-13 03:33:32.167  2980  5244 D AidlBufferPool: bufferpool2 0xb400007cb60571e8 : 4(32768 size) total buffers - 4(32768 size) used buffers - 11/15 (recycle/alloc) - 4/15 (fetch/transfer)
02-13 03:33:32.168  2661  5221 D AidlBufferPool: bufferpool2 0xb4000074bd90b168 : 4(32768 size) total buffers - 4(32768 size) used buffers - 24383/25379 (recycle/alloc) - 2172/25275 (fetch/transfer)
02-13 03:33:32.168  2661 21320 W mediaserver: AIBinder_linkToDeath is being called with a non-null cookie and no onUnlink callback set. This might not be intended. AIBinder_DeathRecipient_setOnUnlinked should be called first.
02-13 03:33:32.168  2661 21320 D CCodecConfig: read media type: audio/vorbis
02-13 03:33:32.169 12803 12967 I NTF_WuyiHandler: Health_onNotificationParsed: 0|com.ss.android.ugc.trill|982842340|app_notify_ame|10558, 17, 1770953611896
02-13 03:33:32.170  2661 21320 D ReflectedParamUpdater: extent() != 1 for single value type: algo.buffers.max-count.values
02-13 03:33:32.170  2661 21320 D ReflectedParamUpdater: extent() != 1 for single value type: output.subscribed-indices.values
02-13 03:33:32.170  2661 21320 D ReflectedParamUpdater: extent() != 1 for single value type: input.buffers.allocator-ids.values
02-13 03:33:32.170  2661 21320 D ReflectedParamUpdater: extent() != 1 for single value type: output.buffers.allocator-ids.values
02-13 03:33:32.170  2661 21320 D ReflectedParamUpdater: extent() != 1 for single value type: algo.buffers.allocator-ids.values
02-13 03:33:32.170  2661 21320 D ReflectedParamUpdater: extent() != 1 for single value type: output.buffers.pool-ids.values
02-13 03:33:32.170  2661 21320 D ReflectedParamUpdater: extent() != 1 for single value type: algo.buffers.pool-ids.values
02-13 03:33:32.172  2661 21320 I CCodecConfig: query failed after returning 8 values (BAD_INDEX)
02-13 03:33:32.173 12803 13068 I NTF_Intercept: Health_intercept: mainSwitch=true
02-13 03:33:32.174  2661 21319 W ServiceManagerCppClient: Failed to get isDeclared for media_quality: Status(-1, EX_SECURITY): 'SELinux denied for service.'
02-13 03:33:32.174  2661 21319 E MediaCodec: Media Quality Service not found.
02-13 03:33:32.174  2661 21320 W AString : ctor got NULL, using empty string instead
02-13 03:33:32.174 12803 13068 I NTF_Intercept: Health_intercept: screenOnSwitch=true, screenOffOrLocked=false
02-13 03:33:32.175  2661 21320 I CCodecConfig: query failed after returning 8 values (BAD_INDEX)
02-13 03:33:32.175  2661 21320 E mediaserver: Failed to query component interface for required system resources: 6
02-13 03:33:32.176  2661 21320 D AidlBufferPool: bufferpool2 0xb4000074c1eaf468 : 10(70778880 size) total buffers - 10(70778880 size) used buffers - 33990/35159 (recycle/alloc) - 3474/35101 (fetch/transfer)
02-13 03:33:32.176  2661 21320 D AidlBufferPool: bufferpool2 0xb400007492326fe8 : 0(0 size) total buffers - 0(0 size) used buffers - 0/135 (recycle/alloc) - 135/170 (fetch/transfer)
02-13 03:33:32.177  2980  5244 E Codec2-ComponentInterface: We have a failed config
02-13 03:33:32.178  2661 21320 D CCodecBuffers: [c2.android.vorbis.decoder#104:1D-Output.Impl[N]] converted 0 buffers to array mode of 4
02-13 03:33:32.178 20918 21322 W System.err: FlagsHookHelper: skip hook flags method getInstanceHook
02-13 03:33:32.180  2980 21321 D SimpleC2Component: Using output block pool with poolID 1525 => got 1525 - 0
02-13 03:33:32.180  2661 21320 W mediaserver: AIBinder_linkToDeath is being called with a non-null cookie and no onUnlink callback set. This might not be intended. AIBinder_DeathRecipient_setOnUnlinked should be called first.
02-13 03:33:32.181 12803 13068 I NTF_TransportIconHolder: Health_getSmallIconCache: key=0|com.ss.android.ugc.trill|982842340|app_notify_ame|10558_force_large_icon, no cache
02-13 03:33:32.182  2980 21321 W mediaswcodec: AIBinder_linkToDeath is being called with a non-null cookie and no onUnlink callback set. This might not be intended. AIBinder_DeathRecipient_setOnUnlinked should be called first.
02-13 03:33:32.184  2661 21319 I ExtendedNuUtils: Both src and dst missing for bit-width
02-13 03:33:32.184  2661 21319 I ExtendedNuUtils: Overriding durationUs: with 64 bit src value 237395
02-13 03:33:32.186  2661 21318 I AudioTrack: set(): type=audio,case=1,attributes=1,content_type=4,usage=2,source=-1,flags=0x800
02-13 03:33:32.186  2661 21318 D AudioTrackExtImpl: AudioTrackExtImpl init
02-13 03:33:32.186  2661 21318 D AudioTrack: set(): streamType 0, sampleRate 48000, format 0x1, channelMask 0x1, frameCount 24000, flags #2, notificationFrames 0, sessionId 8657, transferType 0, uid 10266, pid 5337
02-13 03:33:32.186  2661 21318 D AudioTrackExtImpl: doSchedBoost, set mediaserver task boost, pid=2661, tid=21318, enable=1, ret=0
02-13 03:33:32.186  2661 21318 D AudioTrackExtImpl: doSchedBoost, set audioapp task boost, pid=2661, tid=21318, enable=1, ret=0
02-13 03:33:32.186  2274  5198 D AudioBoost: audioSchedBoost, pid=2274, tid=5198, enable=1, ret=0
02-13 03:33:32.186  2274  5198 D AudioFlingerExtImpl: addActiveAudioSession, add 8657, uid 10266, map size 6
02-13 03:33:32.186  2274  5198 D AudioFlingerExtImpl: updateSelectDevByRedirectSetting: clientUid=10266, pid=5337
02-13 03:33:32.186  2274  5198 D AudioFlingerExtImpl: updateSelectDevByRedirectSetting: mOplusRedirectOutputSupport=0, mOplusRedirectOutputEnable=0
02-13 03:33:32.186  2274  5198 D APM_AudioPolicyManager: Delete Direct output flags for not force direct app
02-13 03:33:32.186  2274  5198 D AudioPolicyManagerExtImpl: oplusForceSpatialized return false; spatial not support current device
02-13 03:33:32.186  2274  5198 D APM_AudioPolicyManager: mSpatializerOutput is not null, canBeSpatializedInt=0, forceSpatialized:0 forceMss 0 forceMeta 0
02-13 03:33:32.187  2274  5198 D AudioBoost: audioSchedBoost, pid=2274, tid=5198, enable=1, ret=0
02-13 03:33:32.187  2274  5198 D AudioFlinger: createTrack_l output(13) original frameCount 24000  mNormalFrameCount 960 mFrameCount(hal) 192 minFrameCount 2886 notificationsPerBuffer 0 mSampleRate 48000 halLatencyMs 61
02-13 03:33:32.187  2274  5198 D AudioFlinger: Client defaulted notificationFrames to 12000 for frameCount 24000
02-13 03:33:32.187  2274  5198 D AudioFlinger: createTrack_l output(13) final frameCount 24000 for track session 8657 , mFrameCount 192, mNormalFrameCount 960, notificationFrameCount 12000
02-13 03:33:32.187  2274  5198 I AF::PthrPatchRecord: creating track with enforcement level 0
02-13 03:33:32.187  2274  5198 D AudioFlinger_PlaybackThread_TrackExtImpl: HoloAudio, create track pkg name:com.android.systemui
02-13 03:33:32.187  2675  2741 D HoloAudio::SpecailizerPLService_Aidl: getMetaInfoByPkgName, pos:0.000000, 0.000000, 0.000000;gain:0.000000;sceneID:0;denyFast:true;voipApp:false;fadeInStyle:0;fadeOutStyle:0;pkgName:com.android.systemui;
02-13 03:33:32.188  2274  5198 D AudioFlingerExtImpl: HoloAudio: audioFlingerExt getMetaInfo valueis:pos:0.000000, 0.000000, 0.000000;gain:0.000000;sceneID:0;denyFast:true;voipApp:false;fadeInStyle:0;fadeOutStyle:0;pkgName:com.android.systemui;
02-13 03:33:32.188  2274  5198 D AudioFlinger_PlaybackThread_TrackExtImpl: HoloAudio, add metainfo for track app:com.android.systemui, scene: 10
02-13 03:33:32.188  2274  5198 I AF::Track: Track, track(0xb40000773f810c00): mFastIndex -1, mStreamType 0, mId 889, mPortId 1097, mFrameCount 24000, mSampleRate 48000, mFormat 1, mChannelCount 1, thread 0xb40000773f9bdf80, sessionId 8657, AudioOut_D, primary-6
02-13 03:33:32.188  2274  5198 D AudioBoost: audioSchedBoost, pid=2274, tid=5198, enable=0, ret=0
02-13 03:33:32.188  2274  5198 D AudioBoost: audioSchedBoost, pid=2274, tid=5198, enable=0, ret=0
02-13 03:33:32.188  2661 21318 D AudioTrack: createTrack state 0 output.outputId=13
02-13 03:33:32.189  2274  5198 E ConversionHelperAidl: Function: parseAndGetVendorParameters Line: 55 Failed 
02-13 03:33:32.189  2661 21318 I AudioTrack: createTrack_l(1097) on outputId(13) : 0xb4000074bd8b6200, mCblk = 0x756822f000,  mLatency = 561, mAfLatency = 61, frameCount = 24000, mSampleRate = 48000, mFlags = 0x2, mReqFrameCount = 24000, mNotificationFramesAct = 12000
02-13 03:33:32.190  2661 21318 D AudioTrackExtImpl: doSchedBoost, set mediaserver task boost, pid=2661, tid=21318, enable=0, ret=0
02-13 03:33:32.190  2661 21318 D AudioTrackExtImpl: doSchedBoost, set audioapp task boost, pid=2661, tid=21318, enable=0, ret=0
02-13 03:33:32.190  2661 21318 E AudioTrackExtImpl: get fade type, but return null, pid 5337, uid 10266
02-13 03:33:32.190  2661 21318 D AudioTrackExtImpl: getPopOptimizeFlush 1
02-13 03:33:32.190  2661 21318 D AudioTrack: set: pop_optimize mIsPopOptimizeSupport:1, mIsPopOptimizeFlush:1
02-13 03:33:32.190  2661 21318 D AudioTrack: setVolume(1097) left 0.100 right 0.100 , callingPid 2661
02-13 03:33:32.190  2274  3580 D AudioFlinger: updateWakeLockUids_l AudioOut_25 uids:
02-13 03:33:32.190  2274  3571 D AudioFlinger: updateWakeLockUids_l AudioOut_15 uids:
02-13 03:33:32.190  2274  3575 D AudioFlinger: updateWakeLockUids_l AudioOut_1D uids:
02-13 03:33:32.190  2274  3614 D AudioFlinger: updateWakeLockUids_l AudioOut_45 uids:
02-13 03:33:32.190  2274  3782 D AudioFlinger: updateWakeLockUids_l AudioOut_55 uids:
02-13 03:33:32.191  2274  4976 D AudioFlinger: updateWakeLockUids_l AudioOut_5D uids:
02-13 03:33:32.192  2661 21318 D AudioTrack: setVolume(1097) left 0.100 right 0.100 , callingPid 2661
02-13 03:33:32.192  2661 21318 D AudioTrack: start(1097): prior state:STATE_STOPPED output 13 stream 0 session 8657
02-13 03:33:32.192  2274  5198 D AF::Track: start(889): calling pid 2661 portId 1097 session 8657 thresholdFrames 24000 mFrameCount 24000
02-13 03:33:32.192  2274  5198 D AudioBoost: audioSchedBoost, pid=2274, tid=5198, enable=1, ret=0
02-13 03:33:32.192  2274  5198 D AudioBoost: AudioUclampBoost: set invalid schedMinValue: 1025, ignored
02-13 03:33:32.192  2274  5198 D AudioBoost: AudioUclampBoost: sched_setattr success. attr(flags 120, min 1024, max 1024, tid 5198, enable 1)
02-13 03:33:32.192  2274  5198 E AudioBoost: start  AudioUclampBoost pid:2274 tid:5198 sucess
02-13 03:33:32.192  2274  3535 D AudioPolicyEffects: addOutputSessionEffects(): no output processing needed for this stream
02-13 03:33:32.192  2274  3535 D APM_AudioPolicyManager: startOutput() output 13, stream 0, portId 1097, session 8657
02-13 03:33:32.192  2274  3534 D AudioFlingerExtImpl: AudioFlingerExtImpl oplusSetParameters: keyvalue volumeStreamAction=start;volumeStreamType=0
02-13 03:33:32.192  2274  3534 D DeviceHalAidl: [default] setParameters: parameters: "volumeStreamAction=start;volumeStreamType=0"
02-13 03:33:32.193  2048  2104 D AHAL_ModulePrimary_OPLUS: processSetVendorParameters: kvpairs: volumeStreamAction=start;volumeStreamType=0;
02-13 03:33:32.193  2274  3534 D DeviceHalAidl: [usb] setParameters: parameters: "volumeStreamAction=start;volumeStreamType=0"
02-13 03:33:32.193  2274  3534 E ConversionHelperAidl: Function: parseAndSetVendorParameters Line: 94 Failed 
02-13 03:33:32.193  2274  3534 D DeviceHalAidl: [r_submix] setParameters: parameters: "volumeStreamAction=start;volumeStreamType=0"
02-13 03:33:32.193 12803 13068 I NTF_Converter: Health_getSmallIcon onResult: 4662, 48, 48
02-13 03:33:32.193  2048  2104 D AHAL_ModuleRemoteSubmix: setVendorParameters: parameter count 2, async: 0
02-13 03:33:32.193  2274  3534 D DeviceHalAidl: [bluetooth] setParameters: parameters: "volumeStreamAction=start;volumeStreamType=0"
02-13 03:33:32.193  2274  3534 E ConversionHelperAidl: Function: parseAndSetVendorParameters Line: 94 Failed 
02-13 03:33:32.193  2274  3534 D DeviceHalAidl: [binaural_record] setParameters: parameters: "volumeStreamAction=start;volumeStreamType=0"
02-13 03:33:32.193  2274  3534 D DeviceHalAidl: [virtual] setParameters: parameters: "volumeStreamAction=start;volumeStreamType=0"
02-13 03:33:32.193  2274  3534 E ConversionHelperAidl: Function: parseAndSetVendorParameters Line: 94 Failed 
02-13 03:33:32.193  2274  3535 D APM_AudioPolicyManager: setOutputDevice() output 13 device {AUDIO_DEVICE_OUT_SPEAKER, @:} force 0 delayMs 0
02-13 03:33:32.193  2274  3535 D APM_AudioPolicyManager: FastGameEffect output 13 device {AUDIO_DEVICE_OUT_SPEAKER, @:}
02-13 03:33:32.193  2274  3535 D OplusFastGameEffect: FastGameSetOutputDevices set same device, no need update
02-13 03:33:32.194  2274  3535 D AudioPolicyInterfaceImpl: mSessionLatestHandleList add Item on session 8657, port = 1097
02-13 03:33:32.194  2274  5198 D AudioFlingerExtImpl: updateMetaScenes mMetaScenesOwnerMap[4]=[0,-1]
02-13 03:33:32.194  2274  5198 D AudioFlingerExtImpl: updateMetaScenes mMetaScenesOwnerMap[5]=[0,-1]
02-13 03:33:32.194  2274  5198 D AudioFlingerExtImpl: HoloAudio, onGetSceHomePos scene:10, pos:[-5.000000|-5.000000|2.800000]
02-13 03:33:32.194  2274  5198 D AudioFlingerExtImpl: setWhiteAppPlayStartTime, streamType 0, uid 10266
02-13 03:33:32.194  2274  5198 D AudioFlinger_PlaybackThreadExtImpl: FastGameEffect: checkFastEffectServType has appeared uid 10266, check by persist map, pkgName = , use count = 84, map size = 9
02-13 03:33:32.194  2274  5198 D AudioFlinger_PlaybackThreadExtImpl: HoloAudio:addActiveTrack,isSpatialzierTrackPlaying:0 isMetaTrackPlaying:1 isMetaTrack:1
02-13 03:33:32.194  2274  5198 D AudioFlingerExtImpl: getSplitScreenSwitch: screenSwitch = 0
02-13 03:33:32.194  2274  5198 D AudioFlinger_PlaybackThreadExtImpl: notifyAudioTrackCreate event:atlas_event_audio_track_create info:pid:5337,sessionId:8657,streamType:0,sampleRate:48000,format:1,startvl:0.100,startvr:0.100,balance:0.000,channelcount:1,flags:6,deviceTypes:2,hasFastMixer:1,isOffloadThread:0,isSpatialized:0,id:13,effectChains:0,frameCount:24000,requestFC:24000,minFC:2886,metaAudioScene:0,metaAudioPos:[0.0|0.0|0.0],window_rendering:0
02-13 03:33:32.194  2274  5198 D AtlasEventUploadUtils: setEvent event:atlas_event_audio_track_create
02-13 03:33:32.194  3634  4078 W QosScheduler: executeSceneQosStrategy failed! qos feature no enable
02-13 03:33:32.194  3634  6802 I OStatsManager_Calc: noteAudio: uid = 10266, start = true
02-13 03:33:32.194  2274  5198 D AudioFlinger_PlaybackThreadExtImpl: FastGameEffect: checkFastEffectServType has appeared uid 10266, check by persist map, pkgName = , use count = 85, map size = 9
02-13 03:33:32.194  2274  5198 D AudioTrackServerProxyExtImpl: AudioTrackServerProxyExtImpl init
02-13 03:33:32.194  2274  5198 D AudioTrackServerProxyExtImpl: audioTrackServerProxyTest
02-13 03:33:32.194  2274  5198 D AudioTrackServerProxyExtImpl: audioTrackServerProxy, initialize
02-13 03:33:32.194  2274  5198 D AudioTrackServerProxyExtImpl: initSupportAudioRamp ,  mIsSupport = 0.
02-13 03:33:32.195  3634  4716 I IPCThreadState: oneway function results for code 10006 on binder at 0xb400006f17bffb00 will be dropped but finished with status UNKNOWN_TRANSACTION
02-13 03:33:32.195  3634  5722 E AppOps  : attributionTag  not declared in manifest of com.android.systemui
02-13 03:33:32.195  2675  2743 D EventTest: handleEvent atlas_event_audio_track_create pid:5337,sessionId:8657,streamType:0,flags:6,deviceTypes:2,hasFastMixer:1
02-13 03:33:32.195  2675  2741 D HoloAudio::SpecailizerPLService_Aidl: callClient:clientID:0 exist:0, event:5, isOneWay:1
02-13 03:33:32.195  2675  2741 D HoloAudio::SpecailizerPLService_Aidl: onPlayStateChange() scene:10, playState:1, name:com.android.systemui
02-13 03:33:32.195  3634  5722 E AppOps  : attributionTag  not declared in manifest of com.android.systemui
02-13 03:33:32.195  2274  5198 D AudioBoost: audioSchedBoost, pid=2274, tid=5198, enable=0, ret=0
02-13 03:33:32.195  2274  5198 D AudioBoost: AudioUclampBoost: set invalid schedMinValue: 1025, ignored
02-13 03:33:32.195  2274  5198 D AudioBoost: AudioUclampBoost: sched_setattr success. attr(flags 120, min 0, max 1024, tid 5198, enable 0)
02-13 03:33:32.195  2274  5198 E AudioBoost: stop  AudioUclampBoost pid:2274 tid:5198 sucess
02-13 03:33:32.195  2274  6646 D AudioBoost: audioAppKeyThreadReport() pid 2661, tid 21318, enable 1, inUid 0, eventIt -1, threadType 0, id 889
02-13 03:33:32.195  2274  6646 D AudioBoost: audioAppKeyThreadReport(), restore boost for threadType 0, tid 21318
02-13 03:33:32.196  2274  3526 D AudioBoost: startBoostForWake mId 889, p 2661, t 21318, wp 2661, wt 21318.
02-13 03:33:32.196  2274  3526 D AudioBoost: audioSchedBoost, pid=2661, tid=21318, enable=1, ret=0
02-13 03:33:32.196  2661 21318 D AudioTrackExtImpl: doSchedBoost, set mediaserver task boost, pid=2661, tid=21318, enable=1, ret=0
02-13 03:33:32.196  2661 21318 D AudioTrackExtImpl: doSchedBoost, set audioapp task boost, pid=2661, tid=21318, enable=1, ret=0
02-13 03:33:32.196  2274  5197 D AudioBoost: audioAppKeyThreadReport() pid 2661, tid 21318, enable 1, inUid 0, eventIt -1, threadType 1, id 889
02-13 03:33:32.196  2274  5197 D AudioBoost: appThreadInfo update:start 21318, write 21318, cbk -1 read -1
02-13 03:33:32.196 12803 13068 I ClientManager: Health_getService name:iheytap,pingBinder:true
02-13 03:33:32.197  7057 10656 D OplusAtlasService: isAppInRecording result :false
02-13 03:33:32.197 12803 13068 I WLogB   : Health_MessageHandler sendMessage: find Olink to OAF route 2 to urns:[oaf:com.heytap.health.watch.oaf.NotificationAgent#wear:notification#?]
02-13 03:33:32.197 12803 13068 I WLogB   : Health_MessageHandler sendMessage: seq=951 sid=2 cid=202 route=1 ser=32 e=0 cache=false
02-13 03:33:32.198 12803 13068 I WLogB   : Health_MessageHandler sendMessage: seq=951 sid=2 cid=202 fire=1
02-13 03:33:32.198 12803 13068 I NTF_TransportIconHolder: Health_putSmallIconCache: update icon cache, 0|com.ss.android.ugc.trill|982842340|app_notify_ame|10558_force_large_icon
02-13 03:33:32.199 12803 21323 I WLogB   : Health_NotificationA#5e1fa8f sendMessage: seq=951 202 len=4765 secure=false conn=209563016423825900
02-13 03:33:32.200  2661 21318 D AudioTrack: [oplusAudioFade]stop mState STATE_ACTIVE, mIsTrackSupportFade 0
02-13 03:33:32.200  2661 21318 D AudioTrack: stop(1097): prior state:STATE_ACTIVE output 13 stream 0 session 8657
02-13 03:33:32.200  2661 21318 D AudioTrack: stop(1097): called with 11395 frames delivered
02-13 03:33:32.200  3634  4717 E AppOps  : attributionTag  not declared in manifest of com.android.systemui
02-13 03:33:32.200  3634  4717 E AppOps  : attributionTag  not declared in manifest of com.android.systemui
02-13 03:33:32.200  2661 21318 I AudioTrack: stop(1097): 0xb4000074bd8b6200 stop done
02-13 03:33:32.201  5784  5784 D SysBroadcastReceiver: android.media.ACTION_AUDIO_PLAYBACK_STATE_CHANGED
02-13 03:33:32.201 12803 21323 V AF.SDK.BaseAdapter: sendData,connectionId:209563016423825900,channelId:1,dataLen:6144,compatibleVersion:1
02-13 03:33:32.202  5784  5784 D SysBroadcastReceiver: EventId=1010003	ID_AUDIO_PLAYBACK_STATE_CHANGED	TimeStamp =1770953612201	Intent =Intent { act=android.media.ACTION_AUDIO_PLAYBACK_STATE_CHANGED flg=0x4000010 xflg=0x4 (has extras) }	Content =null	Pid =0	PkgName =null
02-13 03:33:32.203  5784  8411 I ConferenceScene: audioPlayStateChanged 5337 10266 true
02-13 03:33:32.204 12803 13068 I ClientManager: Health_getService name:DeviceManager,pingBinder:true
02-13 03:33:32.204  9398 10369 I PTC.DATATRANS.ServiceDescriptionCache: getLocalServiceDescription, cache size is=119
02-13 03:33:32.206  2274  3543 D AudioMixer: create mTempOutMetaAudio.get() 0xb40000770807a200, pTempOutMetaAudio 0x0 track id 889
02-13 03:33:32.206  2274  3543 D AudioFlinger: prepareTracks_l: track 889 sid 8657 s=00000000 [OK] on thread 13, framesReady=11395, minFrames=1, isReady=1, isTerminated=0, isShare=1, Ignor=0, desirFs=962
02-13 03:33:32.206  2274  3543 D AudioFlinger: updateWakeLockUids_l AudioOut_D uids:10266 10711 
02-13 03:33:32.208  5337  5337 W AudioSystem-JNI: Unknown native audio format for JAVA API: 503316496
02-13 03:33:32.208  5337  5337 W AudioSystem-JNI: Unknown native audio format for JAVA API: 503316736
02-13 03:33:32.209 12803 13068 I ClientManager: Health_getService name:iheytap,pingBinder:true
02-13 03:33:32.209 12803 21323 I WLogB   : Health_NotificationA#5e1fa8f send cid=202 success=1 failed=0 seq=951
02-13 03:33:32.209  5795  6704 I bt_btif_sock_rfcomm: [btif_sock_rfc.cc:1242]  btsock_rfc_signaled: find_rfc_slot_by_id
02-13 03:33:32.210  9398 24505 I PTC.DATATRANS.BtRfConnection: BT WRITE Len:982,cost:1
02-13 03:33:32.210  5795  6093 D bt_bta_dm: [bta_dm_act.cc:1090] bta_dm_rm_cback: BTA Role management callback count:0 status:BTA_SYS_CONN_BUSY peer:xx:xx:xx:xx:ac:36
02-13 03:33:32.210  5795  6093 D bt_device_interop: [interop_oplus.cc:614] interop_oplus_match_addr: OplusGapNotDoSniffSubrating, check xx:xx:xx:xx:ac:36 return false
02-13 03:33:32.210  5795  6093 D bt_device_interop: [interop_oplus.cc:626]  interop_oplus_match_name_impl:[OplusGapNotDoSniffSubrating] check ****lus Watch 3 0697 return 0
02-13 03:33:32.210  5795  6093 D bt_device_interop: [interop_oplus.cc:626]  interop_oplus_match_name_impl:[OplusGapNotDoSniffSubrating] check ****en's OnePlus Watch 3 return 0
02-13 03:33:32.210  5795  6093 D bt_device_interop: [interop_oplus.cc:797] interop_oplus_match_ver: [OplusGapNotDoSniffSubrating] check xx:xx:xx:xx:ac:36 return false
02-13 03:33:32.210  5795  6093 D bt_device_interop: [interop_oplus.cc:639] interop_oplus_match_both_name_and_addr_impl: [OplusGapNotDoSniffSubrating] check ****lus Watch 3 0697-xx:xx:xx:xx:ac:36 return false
02-13 03:33:32.210  5795  6093 D bt_device_interop: [interop_oplus.cc:639] interop_oplus_match_both_name_and_addr_impl: [OplusGapNotDoSniffSubrating] check ****en's OnePlus Watch 3-xx:xx:xx:xx:ac:36 return false
02-13 03:33:32.210  5795  6093 D bt_device_interop: [interop_oplus.cc:664] interop_oplus_match_both_name_addr_and_ver_impl: [OplusGapNotDoSniffSubrating] check ****lus Watch 3 0697-xx:xx:xx:xx:ac:36-0x0D:0x02B0:0x0017 return false
02-13 03:33:32.210  5795  6093 D bt_device_interop: [interop_oplus.cc:664] interop_oplus_match_both_name_addr_and_ver_impl: [OplusGapNotDoSniffSubrating] check ****en's OnePlus Watch 3-xx:xx:xx:xx:ac:36-0x0D:0x02B0:0x0017 return false
02-13 03:33:32.210  5795  6093 I bt_btm_pm: [btm_pm.cc:301] BTM_SetPowerMode: Setting power mode for peer:xx:xx:xx:xx:ac:36 current_mode:immediate:sniff[2] new_mode:forced:active[0]
02-13 03:33:32.210  5795  6093 I bt_btm_pm: [btm_pm.cc:600] btm_pm_snd_md_req: Switching from immediate:sniff[0x02] to immediate:active[0x00]
02-13 03:33:32.210  5795  6093 D bt_shim_hci: [hci_layer.cc:235] transmit_command: Sending command EXIT_SNIFF_MODE(0x0804)
02-13 03:33:32.210  5795  6093 D bt_btm_pm: [btm_pm.cc:653]  btm_cb.is_wait_pm_cmd_state_ack: 1
02-13 03:33:32.210  5795  6093 D bluetooth: [bta_dm_pm.cc:1078] bta_dm_pm_active: Active power mode started for remote:xx:xx:xx:xx:ac:36
02-13 03:33:32.210  9398 24505 I PTC.DATATRANS.BtRfConnection: BT WRITE Len:982,cost:0
02-13 03:33:32.210  5795  6093 D bt_bta_dm: [bta_dm_act.cc:1090] bta_dm_rm_cback: BTA Role management callback count:0 status:BTA_SYS_CONN_IDLE peer:xx:xx:xx:xx:ac:36
02-13 03:33:32.210  5795  6093 D bt_device_interop: [interop_oplus.cc:614] interop_oplus_match_addr: OplusGapNotDoSniffSubrating, check xx:xx:xx:xx:ac:36 return false
02-13 03:33:32.210  5795  6093 D bt_device_interop: [interop_oplus.cc:626]  interop_oplus_match_name_impl:[OplusGapNotDoSniffSubrating] check ****lus Watch 3 0697 return 0
