02-13 03:33:32.843  5511  5511 I Telephony:  isUserRttSettingOn: false
02-13 03:33:32.843  5511  5511 I Telephony:  alwaysAllowWhileRoaming: false
02-13 03:33:32.843  5511  5511 I Telephony:  isRoaming: true
02-13 03:33:32.843  5511  5511 I Telephony:  isOnWfc: false
02-13 03:33:32.844  5337  5337 D HeadsUpContainerWindow: notifySizeOrLocationChanged::SkRegion((0,0,1272,184)(0,184,48,536)(1224,184,1272,536)(0,536,1272,2772))
02-13 03:33:32.844  5784  5784 D ModemChannel: handleMessage what:102
02-13 03:33:32.844  5784  5784 D ModemChannel: handleNecEvent
02-13 03:33:32.844  5337  5337 W KeyguardSecurityViewFlipper: onMeasure: widthSpec MeasureSpec: EXACTLY 1272 should be AT_MOST
02-13 03:33:32.844  5337  5337 W KeyguardSecurityViewFlipper: onMeasure: heightSpec MeasureSpec: EXACTLY 2772 should be AT_MOST
02-13 03:33:32.845  5337  5337 W KeyguardSecurityViewFlipper: onMeasure: widthSpec MeasureSpec: EXACTLY 1272 should be AT_MOST
02-13 03:33:32.845  5337  5337 W KeyguardSecurityViewFlipper: onMeasure: heightSpec MeasureSpec: EXACTLY 2772 should be AT_MOST
02-13 03:33:32.846  5511  5511 V OplusCustomizeCacheManager: queryCache name: cache_key.system_server.common_customize_cache18016 param: null
02-13 03:33:32.846  5511  5511 V OplusCustomizeCacheManager: queryCache name: cache_key.system_server.common_customize_cache18013 param: null
02-13 03:33:32.846  5511  5511 V OplusCustomizeCacheManager: queryCache name: cache_key.system_server.common_customize_cache18014 param: null
02-13 03:33:32.846  5511  5511 V OplusCustomizeCacheManager: queryCache name: cache_key.system_server.common_customize_cache18017 param: Bundle[{SETTING=BLOCK, BUSINESS=NCT-DATA}]
02-13 03:33:32.846  2639  4283 D QmiClient: qmiServiceEventCallback recv msg id 1100
02-13 03:33:32.846  2639  4283 D QmiClient: enter -mServiceType 4 onQmiServiceEventCallback msgId 1100
02-13 03:33:32.846  2639  4283 D QmiClient: onQmiServiceEventCallback - enter. msgId=1100
02-13 03:33:32.846  2639  4283 D QmiVsClientEvent: QosEventReportInd MSG IND
02-13 03:33:32.846  2639  4283 D QmiVsClientEvent: qmiVsClientNotifyQosEventReportIndEvent - RADIO_EVENT_QOS_EVENT_REPORT_NOTIFY_IND
02-13 03:33:32.847  2639  2710 D VsProxy : handleMessage msg is 2421
02-13 03:33:32.847  2639  2710 D VsProxy : handleQosEventReportInd for instance 0
02-13 03:33:32.847  5784  5815 D SubsysRadioIndication[0]: radioQosEventReportInd
02-13 03:33:32.848  3311  4282 D QmiClient: qmiServiceEventCallback recv msg id 1085
02-13 03:33:32.848  3311  4282 D QmiClient: enter -mServiceType 4 onQmiServiceEventCallback msgId 1085
02-13 03:33:32.848  3311  4282 D QmiClient: onQmiServiceEventCallback - enter. msgId=1085
02-13 03:33:32.848  3311  4282 D QmiVsClientEvent: qmiVsClientNotifyNecEvent - RADIO_EVENT_NEC_IND
02-13 03:33:32.848  3311  3324 D VsProxy : handleMessage msg is 2403
02-13 03:33:32.848  3311  3324 D VsProxy : handleNecInd for instance 1
02-13 03:33:32.848  5784  5815 D SubsysRadioIndication[1]: radioNecInd 
02-13 03:33:32.850  5784  5784 D ModemChannel: handleMessage what:102
02-13 03:33:32.850  5784  5784 D ModemChannel: handleNecEvent
02-13 03:33:32.850  5511  6160 D PhoneInterfaceManager: QueryTelephonyChecker-getDataNetworkTypeForSubscriber: packageName = com.android.phone, isGrant = true
02-13 03:33:32.850  5541  5910 D SubsysCallManager: handleMessage what:103
02-13 03:33:32.850  5784  5784 D ModemChannel: handleMessage what:102
02-13 03:33:32.850  5784  5784 D ModemChannel: handleNecEvent
02-13 03:33:32.850  5541  5910 D SubsysCallManager: parseMdmInfoData len:162
02-13 03:33:32.850  5541  5910 D SubsysCallManager: onMdmEvent moduleId:0,eventId:72
02-13 03:33:32.850  5541  5910 D ModemDataAnalysis: phoneId = 1, moduleId = 0, onEvent...72, version = 3, size:150
02-13 03:33:32.850  5784  5784 D NetworkService[0]: handleMessage what:1007
02-13 03:33:32.850  5784  5784 D RadioAtomTracker: parseQosEventData plmnid=193586
02-13 03:33:32.850  5784  5784 D ModemChannel: handleMessage what:102
02-13 03:33:32.850  5784  5784 D ModemChannel: handleNecEvent
02-13 03:33:32.850  5541  5910 D SubsysCallManager: handleMessage what:103
02-13 03:33:32.850  5541  5910 D SubsysCallManager: parseMdmInfoData len:166
02-13 03:33:32.850  5541  5910 D SubsysCallManager: onMdmEvent moduleId:0,eventId:39
02-13 03:33:32.850  5541  5910 D ModemDataAnalysis: phoneId = 1, moduleId = 0, onEvent...39, version = 3, size:154
02-13 03:33:32.850  5579  5652 W NhsCallTracker: reportImsKeylog event:983152,errorCode:82,regState:2,imsRat18
02-13 03:33:32.852  5337  5416 D SimStateHelper: sts slot:1, lock state:-1
02-13 03:33:32.852  5337  5416 D SimStateHelper: needDisableMenu: slot1State=-1; slot2State=-1
02-13 03:33:32.852  5337  5416 D SimStateHelper: needDisableMenu:false
02-13 03:33:32.852  5541  5910 D TelephonyImpl: checkConfigForNsa NSA only
02-13 03:33:32.852  5541  5910 D CallIssueUtils: isSupportSa support = false
02-13 03:33:32.852  5541  5910 D SubsysCallManager: handleMessage what:103
02-13 03:33:32.852  5541  5910 D SubsysCallManager: parseMdmInfoData len:155
02-13 03:33:32.852  5541  5910 D SubsysCallManager: onMdmEvent moduleId:1,eventId:54
02-13 03:33:32.852  5541  5910 D ModemDataAnalysis: phoneId = 1, moduleId = 1, onEvent...54, version = 3, size:143
02-13 03:33:32.852  5541  5910 D SubsysCallManager: handleMessage what:103
02-13 03:33:32.852  5541  5910 D SubsysCallManager: parseMdmInfoData len:155
02-13 03:33:32.852  5541  5910 D SubsysCallManager: onMdmEvent moduleId:1,eventId:54
02-13 03:33:32.852  5541  5910 D ModemDataAnalysis: phoneId = 1, moduleId = 1, onEvent...54, version = 3, size:143
02-13 03:33:32.852  5511  5511 D InternationalRoamingNotification: init
02-13 03:33:32.852  5511  5511 D InternationalRoamingNotification: do not createRoamingNotification for error version
02-13 03:33:32.853  2129  2245 E BatteryChargeControl: kernel_max_current[0], kernel_min_current[0] are invalid
02-13 03:33:32.855  5337  5337 D HeadsUpContainerWindow: notifySizeOrLocationChanged::SkRegion((0,0,1272,182)(0,182,48,534)(1224,182,1272,534)(0,534,1272,2772))
02-13 03:33:32.866  5337  5337 D HeadsUpContainerWindow: notifySizeOrLocationChanged::SkRegion((0,0,1272,181)(0,181,48,533)(1224,181,1272,533)(0,533,1272,2772))
02-13 03:33:32.868 20918 20979 W System.err: FlagsHookHelper: skip hook flags method getInstanceHook
02-13 03:33:32.872 20918 21157 W NaviWarn: StackPtr is not 8-byte aligned.
02-13 03:33:32.877  5337  5337 D HeadsUpContainerWindow: notifySizeOrLocationChanged::SkRegion((0,0,1272,179)(0,179,48,531)(1224,179,1272,531)(0,531,1272,2772))
02-13 03:33:32.889  5337  5337 D HeadsUpContainerWindow: notifySizeOrLocationChanged::SkRegion((0,0,1272,177)(0,177,48,529)(1224,177,1272,529)(0,529,1272,2772))
02-13 03:33:32.895  2044  4892 I sensors-hal: handle_oplus_wise_rgb_event:191, wise_rgb: (r, g, b, c)[64.00, 88.00, 49.00, 70.00],(r2,g2,b2,c2)[[0.00, 0.00, 0.00, 0.00], algo:5.0, flag :0
02-13 03:33:32.895  3634  4852 D FusionLightNextGen: process end reported = 1, mode: 0, cnt: 428575, lux 10.6, cct 5300.0, r/g/b/c: 64.0/88.0/49.0/70.0, R/G/B: -1.0/-1.0/-1.0, bri 784.0, match 0.00, ir 0.123699, conf 2.0, ts 84148830353375
02-13 03:33:32.895  2044 28239 I sensors-hal: handle_oplus_wise_rgb_event:181, wise_rgb: (r, g, b, c)[64.00, 88.00, 49.00, 70.00],(r2,g2,b2,c2)[[0.00, 0.00, 0.00, 0.00], algo:5.0, flag :0
02-13 03:33:32.895  3634  6872 I AICCTModule: SensorFilter: findSecondNearestValue, sensorValue: 5300.0 nearestMaxValue:5300.0 secondNearestValue: 5300.0
02-13 03:33:32.895  3634  6872 I AICCTModule: SensorFilter: findSecondNearestValue, sensorValue: 10.021871 nearestMaxValue:10.63296 secondNearestValue: 10.63296
02-13 03:33:32.899  5337  5337 D HeadsUpContainerWindow: notifySizeOrLocationChanged::SkRegion((0,0,1272,176)(0,176,48,528)(1224,176,1272,528)(0,528,1272,2772))
02-13 03:33:32.910  5337  5337 D HeadsUpContainerWindow: notifySizeOrLocationChanged::SkRegion((0,0,1272,174)(0,174,48,526)(1224,174,1272,526)(0,526,1272,2772))
02-13 03:33:32.921  5337  5337 D HeadsUpContainerWindow: notifySizeOrLocationChanged::SkRegion((0,0,1272,173)(0,173,48,525)(1224,173,1272,525)(0,525,1272,2772))
02-13 03:33:32.923  2274  3736 D AudioFlinger: trackId 885 is playing mute data
02-13 03:33:32.932  5337  5337 D HeadsUpContainerWindow: notifySizeOrLocationChanged::SkRegion((0,0,1272,171)(0,171,48,523)(1224,171,1272,523)(0,523,1272,2772))
02-13 03:33:32.937  2639  4283 D QmiClient: qmiServiceEventCallback recv msg id 1099
02-13 03:33:32.937  2639  4283 D QmiClient: enter -mServiceType 4 onQmiServiceEventCallback msgId 1099
02-13 03:33:32.937  2639  4283 D QmiClient: onQmiServiceEventCallback - enter. msgId=1099
02-13 03:33:32.937  2639  4283 D QmiVsClientEvent: QosPeriodReportInd MSG IND data_len 2052
02-13 03:33:32.937  2639  4283 D QmiVsClientEvent: qmiVsClientNotifyQosPeriodReportIndEvent - RADIO_EVENT_QOS_PERIOD_REPORT_NOTIFY_IND
02-13 03:33:32.937  2639  2710 D VsProxy : handleMessage msg is 2420
02-13 03:33:32.937  2639  2710 D VsProxy : handleQosPeriodReportInd for instance 0 data_len 178
02-13 03:33:32.937  5784  5852 D SubsysRadioIndication[0]: radioQosPeriodReportInd result [8, -70, -65, -35, -96, 12, 18, 17, 8, -34, -66, -35, -96, 12, 16, 1, 32, 80, 40, 1, 56, -70, 1, 72, 90, 26, 8, 8, -107, -66, -35, -96, 12, 72, 75, 34, 12, 8, -34, -66, -35, -96, 12, 16, 1, 24, 3, 32, 1, 58, 57, 8, -126, -65, -35, -96, 12, 16, 4, 24, -97, 48, 32, 29, 40, -122, -1, -1, -1, -1, -1, -1, -1, -1, 1, 48, -18, -1, -1, -1, -1, -1, -1, -1, -1, 1, 64, -122, -1, -1, -1, -1, -1, -1, -1, -1, 1, 72, -126, -1, -1, -1, -1, -1, -1, -1, -1, 1, 66, 37, 8, -106, -66, -35, -96, 12, 16, 4, 24, 1, 34, 13, 8, -97, 48, 16, 29, 24, 20, 32, 3, 40, -122, -30, 43, 34, 10, 8, -45, 10, 16, -82, 1, 24, 3, 32, 6, 90, 0, 98, 10, 8, -85, -66, -35, -96, 12, 16, 1, 24, 4, 122, 15, 8, -111, -69, -35, -96, 12, 16, -92, 3, 24, -36, 1, 32, -8, 10]
02-13 03:33:32.937  5784  5784 D NetworkService[0]: handleMessage what:1005
02-13 03:33:32.938  5784  5784 D RadioAtomTracker: parseQosPeriodData ModemQos:CellularQosInfo{mSubId=1, mRat=4, mEndcState=1, mArfcn=6175, mPci=29, mBand=20, mDLBW=3, mRsrp=-122, mRsrq=-18, mSnr=0, mSvcStatus=1, mULTimeStamp=-1, mULPDCPNumDataPdu=1, mULPDCPNumDropPdu=0, mULPDCPTput=80, mULRLCNumDataPdu=1, mULRLCNumRetxPdu=0, mULGrant=186, mULBSR=0, mULBler=90, mDLTimeStamp=-1, mDLPDCPNumDataPdu=0, mDLPDCPTput=0, mDLRLCNumDataPdu=0, mDLRLCNumRetxPdu=0, mDLRLCNumDropPdu=0, mDLMACPaddingBytes=0, mDLPdcpNumMissToUppPdu=0, mDLBler=75, mRlfCount=1, mRachWithULGrantCount=0, mCellChangeCount=0, mIsRedirectionOccur=0, mIsDualSimConflict=0, mLatency=29, mCellId=717062, mNr5GScs=0, mSub1RrcState=3, mSub2RrcState=1, mRachCount=0, mRachAbortCount=0, mCalcPower=420, mMtpl=220, mPathLoss=1400, mFbrxCount=0, mCellLoad=0}
02-13 03:33:32.938  5784  5784 D NetworkService[0]: EVENT_REG_QOS_PERIOD_REPORT_IND_CHANGED ENTER
02-13 03:33:32.938  5784  8376 D CommonApp-157-10711: notifyModemCauseChange bad channel for not real time scene
02-13 03:33:32.940  3634  4962 D AS.AudioService: uid 1000, callingApp = android.uid.system:1000
02-13 03:33:32.940  3634  4962 D AudioServiceExtImpl: mDownlinkMuteStatus= 0 mTransfermodeStatus= 0 isRecordingByMic= true mCallstate= 0 modeOwnerCastNow= false curDeviceStatus= true status= true mIsNotSalliteCall= true for VocalProminence
02-13 03:33:32.940  3634  4962 D AudioServiceExtImpl: oplusCheckNcSwitch: NcSwitch status = 1 for VocalProminence
02-13 03:33:32.940  3634  4962 D AudioServiceExtImpl: oplusCheckNcSwitch: NcSwitch status = 1 for VocalProminence
02-13 03:33:32.944  5337  5337 D HeadsUpContainerWindow: notifySizeOrLocationChanged::SkRegion((0,0,1272,170)(0,170,48,522)(1224,170,1272,522)(0,522,1272,2772))
02-13 03:33:32.945  3634  4046 W AccessibilityWindowsPopulator: Windows change within in 2 frames continuously over 500 ms and notify windows changed immediately
02-13 03:33:32.945  3634  4046 I AccessibilityWindowsPopulator: getInsensibleFlag flag = 0
02-13 03:33:32.955  5337  5337 D HeadsUpContainerWindow: notifySizeOrLocationChanged::SkRegion((0,0,1272,169)(0,169,48,521)(1224,169,1272,521)(0,521,1272,2772))
02-13 03:33:32.966  5337  5337 D HeadsUpContainerWindow: notifySizeOrLocationChanged::SkRegion((0,0,1272,168)(0,168,48,520)(1224,168,1272,520)(0,520,1272,2772))
02-13 03:33:32.977  5337  5337 D HeadsUpContainerWindow: notifySizeOrLocationChanged::SkRegion((0,0,1272,167)(0,167,48,519)(1224,167,1272,519)(0,519,1272,2772))
02-13 03:33:32.991  2070  2179 E PERFHAL-OPTSHANDLER: PERFHAL-OPTSHANDLER: unsupported() 942: Error: This resource is not supported
02-13 03:33:32.991  2070  2179 E PERFHAL-RESOURCEQS: PERFHAL-RESOURCEQS: RemoveAndApply() 292: Failed to reset optimization here [18, 1]
02-13 03:33:32.991  2070  2179 E PERFHAL-OPTSHANDLER: PERFHAL-OPTSHANDLER: unsupported() 942: Error: This resource is not supported
02-13 03:33:32.991  2070  2179 E PERFHAL-RESOURCEQS: PERFHAL-RESOURCEQS: RemoveAndApply() 292: Failed to reset optimization here [18, 0]
02-13 03:33:32.992  2070  2179 I [UAH_CLIENT]: UahRelease, handle:57561
02-13 03:33:32.992  2070  2179 I [UAH_CLIENT]: UahPlatformResAcquire
02-13 03:33:32.992  2070  2179 I [UAH_CLIENT]: UahEventAcquire, cmdid:-3, pkg:2067 2067, identity:qcom-perfd
02-13 03:33:32.993  2070  2179 E PERFHAL-RESOURCEQS: PERFHAL-RESOURCEQS: AddAndApply() 130: Resource with major=18, minor=0 not supported
02-13 03:33:32.993  2070  2179 E PERFHAL-RESOURCEQS: PERFHAL-RESOURCEQS: AddAndApply() 130: Resource with major=18, minor=1 not supported
02-13 03:33:32.999  5337  5337 D HeadsUpContainerWindow: notifySizeOrLocationChanged::SkRegion((0,0,1272,166)(0,166,48,518)(1224,166,1272,518)(0,518,1272,2772))
02-13 03:33:33.002  7053 17816 D LOWI-9.0.1.125: [LOWI-Scan] wait_event:Wait done with Cmd 103
02-13 03:33:33.002  7053 17816 D LOWI-9.0.1.125: [LOWI-Scan] do_listen_events: Rcvd valid Netlink Cmd 0 Err 0
02-13 03:33:33.002  3008  3008 I cnss-daemon: nl80211 response handler invoked
02-13 03:33:33.002  3008  3008 I cnss-daemon: nl80211_response_handler: cmd 103, vendorID 4980, subcmd 13  received
02-13 03:33:33.002  2047 17815 I WifiHAL : event received NL80211_CMD_VENDOR, vendor_id = 0x1374, subcmd = 0xd
02-13 03:33:33.010  5337  5337 D HeadsUpContainerWindow: notifySizeOrLocationChanged::SkRegion((0,0,1272,165)(0,165,48,517)(1224,165,1272,517)(0,517,1272,2772))
02-13 03:33:33.021  5337  5337 E DynamicFramerate [DynamicFrameRateManagerImpl]: setFrameRateInterNalForNoContext: TIMING_DO_NO_CONTEXT_ANIMATION transaction = null, need apply actively
02-13 03:33:33.021  5337  5337 E DynamicFramerate [DynamicFrameRateManagerImpl]: setFrameRateInterNalForNoContext: TIMING_DO_NO_CONTEXT_ANIMATION request is = FrameRateRequest: {  mUniqueID = 143543953, mVelocity = -2, mPreviousFrameRate = 90, mBindWithSC = true, mSc = null, mTransaction = android.view.SurfaceControl$Transaction@7272339, Type = 20301 } , frameRate 0
02-13 03:33:33.021  5337  5337 I DynamicFramerate [DynamicFrameRateManagerImpl]: setFrameRateInterNalForNoContext: TIMING_DO_NO_CONTEXT_ANIMATION, request = FrameRateRequest: {  mUniqueID = 143543953, mVelocity = -2, mPreviousFrameRate = 90, mBindWithSC = true, mSc = null, mTransaction = android.view.SurfaceControl$Transaction@7272339, Type = 20301 } 
02-13 03:33:33.021  5337  5337 E [OPLUS_AFS_CONFIG]: Failed to open AFS config file: /proc/oplus_afs_config/afs_config
02-13 03:33:33.021  5337  5337 E AFS_CONFIG: Failed to get scene config
02-13 03:33:33.021  5337  5337 E OplusAfsManager: afsConfigSceneConfigGet sceneType is null
02-13 03:33:33.021  5337  5337 I SystemUi--Common: AnimAfsManager-->enableAnimationCtrl key:40 enable:false, result: 0
02-13 03:33:33.023  2289  2289 D VRR [RefreshRateDirector]: requestRefreshRate delete [ version-3-noContext-143543953-animation, 0 ]
02-13 03:33:33.023  2289  2895 D VRR [RefreshRateDirector]: updateBestFrameRate [oti-hw, {fps=60, modePtr={id=1, vsyncRate=60.00 Hz, peakRefreshRate=60.00 Hz}}]
02-13 03:33:33.024  2289  2905 D SurfaceFlinger: VRR [SurfaceFlinger] setDesiredActiveMode: displayId: 4630946982335253651, renderRate: 60, vsyncRate: 60, event: 0
02-13 03:33:33.024  2289  2905 D DisplayModeController: setDesiredMode 4630946982335253651 {mode={fps=60.00 Hz, modePtr={id=1, vsyncRate=60.00 Hz, peakRefreshRate=60.00 Hz}}, emitEvent=false, force=false}
02-13 03:33:33.024  2289  2289 I HWC2    : [0] setActiveConfigWithConstraints[1]
02-13 03:33:33.024  2067  2067 I SDM     : SDMDisplayIris::SetActiveConfigToIrisWrapper: SetActiveConfigToIrisWrapper on id_: 0
02-13 03:33:33.024  2067  2067 W SDM     : SDMDisplayIris::SetActiveConfigToIrisWrapper: HWC SetActiveConfig [1], switch to [1272x2772@60]
02-13 03:33:33.024  2067  2067 I SDM     : SDMDisplayIris::SetActiveConfigToIrisWrapper: SetActiveConfigToIrisWrapper on id_: 0
02-13 03:33:33.024  2067  2067 W SDM     : SDMDisplayIris::SetActiveConfigToIrisWrapper: HWC SetActiveConfig [1], switch to [1272x2772@60]
02-13 03:33:33.024  2067  2067 D oplus-adfr2minfps: calculateMinfps(0):mADFR2MINFPSEnable = 1 ifChangeVsyncPeriod 3 return mMinfps = 60
02-13 03:33:33.024  2067  2067 D oplus-adfr2minfps: updateMinfps(0) = 60
02-13 03:33:33.024  2067  2067 W SDM     : HWDeviceDRM::GetSupportedBitClkRate: Requested rate not supported: 1112600000
02-13 03:33:33.024  2067  2067 I SDM     : HWDeviceDRM::UpdateMixerAttributes: Mixer WxH 1272x2772-1 for Peripheral
02-13 03:33:33.025  2067  2067 I CwbService: CwbService::notifyConfigChange: display:0, config:1 size:6, sec.size():0
02-13 03:33:33.025  2067  2067 I SDM     : SDMDisplay::FinalizeDisplayConfig: HWC SetActiveConfig [1], switch to [1272x2772@60]
02-13 03:33:33.025  2067  2067 D SDM     : DisplayBuiltIn::setAdfr2minfpsQsyncMode: adfr2minfps + qsync minfps change to: 8388796 008000BC
02-13 03:33:33.025  2067  2383 E SDM     : DRMConnector::Perform: Connector 70: Setting Qsync min fps 8388796
02-13 03:33:33.025  2067  2383 D SDM     : HWDeviceDRM::SetupAtomic: APUIR: m_isswitchfps 2
02-13 03:33:33.026  2289  2289 I OplusPerfCollect: The layer number in last 60007ms is: 5 layer, 3022 time, 6 layer, 719 time, 7 layer, 35 time, 
02-13 03:33:33.033  2067  2383 D SDM     : HWDeviceDRM::SetupAtomic: APUIR: m_isswitchfps 1
02-13 03:33:33.037  5337  5445 I SystemUi--Statusbar: OplusNetworkSpeedControllExImpl-->updateNetworkSpeed: isConnected:true,isSwitchOn:true,isSuspend:false,isPause:false
02-13 03:33:33.038  5337  5445 I SystemUi--Statusbar: OplusNetworkSpeedControllExImpl-->getTotalByte: totalRxBytes:9092304645,totalTxBytes:2016117240,loopbackTxBytes:27474628,loopbackRxBytes:27089329 ,totalBytes:11053857928
02-13 03:33:33.044  2067  2275 I oplus-adfr2minfps: needChangeMinfps(0) mParamFromWhich 0 isOpenHistogram(1) Enable 1(debug-0:sensor-0:panelNit-1:gray-1), NeedUpdateMinfps 1(n-0:g-0:s-0:v-1), mPanelNit 30.386141(nitId-1:grayId-0:lastfpsId-3), mPowerMode 2(1 0) mRgbInfo 0(Sum-0.235037:Max-0.110075) fodstatus(0) sensorlux(0) isDark(0)
02-13 03:33:33.044  2067  2275 D oplus-adfr2minfps: calculateMinfps(0) mParamFromWhich 0: minfps = 1  mRgbInfo = 0 mPanelNit 30.386141 (nitIndex 1:grayIndex 0:mFpsIndex 3) 
02-13 03:33:33.044  2067  2275 D oplus-adfr2minfps: updateMinfps(0) = 1
02-13 03:33:33.045  2067  2067 D SDM     : DisplayBuiltIn::setAdfr2minfpsQsyncMode: adfr2minfps + qsync minfps change to: 8388737 00800081
02-13 03:33:33.045  2067  2383 E SDM     : DRMConnector::Perform: Connector 70: Setting Qsync min fps 8388737
02-13 03:33:33.045  2067  2383 D SDM     : HWDeviceDRM::SetupAtomic: APUIR: m_isswitchfps 0
02-13 03:33:33.054  5784  8396 D NetworkService[0]: getIfIndexByNetid netId:104,ifName:tun0,ifIndex:31
02-13 03:33:33.054  5784  8396 D NetworkService[1]: getIfIndexByNetid netId:104,ifName:tun0,ifIndex:31
02-13 03:33:33.055  5541  5908 D DnsDomainBlock: onDnsEvent: latencyMs=177, returnCode=0, uid=10558
02-13 03:33:33.057  2047 17815 I WifiHAL : event received NL80211_CMD_VENDOR, vendor_id = 0x1374, subcmd = 0xb6
02-13 03:33:33.058  7053 17816 D LOWI-9.0.1.125: [LOWI-Scan] wait_event:Wait done with Cmd 103
02-13 03:33:33.058  7053 17816 D LOWI-9.0.1.125: [LOWI-Scan] do_listen_events: Rcvd valid Netlink Cmd 0 Err 0
02-13 03:33:33.058  3008  3008 I cnss-daemon: nl80211 response handler invoked
02-13 03:33:33.058  3008  3008 I cnss-daemon: nl80211_response_handler: cmd 103, vendorID 4980, subcmd 182  received
02-13 03:33:33.062  3634  4046 I AccessibilityWindowsPopulator: getInsensibleFlag flag = 0
02-13 03:33:33.082  3634  4137 D VRR [OPlusRefreshRateService]: handleConfigIdChange physicalDisplayId: 4630946982335253651 configId: 1 renderPeriod: 16666667
02-13 03:33:33.082  3634  4137 D VRR [OPlusGameStatusManager]: updateGameState mOSyncFeatureSwitch: false mIsGamePolicy: false
02-13 03:33:33.082  3634  4137 D VRR [OPlusGameStatusManager]: updateGameAccelerationStatus pkgName: com.imback.yeetalk mOSyncFeatureSwitch: false mIsGamePolicy: false mHeartStop: false mHasFlickerRisk: false mForceAcceleration: false mToastReady: false enable: false
02-13 03:33:33.083  3634  4137 D VRR [OPlusExternalRefreshRateManager]: handleOtiHistSwitch false
02-13 03:33:33.083  3634  4137 D VRR [OPlusSurfaceFlingerController]:  setOtiHistogramSwitch : false
02-13 03:33:33.083  2289  3345 D OplusHistogram: switch config: 0
02-13 03:33:33.104  3634  4078 W QosScheduler: executeSceneQosStrategy failed! qos feature no enable
02-13 03:33:33.105  2070  2179 E PERFHAL-OPTSHANDLER: PERFHAL-OPTSHANDLER: unsupported() 942: Error: This resource is not supported
02-13 03:33:33.105  2070  2179 E PERFHAL-RESOURCEQS: PERFHAL-RESOURCEQS: RemoveAndApply() 292: Failed to reset optimization here [18, 1]
02-13 03:33:33.105  2070  2179 E PERFHAL-OPTSHANDLER: PERFHAL-OPTSHANDLER: unsupported() 942: Error: This resource is not supported
02-13 03:33:33.105  2070  2179 E PERFHAL-RESOURCEQS: PERFHAL-RESOURCEQS: RemoveAndApply() 292: Failed to reset optimization here [18, 0]
02-13 03:33:33.105  2070  2179 I [UAH_CLIENT]: UahRelease, handle:57562
02-13 03:33:33.120 20918 21269 W System.err: FlagsHookHelper: skip hook flags method getInstanceHook
02-13 03:33:33.126  3634  4046 I AccessibilityWindowsPopulator: getInsensibleFlag flag = 0
02-13 03:33:33.181  3634  4862 V AlarmManager: sending alarm Alarm{2c092c0 type 1 origWhen 1770953613178 whenElapsed 84149141 android} uid 1000 whenElapsed 84149141 windowLength 0 maxWhenElapsed 84149141 repeatInterval 0 action null component null tag StorgaeBandInfoAlarmTag flags 0x9 procName system_server
02-13 03:33:33.183  3634 15773 E OplusStorageUFSBandwidth: storage_io_metrics_path is /proc/oplus_storage/io_metrics/forever/
02-13 03:33:33.184  3634 15773 E OplusStorageUFSBandwidth: Bandwidth - Read: 23.43 MB/s, Write: 1.00 MB/s
02-13 03:33:33.184  3634 15773 E OplusStorageUFSBandwidth: Task time: 1ms
02-13 03:33:33.187  3634 15773 E OplusStorageUFSBandwidth: Alarm set to trigger in 10 seconds
02-13 03:33:33.213  3634  5466 D ConnectivityService: requestNetwork for uid/pid:10153/17324 activeRequest: null callbackRequest: 12569 [NetworkRequest [ REQUEST id=12570, [ Capabilities: INTERNET&NOT_RESTRICTED&TRUSTED&NOT_VCN_MANAGED&NOT_BANDWIDTH_CONSTRAINED Uid: 10153 RequestorUid: 10153 RequestorPkg: com.oplus.ndsf UnderlyingNetworks: Null] ]] callback flags: 0 order: 2147483647 isUidTracked: false declaredMethods: AVAIL|LOST|NC
02-13 03:33:33.216  3634  4943 D ConnectivityService: NetReassign [12570 : null → 104] [c 1] [a 1] [i 1]
02-13 03:33:33.217  3634  4936 D OemPaidWifiNetworkFactory: got request NetworkRequest [ REQUEST id=12570, [ Capabilities: INTERNET&NOT_RESTRICTED&TRUSTED&NOT_VCN_MANAGED&NOT_BANDWIDTH_CONSTRAINED Uid: 10153 RequestorUid: 10153 RequestorPkg: com.oplus.ndsf UnderlyingNetworks: Null] ]
02-13 03:33:33.217  3634  4936 D MultiInternetWifiNetworkFactory: got request NetworkRequest [ REQUEST id=12570, [ Capabilities: INTERNET&NOT_RESTRICTED&TRUSTED&NOT_VCN_MANAGED&NOT_BANDWIDTH_CONSTRAINED Uid: 10153 RequestorUid: 10153 RequestorPkg: com.oplus.ndsf UnderlyingNetworks: Null] ]
02-13 03:33:33.217  3634  4936 D UntrustedWifiNetworkFactory: got request NetworkRequest [ REQUEST id=12570, [ Capabilities: INTERNET&NOT_RESTRICTED&TRUSTED&NOT_VCN_MANAGED&NOT_BANDWIDTH_CONSTRAINED Uid: 10153 RequestorUid: 10153 RequestorPkg: com.oplus.ndsf UnderlyingNetworks: Null] ]
02-13 03:33:33.218 17324 18387 I NDSF.Server.QueryHostWorker: enter doWork
02-13 03:33:33.218 17324 18387 I NDSF.Server.QueryHostWorker: region = GB,code = EU
02-13 03:33:33.219 17324 17367 I WM-WorkerWrapper: Worker result SUCCESS for Work [ id=d6f23c39-93d1-49fd-b154-7c89197187e2, tags={ com.oplus.ndsf.server.worker.QueryHostWorker, NDSFTag } ]
02-13 03:33:33.219 17324 17367 I WM-WorkerWrapper: Setting status to enqueued for 3aa8d61e-0241-4fb7-b42c-32b7687c6f15
02-13 03:33:33.227 17324 19367 E NDSF.Server.QueryHostWorker: CloudConfig throwable:未匹配到符合条件的数据 未匹配到符合条件的数据 [com.heytap.nearx.cloudconfig.impl.ObservableQueryExecutor$queryEntities$1.invoke(SourceFile:3), com.heytap.nearx.cloudconfig.impl.ObservableQueryExecutor$queryEntities$1.invoke(SourceFile:1), com.heytap.nearx.cloudconfig.observable.Observable$map$1$call$1.invoke(SourceFile:2), com.heytap.nearx.cloudconfig.observable.Observable$map$1$call$1.invoke(SourceFile:1), com.heytap.nearx.cloudconfig.observable.RealSubscriber.invoke(SourceFile:2), com.heytap.nearx.cloudconfig.observable.RealSubscriber.invoke(SourceFile:1), com.heytap.nearx.cloudconfig.observable.Observable$Companion.safeInvoke(Unknown Source:4), com.heytap.nearx.cloudconfig.observable.Observable$Companion.access$safeInvoke(Unknown Source:0), com.heytap.nearx.cloudconfig.observable.Observable$observeOn$1$call$1$1.run(Unknown Source:8), java.util.concurrent.ThreadPoolExecutor.runWorker(ThreadPoolExecutor.java:1154), java.util.concurrent.ThreadPoolExecutor$Worker.run(ThreadPoolExecutor.java:652), java.lang.Thread.run(Thread.java:1563)]
02-13 03:33:33.228 17324 19367 E NDSF.Server.QueryHostWorker: [tryCache] no cache host
02-13 03:33:33.228 17324 19367 I NDSF.Server.QueryHostWorker: registerTimeSetBroadcast
02-13 03:33:33.227  5541  5908 D DnsDomainBlock: onDnsEvent: latencyMs=3, returnCode=7, uid=10153
02-13 03:33:33.229  3634  5466 W ActivityManager: Receiver with filter android.content.IntentFilter@e7c1aec already registered for pid 17324, callerPackage is com.oplus.ndsf
02-13 03:33:33.229 17324 19367 I NDSF.Server.QueryHostWorker: appendOrReplaceQueryHostWorker
02-13 03:33:33.256 12854 12854 I Api-SportHealthDataApi: mApiTimeout: timeout unbind
02-13 03:33:33.280  2044 28239 I sensors-hal: handle_oplus_wise_rgb_event:181, wise_rgb: (r, g, b, c)[-3.00, 86.00, -1.00, -5.00],(r2,g2,b2,c2)[[0.00, 0.00, 0.00, 0.00], algo:5.0, flag :0
02-13 03:33:33.280  2044  4892 I sensors-hal: handle_oplus_wise_rgb_event:191, wise_rgb: (r, g, b, c)[-3.00, 86.00, -1.00, -5.00],(r2,g2,b2,c2)[[0.00, 0.00, 0.00, 0.00], algo:5.0, flag :0
02-13 03:33:33.280  2044 28239 I sensors-hal: handle_oplus_wise_rgb_event:189, wise_rgb: (35395)(cct, lux, ir)[5300.00, 10.32, 0.000000] (r, g, b, c)[-3.00, 86.00, -1.00, -5.00]                 (pwm, hbm, brl, algo)[0.0 0.0 784.0 5.0], flag 0
