02-13 03:32:47.247  2038  3441 I SDM     : CasQcPlugIn::ProcessPerCompGainOppo: new: 0 0 0 33 73 237  833 2984 |  0 0 0 29  76 264  871 2984 |  0 0 0 23 77 262 901 2984 | 
02-13 03:32:47.247  2038  3441 I SDM     : HWPeripheralDRM::SetPanelFeature: Set Panel feature property 20
02-13 03:32:47.247  2038  3441 I SDM     : HWPeripheralDRM::SetPanelFeature: Set Panel feature property 7
02-13 03:32:47.247  2038  3441 I SDM     : DisplayBuiltIn::TriggerDemuraOemPlugIn: Trigger demura oem plugin success
02-13 03:32:47.252  2038  2546 I SDM     : DRMPanelFeatureMgr::ApplyDirtyFeature: Commited panel feature [enabled]: 21-273
02-13 03:32:47.252  2038  2546 I SDM     : DRMPanelFeatureMgr::ApplyDirtyFeature: Commited panel feature [enabled]: 8-272
02-13 03:32:47.313  2038  3441 I CasManager: DBV changed from 575 to 572
02-13 03:32:47.313  2038  3441 I CasManager: DBV changed, but bin id not change, so trigger gain
02-13 03:32:47.314  2038  3441 W SDM     : DemuraIntfImpl::ProcessOemPluginGain: Thermal intf_ is nullptr 0, default to 25 degree
02-13 03:32:47.314  2038  3441 I SDM     : CasQcPlugIn::ProcessPerCompGainOppo: mode:PWM, fps:60, dbv:572, bin_dbv:1083, bright_adj:540
02-13 03:32:47.314  2038  3441 I SDM     : CasQcPlugIn::ProcessPerCompGainOppo: old: 0 0 0 64 92 297 1042 3072 |  0 0 0 56 107 330 1089 3072 |  0 0 0 44 80 270 928 3072 | 
02-13 03:32:47.314  2038  3441 I SDM     : CasQcPlugIn::ProcessPerCompGainOppo: new: 0 0 0 33 73 237  833 2973 |  0 0 0 29  76 264  871 2973 |  0 0 0 23 77 261 898 2973 | 
02-13 03:32:47.314  2038  3441 I SDM     : HWPeripheralDRM::SetPanelFeature: Set Panel feature property 20
02-13 03:32:47.314  2038  3441 I SDM     : HWPeripheralDRM::SetPanelFeature: Set Panel feature property 7
02-13 03:32:47.314  2038  3441 I SDM     : DisplayBuiltIn::TriggerDemuraOemPlugIn: Trigger demura oem plugin success
02-13 03:32:47.318  2038  2546 I SDM     : DRMPanelFeatureMgr::ApplyDirtyFeature: Commited panel feature [enabled]: 21-273
02-13 03:32:47.319  2038  2546 I SDM     : DRMPanelFeatureMgr::ApplyDirtyFeature: Commited panel feature [enabled]: 8-272
02-13 03:32:47.346  2038  3441 I CasManager: DBV changed from 572 to 570
02-13 03:32:47.346  2038  3441 I CasManager: DBV changed, but bin id not change, so trigger gain
02-13 03:32:47.347  2038  3441 W SDM     : DemuraIntfImpl::ProcessOemPluginGain: Thermal intf_ is nullptr 0, default to 25 degree
02-13 03:32:47.347  2038  3441 I SDM     : CasQcPlugIn::ProcessPerCompGainOppo: mode:PWM, fps:60, dbv:570, bin_dbv:1083, bright_adj:538
02-13 03:32:47.347  2038  3441 I SDM     : CasQcPlugIn::ProcessPerCompGainOppo: old: 0 0 0 64 92 297 1042 3072 |  0 0 0 56 107 330 1089 3072 |  0 0 0 44 80 270 928 3072 | 
02-13 03:32:47.347  2038  3441 I SDM     : CasQcPlugIn::ProcessPerCompGainOppo: new: 0 0 0 34 73 237  833 2966 |  0 0 0 29  76 264  871 2966 |  0 0 0 23 77 260 896 2966 | 
02-13 03:32:47.347  2038  3441 I SDM     : HWPeripheralDRM::SetPanelFeature: Set Panel feature property 20
02-13 03:32:47.347  2038  3441 I SDM     : HWPeripheralDRM::SetPanelFeature: Set Panel feature property 7
02-13 03:32:47.347  2038  3441 I SDM     : DisplayBuiltIn::TriggerDemuraOemPlugIn: Trigger demura oem plugin success
02-13 03:32:47.351  2038  2546 I SDM     : DRMPanelFeatureMgr::ApplyDirtyFeature: Commited panel feature [enabled]: 21-273
02-13 03:32:47.351  2038  2546 I SDM     : DRMPanelFeatureMgr::ApplyDirtyFeature: Commited panel feature [enabled]: 8-272
02-13 03:32:47.362  2128  5393 E SmcInvoke_MinkDescriptor: Invalid handle 15
02-13 03:32:47.363  1271  1271 I OmapiTransport: (internalProtectedTransmitApdu) Set the timer with timeout 20000 ms
02-13 03:32:47.363  1271  1271 I OmapiTransport: (internalProtectedTransmitApdu) STATUS OF TRNSMIT: 0 Message: 
02-13 03:32:47.364  1271  1271 I OmapiTransport: (sendData) stop the timer
02-13 03:32:47.365  2128  2128 I android.hardware.secure_element-service.qti: isCardPresent
02-13 03:32:47.365  2128  2128 I android.hardware.secure_element-service.qti: transmit
02-13 03:32:47.365  2128  2128 D GPQeSE-HAL: getAtrVendorID vendorId is : 33
02-13 03:32:47.365  2128  2128 I DMABUFHEAPS: Using DMA-BUF heap named: qcom,qseecom-ta
02-13 03:32:47.396  2038  3441 I CasManager: DBV changed from 570 to 567
02-13 03:32:47.396  2038  3441 I CasManager: DBV changed, but bin id not change, so trigger gain
02-13 03:32:47.396  2038  3441 W SDM     : DemuraIntfImpl::ProcessOemPluginGain: Thermal intf_ is nullptr 0, default to 25 degree
02-13 03:32:47.396  2038  3441 I SDM     : CasQcPlugIn::ProcessPerCompGainOppo: mode:PWM, fps:60, dbv:567, bin_dbv:1083, bright_adj:536
02-13 03:32:47.396  2038  3441 I SDM     : CasQcPlugIn::ProcessPerCompGainOppo: old: 0 0 0 64 92 297 1042 3072 |  0 0 0 56 107 330 1089 3072 |  0 0 0 44 80 270 928 3072 | 
02-13 03:32:47.396  2038  3441 I SDM     : CasQcPlugIn::ProcessPerCompGainOppo: new: 0 0 0 34 73 237  833 2956 |  0 0 0 30  76 264  871 2956 |  0 0 0 23 76 259 893 2956 | 
02-13 03:32:47.396  2038  3441 I SDM     : HWPeripheralDRM::SetPanelFeature: Set Panel feature property 20
02-13 03:32:47.396  2038  3441 I SDM     : HWPeripheralDRM::SetPanelFeature: Set Panel feature property 7
02-13 03:32:47.396  2038  3441 I SDM     : DisplayBuiltIn::TriggerDemuraOemPlugIn: Trigger demura oem plugin success
02-13 03:32:47.400  2038  8523 I SDM     : DCCompensate::GetMonotonicTime: caculate the accutime ,curent tinme is 6215 end time is 6216 accultime is 1
02-13 03:32:47.400  2038  2546 I SDM     : DRMPanelFeatureMgr::ApplyDirtyFeature: Commited panel feature [enabled]: 21-273
02-13 03:32:47.400  2038  2546 I SDM     : DRMPanelFeatureMgr::ApplyDirtyFeature: Commited panel feature [enabled]: 8-272
02-13 03:32:47.411  2128  5393 E SmcInvoke_MinkDescriptor: mem obj with id :15 not found in list
02-13 03:32:47.411  1271  1271 I OmapiTransport: (internalProtectedTransmitApdu) Set the timer with timeout 20000 ms
02-13 03:32:47.412  1271  1271 I OmapiTransport: (internalProtectedTransmitApdu) STATUS OF TRNSMIT: 0 Message: 
02-13 03:32:47.412  1271  1271 I javacard.strongbox.keymint.operation-impl: (finish) completed Successfully
02-13 03:32:47.412  9444  9727 W DGW     : W[operator():418] DGW Connected to 31.13.95.40
02-13 03:32:47.415  2139  2139 D SensorFeature: name=ssc_screenshot_info ,index = 22
02-13 03:32:47.415  2139  2139 D SensorFeature: write 35 bytes:6215386592992,6216041693305,20092,0
02-13 03:32:47.462  1967  4499 I sensors-hal: handle_oplus_wise_rgb_event:189, high_pwm_light:lux 3.4,cct 5300.0,brl/algo/ir 570.0/2.0/0.0,pwm/dc 0.0/0.0,rgbc 198.868698/158.384949/97.571854/433.790771,ts 6215991423526,cnt 48518,flag 20092
02-13 03:32:47.462  3434  4452 D FusionLightNextGen: process end reported = 1, mode: 0, cnt: 23335, lux 5.0, cct 5300.0, r/g/b/c: 201.8/155.3/97.6/433.8, R/G/B: 17.0/18.0/22.0, bri 567.0, match 1.00, ir 0.035274, conf 2.0, ts 6216024455557
02-13 03:32:47.463  1967  6334 I sensors-hal: handle_oplus_wise_rgb_event:161, wise_rgb: (48520)(cct, lux, ir)[5300.00, 3.36, 0.000000] (r, g, b, c)[231.04, 176.66, 120.34, 455.03]                 (pwm, hbm, brl, algo)[0.0 0.0 570.0 2.0], flag 20092
02-13 03:32:47.463  2038  3441 I CasManager: DBV changed from 567 to 565
02-13 03:32:47.463  1967  2123 I sensors-hal: send_brightness:1007, light_iface: send_cfg, br 565, dc 0, power on 1, val 131637
02-13 03:32:47.463  2038  3441 I CasManager: DBV changed, but bin id not change, so trigger gain
02-13 03:32:47.464  2038  3441 W SDM     : DemuraIntfImpl::ProcessOemPluginGain: Thermal intf_ is nullptr 0, default to 25 degree
02-13 03:32:47.464  2038  3441 I SDM     : CasQcPlugIn::ProcessPerCompGainOppo: mode:PWM, fps:60, dbv:565, bin_dbv:1083, bright_adj:534
02-13 03:32:47.464  2038  3441 I SDM     : CasQcPlugIn::ProcessPerCompGainOppo: old: 0 0 0 64 92 297 1042 3072 |  0 0 0 56 107 330 1089 3072 |  0 0 0 44 80 270 928 3072 | 
02-13 03:32:47.464  2038  3441 I SDM     : CasQcPlugIn::ProcessPerCompGainOppo: new: 0 0 0 34 73 237  833 2949 |  0 0 0 30  77 264  871 2949 |  0 0 0 23 76 259 890 2949 | 
02-13 03:32:47.464  2038  3441 I SDM     : HWPeripheralDRM::SetPanelFeature: Set Panel feature property 20
02-13 03:32:47.464  2038  3441 I SDM     : HWPeripheralDRM::SetPanelFeature: Set Panel feature property 7
02-13 03:32:47.464  2038  3441 I SDM     : DisplayBuiltIn::TriggerDemuraOemPlugIn: Trigger demura oem plugin success
02-13 03:32:47.469  2038  2546 I SDM     : DRMPanelFeatureMgr::ApplyDirtyFeature: Commited panel feature [enabled]: 21-273
02-13 03:32:47.469  2038  2546 I SDM     : DRMPanelFeatureMgr::ApplyDirtyFeature: Commited panel feature [enabled]: 8-272
02-13 03:32:47.529  2038  3441 I CasManager: DBV changed from 565 to 563
02-13 03:32:47.529  2038  3441 I CasManager: DBV changed, but bin id not change, so trigger gain
02-13 03:32:47.529  2038  3441 W SDM     : DemuraIntfImpl::ProcessOemPluginGain: Thermal intf_ is nullptr 0, default to 25 degree
02-13 03:32:47.529  2038  3441 I SDM     : CasQcPlugIn::ProcessPerCompGainOppo: mode:PWM, fps:60, dbv:563, bin_dbv:1083, bright_adj:532
02-13 03:32:47.529  2038  3441 I SDM     : CasQcPlugIn::ProcessPerCompGainOppo: old: 0 0 0 64 92 297 1042 3072 |  0 0 0 56 107 330 1089 3072 |  0 0 0 44 80 270 928 3072 | 
02-13 03:32:47.529  2038  3441 I SDM     : CasQcPlugIn::ProcessPerCompGainOppo: new: 0 0 0 35 73 237  833 2942 |  0 0 0 30  77 264  871 2942 |  0 0 0 24 76 258 888 2942 | 
02-13 03:32:47.529  2038  3441 I SDM     : HWPeripheralDRM::SetPanelFeature: Set Panel feature property 20
02-13 03:32:47.530  2038  3441 I SDM     : HWPeripheralDRM::SetPanelFeature: Set Panel feature property 7
02-13 03:32:47.530  2038  3441 I SDM     : DisplayBuiltIn::TriggerDemuraOemPlugIn: Trigger demura oem plugin success
02-13 03:32:47.533  4995  5070 W OPLUS_LOG_LOAD: ==LOGS PROG INFO, prog(com.android.systemui) ==
02-13 03:32:47.533  4995  5070 I SystemUi--Statusbar: OplusNetworkSpeedControllExImpl-->updateNetworkSpeed: isConnected:true,isSwitchOn:true,isSuspend:false,isPause:false
02-13 03:32:47.535  2038  2546 I SDM     : DRMPanelFeatureMgr::ApplyDirtyFeature: Commited panel feature [enabled]: 21-273
02-13 03:32:47.535  2038  2546 I SDM     : DRMPanelFeatureMgr::ApplyDirtyFeature: Commited panel feature [enabled]: 8-272
02-13 03:32:47.536  4995  5070 I SystemUi--Statusbar: OplusNetworkSpeedControllExImpl-->getTotalByte: totalRxBytes:5917517593,totalTxBytes:173124869,loopbackTxBytes:2352036,loopbackRxBytes:2352036 ,totalBytes:6085938390
02-13 03:32:47.545  2038  3441 I CasManager: DBV changed from 563 to 562
02-13 03:32:47.546  2038  3441 I CasManager: DBV changed, but bin id not change, so trigger gain
02-13 03:32:47.546  2038  3441 W SDM     : DemuraIntfImpl::ProcessOemPluginGain: Thermal intf_ is nullptr 0, default to 25 degree
02-13 03:32:47.546  2038  3441 I SDM     : CasQcPlugIn::ProcessPerCompGainOppo: mode:PWM, fps:60, dbv:562, bin_dbv:1083, bright_adj:531
02-13 03:32:47.546  2038  3441 I SDM     : CasQcPlugIn::ProcessPerCompGainOppo: old: 0 0 0 64 92 297 1042 3072 |  0 0 0 56 107 330 1089 3072 |  0 0 0 44 80 270 928 3072 | 
02-13 03:32:47.546  2038  3441 I SDM     : CasQcPlugIn::ProcessPerCompGainOppo: new: 0 0 0 35 73 237  833 2938 |  0 0 0 30  77 264  871 2938 |  0 0 0 24 76 258 887 2938 | 
02-13 03:32:47.546  2038  3441 I SDM     : HWPeripheralDRM::SetPanelFeature: Set Panel feature property 20
02-13 03:32:47.546  2038  3441 I SDM     : HWPeripheralDRM::SetPanelFeature: Set Panel feature property 7
02-13 03:32:47.546  2038  3441 I SDM     : DisplayBuiltIn::TriggerDemuraOemPlugIn: Trigger demura oem plugin success
02-13 03:32:47.550  2038  2546 I SDM     : DRMPanelFeatureMgr::ApplyDirtyFeature: Commited panel feature [enabled]: 21-273
02-13 03:32:47.550  2038  2546 I SDM     : DRMPanelFeatureMgr::ApplyDirtyFeature: Commited panel feature [enabled]: 8-272
02-13 03:32:47.595  2038  3441 I CasManager: DBV changed from 562 to 560
02-13 03:32:47.595  2038  3441 I CasManager: DBV changed, but bin id not change, so trigger gain
02-13 03:32:47.595  2038  3441 W SDM     : DemuraIntfImpl::ProcessOemPluginGain: Thermal intf_ is nullptr 0, default to 25 degree
02-13 03:32:47.596  2038  3441 I SDM     : CasQcPlugIn::ProcessPerCompGainOppo: mode:PWM, fps:60, dbv:560, bin_dbv:1083, bright_adj:529
02-13 03:32:47.596  2038  3441 I SDM     : CasQcPlugIn::ProcessPerCompGainOppo: old: 0 0 0 64 92 297 1042 3072 |  0 0 0 56 107 330 1089 3072 |  0 0 0 44 80 270 928 3072 | 
02-13 03:32:47.596  2038  3441 I SDM     : CasQcPlugIn::ProcessPerCompGainOppo: new: 0 0 0 35 73 237  833 2931 |  0 0 0 30  77 264  871 2931 |  0 0 0 24 76 257 885 2931 | 
02-13 03:32:47.596  2038  3441 I SDM     : HWPeripheralDRM::SetPanelFeature: Set Panel feature property 20
02-13 03:32:47.596  2038  3441 I SDM     : HWPeripheralDRM::SetPanelFeature: Set Panel feature property 7
02-13 03:32:47.596  2038  3441 I SDM     : DisplayBuiltIn::TriggerDemuraOemPlugIn: Trigger demura oem plugin success
02-13 03:32:47.602  2038  2546 I SDM     : DRMPanelFeatureMgr::ApplyDirtyFeature: Commited panel feature [enabled]: 21-273
02-13 03:32:47.602  2038  2546 I SDM     : DRMPanelFeatureMgr::ApplyDirtyFeature: Commited panel feature [enabled]: 8-272
02-13 03:32:47.628  2038  3441 I CasManager: DBV changed from 560 to 559
02-13 03:32:47.628  2038  3441 I CasManager: DBV changed, but bin id not change, so trigger gain
02-13 03:32:47.629  2038  3441 W SDM     : DemuraIntfImpl::ProcessOemPluginGain: Thermal intf_ is nullptr 0, default to 25 degree
02-13 03:32:47.629  2038  3441 I SDM     : CasQcPlugIn::ProcessPerCompGainOppo: mode:PWM, fps:60, dbv:559, bin_dbv:1083, bright_adj:528
02-13 03:32:47.629  2038  3441 I SDM     : CasQcPlugIn::ProcessPerCompGainOppo: old: 0 0 0 64 92 297 1042 3072 |  0 0 0 56 107 330 1089 3072 |  0 0 0 44 80 270 928 3072 | 
02-13 03:32:47.629  2038  3441 I SDM     : CasQcPlugIn::ProcessPerCompGainOppo: new: 0 0 0 35 73 237  833 2928 |  0 0 0 31  77 264  871 2928 |  0 0 0 24 76 257 884 2928 | 
02-13 03:32:47.629  2038  3441 I SDM     : HWPeripheralDRM::SetPanelFeature: Set Panel feature property 20
02-13 03:32:47.629  2038  3441 I SDM     : HWPeripheralDRM::SetPanelFeature: Set Panel feature property 7
02-13 03:32:47.629  2038  3441 I SDM     : DisplayBuiltIn::TriggerDemuraOemPlugIn: Trigger demura oem plugin success
02-13 03:32:47.635  2038  2546 I SDM     : DRMPanelFeatureMgr::ApplyDirtyFeature: Commited panel feature [enabled]: 21-273
02-13 03:32:47.635  2038  2546 I SDM     : DRMPanelFeatureMgr::ApplyDirtyFeature: Commited panel feature [enabled]: 8-272
02-13 03:32:47.662  2038  3441 I CasManager: DBV changed from 559 to 558
02-13 03:32:47.662  2038  3441 I CasManager: DBV changed, but bin id not change, so trigger gain
02-13 03:32:47.662  2038  3441 W SDM     : DemuraIntfImpl::ProcessOemPluginGain: Thermal intf_ is nullptr 0, default to 25 degree
02-13 03:32:47.662  2038  3441 I SDM     : CasQcPlugIn::ProcessPerCompGainOppo: mode:PWM, fps:60, dbv:558, bin_dbv:1083, bright_adj:527
02-13 03:32:47.662  2038  3441 I SDM     : CasQcPlugIn::ProcessPerCompGainOppo: old: 0 0 0 64 92 297 1042 3072 |  0 0 0 56 107 330 1089 3072 |  0 0 0 44 80 270 928 3072 | 
02-13 03:32:47.662  2038  3441 I SDM     : CasQcPlugIn::ProcessPerCompGainOppo: new: 0 0 0 35 73 237  833 2924 |  0 0 0 31  77 264  871 2924 |  0 0 0 24 76 257 883 2924 | 
02-13 03:32:47.662  2038  3441 I SDM     : HWPeripheralDRM::SetPanelFeature: Set Panel feature property 20
02-13 03:32:47.662  2038  3441 I SDM     : HWPeripheralDRM::SetPanelFeature: Set Panel feature property 7
02-13 03:32:47.662  2038  3441 I SDM     : DisplayBuiltIn::TriggerDemuraOemPlugIn: Trigger demura oem plugin success
02-13 03:32:47.666  2038  2546 I SDM     : DRMPanelFeatureMgr::ApplyDirtyFeature: Commited panel feature [enabled]: 21-273
02-13 03:32:47.666  2038  2546 I SDM     : DRMPanelFeatureMgr::ApplyDirtyFeature: Commited panel feature [enabled]: 8-272
02-13 03:32:47.707  2038  3441 I CasManager: DBV changed from 558 to 556
02-13 03:32:47.707  2038  3441 I CasManager: DBV changed, but bin id not change, so trigger gain
02-13 03:32:47.707  2038  3441 W SDM     : DemuraIntfImpl::ProcessOemPluginGain: Thermal intf_ is nullptr 0, default to 25 degree
02-13 03:32:47.707  2038  3441 I SDM     : CasQcPlugIn::ProcessPerCompGainOppo: mode:PWM, fps:60, dbv:556, bin_dbv:1083, bright_adj:525
02-13 03:32:47.707  2038  3441 I SDM     : CasQcPlugIn::ProcessPerCompGainOppo: old: 0 0 0 64 92 297 1042 3072 |  0 0 0 56 107 330 1089 3072 |  0 0 0 44 80 270 928 3072 | 
02-13 03:32:47.707  2038  3441 I SDM     : CasQcPlugIn::ProcessPerCompGainOppo: new: 0 0 0 35 73 237  833 2917 |  0 0 0 31  77 264  871 2917 |  0 0 0 24 75 256 881 2917 | 
02-13 03:32:47.707  2038  3441 I SDM     : HWPeripheralDRM::SetPanelFeature: Set Panel feature property 20
02-13 03:32:47.707  2038  3441 I SDM     : HWPeripheralDRM::SetPanelFeature: Set Panel feature property 7
02-13 03:32:47.707  2038  3441 I SDM     : DisplayBuiltIn::TriggerDemuraOemPlugIn: Trigger demura oem plugin success
02-13 03:32:47.716  2038  2546 I SDM     : DRMPanelFeatureMgr::ApplyDirtyFeature: Commited panel feature [enabled]: 21-273
02-13 03:32:47.717  2038  2546 I SDM     : DRMPanelFeatureMgr::ApplyDirtyFeature: Commited panel feature [enabled]: 8-272
02-13 03:32:47.774  2139  2139 D SensorFeature: name=ssc_screenshot_info ,index = 22
02-13 03:32:47.774  2139  2139 D SensorFeature: write 35 bytes:6216348192523,6216399858148,20093,0
02-13 03:32:47.778  2038  3441 I CasManager: DBV changed from 556 to 554
02-13 03:32:47.778  2038  3441 I CasManager: DBV changed, but bin id not change, so trigger gain
02-13 03:32:47.778  2038  3441 W SDM     : DemuraIntfImpl::ProcessOemPluginGain: Thermal intf_ is nullptr 0, default to 25 degree
02-13 03:32:47.778  2038  3441 I SDM     : CasQcPlugIn::ProcessPerCompGainOppo: mode:PWM, fps:60, dbv:554, bin_dbv:1083, bright_adj:523
02-13 03:32:47.778  2038  3441 I SDM     : CasQcPlugIn::ProcessPerCompGainOppo: old: 0 0 0 64 92 297 1042 3072 |  0 0 0 56 107 330 1089 3072 |  0 0 0 44 80 270 928 3072 | 
02-13 03:32:47.778  2038  3441 I SDM     : CasQcPlugIn::ProcessPerCompGainOppo: new: 0 0 0 36 73 237  833 2910 |  0 0 0 31  77 264  871 2910 |  0 0 0 24 75 255 879 2910 | 
02-13 03:32:47.778  2038  3441 I SDM     : HWPeripheralDRM::SetPanelFeature: Set Panel feature property 20
02-13 03:32:47.778  2038  3441 I SDM     : HWPeripheralDRM::SetPanelFeature: Set Panel feature property 7
02-13 03:32:47.778  2038  3441 I SDM     : DisplayBuiltIn::TriggerDemuraOemPlugIn: Trigger demura oem plugin success
02-13 03:32:47.784  2038  2546 I SDM     : DRMPanelFeatureMgr::ApplyDirtyFeature: Commited panel feature [enabled]: 21-273
02-13 03:32:47.784  2038  2546 I SDM     : DRMPanelFeatureMgr::ApplyDirtyFeature: Commited panel feature [enabled]: 8-272
02-13 03:32:47.784  9444  9727 W DGW     : W[onSuccessfulResponse:862] StreamGroupTransport[notifgateway] on successful response. DGW is now connected.
02-13 03:32:47.811  2038  3441 I CasManager: DBV changed from 554 to 553
02-13 03:32:47.811  2038  3441 I CasManager: DBV changed, but bin id not change, so trigger gain
02-13 03:32:47.811  2038  3441 W SDM     : DemuraIntfImpl::ProcessOemPluginGain: Thermal intf_ is nullptr 0, default to 25 degree
02-13 03:32:47.811  2038  3441 I SDM     : CasQcPlugIn::ProcessPerCompGainOppo: mode:PWM, fps:60, dbv:553, bin_dbv:1083, bright_adj:522
02-13 03:32:47.811  2038  3441 I SDM     : CasQcPlugIn::ProcessPerCompGainOppo: old: 0 0 0 64 92 297 1042 3072 |  0 0 0 56 107 330 1089 3072 |  0 0 0 44 80 270 928 3072 | 
02-13 03:32:47.811  2038  3441 I SDM     : CasQcPlugIn::ProcessPerCompGainOppo: new: 0 0 0 36 73 237  833 2906 |  0 0 0 31  77 264  871 2906 |  0 0 0 24 75 255 878 2906 | 
02-13 03:32:47.812  2038  3441 I SDM     : HWPeripheralDRM::SetPanelFeature: Set Panel feature property 20
02-13 03:32:47.812  2038  3441 I SDM     : HWPeripheralDRM::SetPanelFeature: Set Panel feature property 7
02-13 03:32:47.812  2038  3441 I SDM     : DisplayBuiltIn::TriggerDemuraOemPlugIn: Trigger demura oem plugin success
02-13 03:32:47.815  2038  2546 I SDM     : DRMPanelFeatureMgr::ApplyDirtyFeature: Commited panel feature [enabled]: 21-273
02-13 03:32:47.815  2038  2546 I SDM     : DRMPanelFeatureMgr::ApplyDirtyFeature: Commited panel feature [enabled]: 8-272
02-13 03:32:47.849  2163  2262 E BatteryDamageDetect: online status not satify
02-13 03:32:47.850  2163  2262 E BatteryDamageDetect: online status not satify
02-13 03:32:47.853  3434  4459 W OPLUS_LOG_LOAD: ==LOGS PROG INFO, prog(system_server) ==
02-13 03:32:47.853  3434  4459 V AlarmManager: sending alarm Alarm{83822c9 type 1 origWhen 1770953567853 whenElapsed 6216480 android} uid 1000 whenElapsed 6216480 windowLength 0 maxWhenElapsed 6216480 repeatInterval 0 action null component null tag StorgaeBandInfoAlarmTag flags 0x9 procName system_server
02-13 03:32:47.855  3434 22530 E OplusStorageUFSBandwidth: storage_io_metrics_path is /proc/oplus_storage/io_metrics/forever/
02-13 03:32:47.856  3434 22530 E OplusStorageUFSBandwidth: Bandwidth - Read: 0.00 MB/s, Write: 0.00 MB/s
02-13 03:32:47.856  3434 22530 E OplusStorageUFSBandwidth: Task time: 1ms
02-13 03:32:47.857  3434 22530 E OplusStorageUFSBandwidth: Alarm set to trigger in 10 seconds
02-13 03:32:47.877  2038  3441 I CasManager: DBV changed from 553 to 551
02-13 03:32:47.878  2038  3441 I CasManager: DBV changed, but bin id not change, so trigger gain
02-13 03:32:47.878  2038  3441 W SDM     : DemuraIntfImpl::ProcessOemPluginGain: Thermal intf_ is nullptr 0, default to 25 degree
02-13 03:32:47.878  2038  3441 I SDM     : CasQcPlugIn::ProcessPerCompGainOppo: mode:PWM, fps:60, dbv:551, bin_dbv:1083, bright_adj:520
02-13 03:32:47.878  2038  3441 I SDM     : CasQcPlugIn::ProcessPerCompGainOppo: old: 0 0 0 64 92 297 1042 3072 |  0 0 0 56 107 330 1089 3072 |  0 0 0 44 80 270 928 3072 | 
02-13 03:32:47.878  2038  3441 I SDM     : CasQcPlugIn::ProcessPerCompGainOppo: new: 0 0 0 36 73 237  833 2899 |  0 0 0 31  77 264  871 2899 |  0 0 0 25 75 254 876 2899 | 
02-13 03:32:47.878  2038  3441 I SDM     : HWPeripheralDRM::SetPanelFeature: Set Panel feature property 20
02-13 03:32:47.878  2038  3441 I SDM     : HWPeripheralDRM::SetPanelFeature: Set Panel feature property 7
02-13 03:32:47.878  2038  3441 I SDM     : DisplayBuiltIn::TriggerDemuraOemPlugIn: Trigger demura oem plugin success
02-13 03:32:47.884  2038  2546 I SDM     : DRMPanelFeatureMgr::ApplyDirtyFeature: Commited panel feature [enabled]: 21-273
02-13 03:32:47.884  2038  2546 I SDM     : DRMPanelFeatureMgr::ApplyDirtyFeature: Commited panel feature [enabled]: 8-272
02-13 03:32:47.910  1967  2123 I sensors-hal: send_brightness:1007, light_iface: send_cfg, br 550, dc 0, power on 1, val 131622
02-13 03:32:47.910  2038  3441 I CasManager: DBV changed from 551 to 550
02-13 03:32:47.911  2038  3441 I CasManager: DBV changed, but bin id not change, so trigger gain
02-13 03:32:47.911  2038  3441 W SDM     : DemuraIntfImpl::ProcessOemPluginGain: Thermal intf_ is nullptr 0, default to 25 degree
02-13 03:32:47.911  2038  3441 I SDM     : CasQcPlugIn::ProcessPerCompGainOppo: mode:PWM, fps:60, dbv:550, bin_dbv:1083, bright_adj:520
02-13 03:32:47.911  2038  3441 I SDM     : CasQcPlugIn::ProcessPerCompGainOppo: old: 0 0 0 64 92 297 1042 3072 |  0 0 0 56 107 330 1089 3072 |  0 0 0 44 80 270 928 3072 | 
02-13 03:32:47.911  2038  3441 I SDM     : CasQcPlugIn::ProcessPerCompGainOppo: new: 0 0 0 36 73 237  833 2896 |  0 0 0 32  77 264  871 2896 |  0 0 0 25 75 254 874 2896 | 
02-13 03:32:47.911  2038  3441 I SDM     : HWPeripheralDRM::SetPanelFeature: Set Panel feature property 20
02-13 03:32:47.911  2038  3441 I SDM     : HWPeripheralDRM::SetPanelFeature: Set Panel feature property 7
02-13 03:32:47.911  2038  3441 I SDM     : DisplayBuiltIn::TriggerDemuraOemPlugIn: Trigger demura oem plugin success
02-13 03:32:47.914  5308 19621 D CommonApp-100-10742: transport layer data is invalid
02-13 03:32:47.915  5308 19621 D CommonApp-101-10742: udp pk is bigger than tcpPk,regard it as normal network
02-13 03:32:47.915  5308 19621 D CommonApp-101-10742: notifyScoreChange appScene COMMON score 100
02-13 03:32:47.915  5308 19621 D ScorePolicy: handleScoreChanged: []
02-13 03:32:47.915  5308 19621 D ScorePolicy: handleScoreChanged: []
02-13 03:32:47.916  3434  4677 D OplusL3Monitor: linkIndex=30, networkId=0, ignore
02-13 03:32:47.916  5308 19621 D ScorePolicy: handleScoreChanged: []
02-13 03:32:47.916  2038  2546 I SDM     : DRMPanelFeatureMgr::ApplyDirtyFeature: Commited panel feature [enabled]: 21-273
02-13 03:32:47.917  2038  2546 I SDM     : DRMPanelFeatureMgr::ApplyDirtyFeature: Commited panel feature [enabled]: 8-272
02-13 03:32:47.944  2038  3441 I CasManager: DBV changed from 550 to 549
02-13 03:32:47.944  2038  3441 I CasManager: DBV changed, but bin id not change, so trigger gain
02-13 03:32:47.944  2038  3441 W SDM     : DemuraIntfImpl::ProcessOemPluginGain: Thermal intf_ is nullptr 0, default to 25 degree
02-13 03:32:47.944  2038  3441 I SDM     : CasQcPlugIn::ProcessPerCompGainOppo: mode:PWM, fps:60, dbv:549, bin_dbv:1083, bright_adj:519
02-13 03:32:47.944  2038  3441 I SDM     : CasQcPlugIn::ProcessPerCompGainOppo: old: 0 0 0 64 92 297 1042 3072 |  0 0 0 56 107 330 1089 3072 |  0 0 0 44 80 270 928 3072 | 
02-13 03:32:47.944  2038  3441 I SDM     : CasQcPlugIn::ProcessPerCompGainOppo: new: 0 0 0 36 73 237  833 2892 |  0 0 0 32  78 264  871 2892 |  0 0 0 25 75 254 873 2892 | 
02-13 03:32:47.944  2038  3441 I SDM     : HWPeripheralDRM::SetPanelFeature: Set Panel feature property 20
02-13 03:32:47.944  2038  3441 I SDM     : HWPeripheralDRM::SetPanelFeature: Set Panel feature property 7
02-13 03:32:47.944  2038  3441 I SDM     : DisplayBuiltIn::TriggerDemuraOemPlugIn: Trigger demura oem plugin success
02-13 03:32:47.950  2038  2546 I SDM     : DRMPanelFeatureMgr::ApplyDirtyFeature: Commited panel feature [enabled]: 21-273
02-13 03:32:47.950  2038  2546 I SDM     : DRMPanelFeatureMgr::ApplyDirtyFeature: Commited panel feature [enabled]: 8-272
02-13 03:32:47.960  2038  3441 I CasManager: DBV changed from 549 to 548
02-13 03:32:47.960  2038  3441 I CasManager: DBV changed, but bin id not change, so trigger gain
02-13 03:32:47.960  2038  3441 W SDM     : DemuraIntfImpl::ProcessOemPluginGain: Thermal intf_ is nullptr 0, default to 25 degree
02-13 03:32:47.960  2038  3441 I SDM     : CasQcPlugIn::ProcessPerCompGainOppo: mode:PWM, fps:60, dbv:548, bin_dbv:1083, bright_adj:518
02-13 03:32:47.960  2038  3441 I SDM     : CasQcPlugIn::ProcessPerCompGainOppo: old: 0 0 0 64 92 297 1042 3072 |  0 0 0 56 107 330 1089 3072 |  0 0 0 44 80 270 928 3072 | 
02-13 03:32:47.960  2038  3441 I SDM     : CasQcPlugIn::ProcessPerCompGainOppo: new: 0 0 0 36 73 237  833 2889 |  0 0 0 32  78 264  871 2889 |  0 0 0 25 75 253 872 2889 | 
02-13 03:32:47.961  2038  3441 I SDM     : HWPeripheralDRM::SetPanelFeature: Set Panel feature property 20
02-13 03:32:47.961  2038  3441 I SDM     : HWPeripheralDRM::SetPanelFeature: Set Panel feature property 7
02-13 03:32:47.961  2038  3441 I SDM     : DisplayBuiltIn::TriggerDemuraOemPlugIn: Trigger demura oem plugin success
02-13 03:32:47.967  2038  2546 I SDM     : DRMPanelFeatureMgr::ApplyDirtyFeature: Commited panel feature [enabled]: 21-273
02-13 03:32:47.967  2038  2546 I SDM     : DRMPanelFeatureMgr::ApplyDirtyFeature: Commited panel feature [enabled]: 8-272
02-13 03:32:47.994  1967  4499 I sensors-hal: handle_oplus_wise_rgb_event:189, high_pwm_light:lux 3.4,cct 5300.0,brl/algo/ir 556.0/2.0/0.0,pwm/dc 0.0/0.0,rgbc 201.793243/158.384949/94.319450/430.757263,ts 6216389982797,cnt 48528,flag 85629
02-13 03:32:47.994  1967  6334 I sensors-hal: handle_oplus_wise_rgb_event:161, wise_rgb: (48525)(cct, lux, ir)[5300.00, 3.37, 0.000000] (r, g, b, c)[198.87, 155.34, 91.07, 430.76]                 (pwm, hbm, brl, algo)[0.0 0.0 556.0 2.0], flag 20093
02-13 03:32:48.027  2038  3441 I CasManager: DBV changed from 548 to 546
02-13 03:32:48.027  2038  3441 I CasManager: DBV changed, but bin id not change, so trigger gain
02-13 03:32:48.027  2038  3441 W SDM     : DemuraIntfImpl::ProcessOemPluginGain: Thermal intf_ is nullptr 0, default to 25 degree
02-13 03:32:48.027  2038  3441 I SDM     : CasQcPlugIn::ProcessPerCompGainOppo: mode:PWM, fps:60, dbv:546, bin_dbv:1083, bright_adj:516
02-13 03:32:48.027  2038  3441 I SDM     : CasQcPlugIn::ProcessPerCompGainOppo: old: 0 0 0 64 92 297 1042 3072 |  0 0 0 56 107 330 1089 3072 |  0 0 0 44 80 270 928 3072 | 
02-13 03:32:48.027  2038  3441 I SDM     : CasQcPlugIn::ProcessPerCompGainOppo: new: 0 0 0 37 73 237  833 2882 |  0 0 0 32  78 264  871 2882 |  0 0 0 25 75 253 870 2882 | 
02-13 03:32:48.027  2038  3441 I SDM     : HWPeripheralDRM::SetPanelFeature: Set Panel feature property 20
02-13 03:32:48.027  2038  3441 I SDM     : HWPeripheralDRM::SetPanelFeature: Set Panel feature property 7
02-13 03:32:48.027  2038  3441 I SDM     : DisplayBuiltIn::TriggerDemuraOemPlugIn: Trigger demura oem plugin success
02-13 03:32:48.033  2038  2546 I SDM     : DRMPanelFeatureMgr::ApplyDirtyFeature: Commited panel feature [enabled]: 21-273
02-13 03:32:48.033  2038  2546 I SDM     : DRMPanelFeatureMgr::ApplyDirtyFeature: Commited panel feature [enabled]: 8-272
02-13 03:32:48.060  2038  3441 I CasManager: DBV changed from 546 to 545
02-13 03:32:48.060  2038  3441 I CasManager: DBV changed, but bin id not change, so trigger gain
02-13 03:32:48.060  2038  3441 W SDM     : DemuraIntfImpl::ProcessOemPluginGain: Thermal intf_ is nullptr 0, default to 25 degree
02-13 03:32:48.060  2038  3441 I SDM     : CasQcPlugIn::ProcessPerCompGainOppo: mode:PWM, fps:60, dbv:545, bin_dbv:1083, bright_adj:515
02-13 03:32:48.060  2038  3441 I SDM     : CasQcPlugIn::ProcessPerCompGainOppo: old: 0 0 0 64 92 297 1042 3072 |  0 0 0 56 107 330 1089 3072 |  0 0 0 44 80 270 928 3072 | 
02-13 03:32:48.060  2038  3441 I SDM     : CasQcPlugIn::ProcessPerCompGainOppo: new: 0 0 0 37 73 237  833 2878 |  0 0 0 32  78 264  871 2878 |  0 0 0 25 74 253 869 2878 | 
02-13 03:32:48.060  2038  3441 I SDM     : HWPeripheralDRM::SetPanelFeature: Set Panel feature property 20
02-13 03:32:48.060  2038  3441 I SDM     : HWPeripheralDRM::SetPanelFeature: Set Panel feature property 7
02-13 03:32:48.060  2038  3441 I SDM     : DisplayBuiltIn::TriggerDemuraOemPlugIn: Trigger demura oem plugin success
02-13 03:32:48.064  2038  2546 I SDM     : DRMPanelFeatureMgr::ApplyDirtyFeature: Commited panel feature [enabled]: 21-273
02-13 03:32:48.064  2038  2546 I SDM     : DRMPanelFeatureMgr::ApplyDirtyFeature: Commited panel feature [enabled]: 8-272
02-13 03:32:48.071  1958  1958 D healthd : system healthd: battery l=91 v=4274 t=26.4 h=2 st=3 c=250 fc=5920000 cc=624 chg=
02-13 03:32:48.075  2139  2139 D SensorFeature: name=ssc_screenshot_info ,index = 22
02-13 03:32:48.075  2139  2139 D SensorFeature: write 35 bytes:6216348192523,6216701428773,20094,0
02-13 03:32:48.082  2163  2163 D ChargerInfo: getInfo: type: 0x1, update: 1
02-13 03:32:48.082  2163  2187 D ChargerInfo: chargerInfoUpdateThread: update start
02-13 03:32:48.110  2163  2187 D ChargerInfo: wlsAdapterPower: path(/sys/class/oplus_chg/wireless/max_w_power): not exist
02-13 03:32:48.110  2163  2187 D ChargerInfo: unknown: path(/sys/class/oplus_chg/ac/online) and backupPath(/sys/class/power_supply/ac/online) not exist
02-13 03:32:48.110  2163  2187 D ChargerInfo: get_ui_charge_icon_type: 0 0 0 0
02-13 03:32:48.110  2163  2187 D ChargerInfo: unknown: path(/sys/class/oplus_chg/ac/online) and backupPath(/sys/class/power_supply/ac/online) not exist
02-13 03:32:48.110  2163  2187 D ChargerInfo: unknown: path(/sys/class/power_supply/pc_port/online): not exist
02-13 03:32:48.110  2163  2187 E ChargerInfo: SingleHyperPath not found
02-13 03:32:48.111  2163  2187 D ChargerInfo: chargerInfoUpdateThread: update end
02-13 03:32:48.111  2163  2187 D ChargerInfo: chargerInfoUpdateThread: update wait
02-13 03:32:48.111  2163  2163 D ChargerInfo: wlsAdapterPower: path(/sys/class/oplus_chg/wireless/max_w_power): not exist
02-13 03:32:48.111  2163  2163 D ChargerInfo: getInfo: {"Update":{"batteryFcc":4480,"batteryRm":3134,"bddLeakCurr":0,"bmsStatus":0,"bypassChgStatus":1,"chargeTimeRemaining":0,"cpaPower":0,"enableTx":"disable","fastCharge":0,"isSupportSpeedCharge":0,"notifyCode":0,"otgOnline":0,"ppsChargePower":0,"ppsCharging":0,"shortCHwStatus":0,"shortIcOtpStatus":0,"uiIconType":0,"uiPower":0,"usbStatus":0,"wlsAdapterPower":0}}
02-13 03:32:48.112  3434  3704 D BatteryStatsImplExtImpl: updateStandbyStatistics time interval is too short, ingore.
02-13 03:32:48.112  3434  3704 D BatteryStatsImplExtImpl: rpmhStats is null or interval time is too short.
02-13 03:32:48.143  2038  3441 I CasManager: DBV changed from 545 to 543
02-13 03:32:48.143  2038  3441 I CasManager: DBV changed, but bin id not change, so trigger gain
02-13 03:32:48.143  2038  3441 W SDM     : DemuraIntfImpl::ProcessOemPluginGain: Thermal intf_ is nullptr 0, default to 25 degree
02-13 03:32:48.143  2038  3441 I SDM     : CasQcPlugIn::ProcessPerCompGainOppo: mode:PWM, fps:60, dbv:543, bin_dbv:1083, bright_adj:513
02-13 03:32:48.143  2038  3441 I SDM     : CasQcPlugIn::ProcessPerCompGainOppo: old: 0 0 0 64 92 297 1042 3072 |  0 0 0 56 107 330 1089 3072 |  0 0 0 44 80 270 928 3072 | 
02-13 03:32:48.143  2038  3441 I SDM     : CasQcPlugIn::ProcessPerCompGainOppo: new: 0 0 0 37 73 237  833 2871 |  0 0 0 32  78 264  871 2871 |  0 0 0 25 74 252 867 2871 | 
02-13 03:32:48.143  2038  3441 I SDM     : HWPeripheralDRM::SetPanelFeature: Set Panel feature property 20
02-13 03:32:48.143  2038  3441 I SDM     : HWPeripheralDRM::SetPanelFeature: Set Panel feature property 7
02-13 03:32:48.143  2038  3441 I SDM     : DisplayBuiltIn::TriggerDemuraOemPlugIn: Trigger demura oem plugin success
02-13 03:32:48.149  2038  2546 I SDM     : DRMPanelFeatureMgr::ApplyDirtyFeature: Commited panel feature [enabled]: 21-273
02-13 03:32:48.150  2038  2546 I SDM     : DRMPanelFeatureMgr::ApplyDirtyFeature: Commited panel feature [enabled]: 8-272
02-13 03:32:48.226  2038  3441 I CasManager: DBV changed from 543 to 541
02-13 03:32:48.226  2038  3441 I CasManager: DBV changed, but bin id not change, so trigger gain
02-13 03:32:48.226  2038  3441 W SDM     : DemuraIntfImpl::ProcessOemPluginGain: Thermal intf_ is nullptr 0, default to 25 degree
02-13 03:32:48.226  2038  3441 I SDM     : CasQcPlugIn::ProcessPerCompGainOppo: mode:PWM, fps:60, dbv:541, bin_dbv:1083, bright_adj:511
02-13 03:32:48.226  2038  3441 I SDM     : CasQcPlugIn::ProcessPerCompGainOppo: old: 0 0 0 64 92 297 1042 3072 |  0 0 0 56 107 330 1089 3072 |  0 0 0 44 80 270 928 3072 | 
02-13 03:32:48.226  2038  3441 I SDM     : CasQcPlugIn::ProcessPerCompGainOppo: new: 0 0 0 37 73 237  833 2864 |  0 0 0 32  78 264  871 2864 |  0 0 0 25 74 251 865 2864 | 
02-13 03:32:48.226  2038  3441 I SDM     : HWPeripheralDRM::SetPanelFeature: Set Panel feature property 20
02-13 03:32:48.226  2038  3441 I SDM     : HWPeripheralDRM::SetPanelFeature: Set Panel feature property 7
02-13 03:32:48.226  2038  3441 I SDM     : DisplayBuiltIn::TriggerDemuraOemPlugIn: Trigger demura oem plugin success
02-13 03:32:48.232  2038  2546 I SDM     : DRMPanelFeatureMgr::ApplyDirtyFeature: Commited panel feature [enabled]: 21-273
02-13 03:32:48.232  2038  2546 I SDM     : DRMPanelFeatureMgr::ApplyDirtyFeature: Commited panel feature [enabled]: 8-272
02-13 03:32:48.242  2038  3441 I CasManager: DBV changed from 541 to 540
02-13 03:32:48.242  2038  3441 I CasManager: DBV changed, but bin id not change, so trigger gain
02-13 03:32:48.243  2038  3441 W SDM     : DemuraIntfImpl::ProcessOemPluginGain: Thermal intf_ is nullptr 0, default to 25 degree
02-13 03:32:48.243  2038  3441 I SDM     : CasQcPlugIn::ProcessPerCompGainOppo: mode:PWM, fps:60, dbv:540, bin_dbv:1083, bright_adj:510
02-13 03:32:48.243  2038  3441 I SDM     : CasQcPlugIn::ProcessPerCompGainOppo: old: 0 0 0 64 92 297 1042 3072 |  0 0 0 56 107 330 1089 3072 |  0 0 0 44 80 270 928 3072 | 
02-13 03:32:48.243  2038  3441 I SDM     : CasQcPlugIn::ProcessPerCompGainOppo: new: 0 0 0 37 73 237  833 2861 |  0 0 0 33  78 264  871 2861 |  0 0 0 25 74 251 864 2861 | 
02-13 03:32:48.243  2038  3441 I SDM     : HWPeripheralDRM::SetPanelFeature: Set Panel feature property 20
02-13 03:32:48.243  2038  3441 I SDM     : HWPeripheralDRM::SetPanelFeature: Set Panel feature property 7
02-13 03:32:48.243  2038  3441 I SDM     : DisplayBuiltIn::TriggerDemuraOemPlugIn: Trigger demura oem plugin success
02-13 03:32:48.249  2038  2546 I SDM     : DRMPanelFeatureMgr::ApplyDirtyFeature: Commited panel feature [enabled]: 21-273
02-13 03:32:48.249  2038  2546 I SDM     : DRMPanelFeatureMgr::ApplyDirtyFeature: Commited panel feature [enabled]: 8-272
02-13 03:32:48.258  1967  6334 I sensors-hal: handle_oplus_wise_rgb_event:161, wise_rgb: (48530)(cct, lux, ir)[5300.00, 3.35, 0.000000] (r, g, b, c)[201.79, 158.38, 94.32, 433.79]                 (pwm, hbm, brl, algo)[0.0 0.0 546.0 2.0], flag 20094
02-13 03:32:48.264  1967  6350 I sensors-hal: handle_sns_std_sensor_event:114, oplus rgb_rear sample: (cct, lux, ir, x, y)[1591, 0, 100000, 387, 234]
02-13 03:32:48.264  1967  6350 I sensors-hal: handle_sns_std_sensor_event:116, oplus rgb_rear sample: (r, g, b, c w)[2, 2, 3, 2, 2]
02-13 03:32:48.264  3434  6325 I AICCTModule: SensorFilter: brightness threshold 1.2 screenNit is 16.3324 ave enviroment lux is 5.0524387 luxForNit 15.529433demarcationPoint200.0 result is false
02-13 03:32:48.264  3434  6325 I AICCTModule: SensorFilter: findSecondNearestValue, sensorValue: 5300.0 nearestMaxValue:5300.0 secondNearestValue: 5300.0
02-13 03:32:48.264  3434  6325 I AICCTModule: SensorFilter: findSecondNearestValue, sensorValue: 10.205304 nearestMaxValue:5.064942 secondNearestValue: 5.064942
02-13 03:32:48.325  2038  3441 I CasManager: DBV changed from 540 to 539
02-13 03:32:48.325  2038  3441 I CasManager: DBV changed, but bin id not change, so trigger gain
02-13 03:32:48.325  2038  3441 W SDM     : DemuraIntfImpl::ProcessOemPluginGain: Thermal intf_ is nullptr 0, default to 25 degree
02-13 03:32:48.326  2038  3441 I SDM     : CasQcPlugIn::ProcessPerCompGainOppo: mode:PWM, fps:60, dbv:539, bin_dbv:1083, bright_adj:509
02-13 03:32:48.326  2038  3441 I SDM     : CasQcPlugIn::ProcessPerCompGainOppo: old: 0 0 0 64 92 297 1042 3072 |  0 0 0 56 107 330 1089 3072 |  0 0 0 44 80 270 928 3072 | 
02-13 03:32:48.326  2038  3441 I SDM     : CasQcPlugIn::ProcessPerCompGainOppo: new: 0 0 0 37 73 237  833 2857 |  0 0 0 33  78 264  871 2857 |  0 0 0 26 74 251 863 2857 | 
02-13 03:32:48.326  2038  3441 I SDM     : HWPeripheralDRM::SetPanelFeature: Set Panel feature property 20
02-13 03:32:48.326  2038  3441 I SDM     : HWPeripheralDRM::SetPanelFeature: Set Panel feature property 7
02-13 03:32:48.326  2038  3441 I SDM     : DisplayBuiltIn::TriggerDemuraOemPlugIn: Trigger demura oem plugin success
02-13 03:32:48.332  2038  2546 I SDM     : DRMPanelFeatureMgr::ApplyDirtyFeature: Commited panel feature [enabled]: 21-273
02-13 03:32:48.332  2038  2546 I SDM     : DRMPanelFeatureMgr::ApplyDirtyFeature: Commited panel feature [enabled]: 8-272
02-13 03:32:48.367  8729  9331 D gaia-GaiaConnectChecker: start connect check++
02-13 03:32:48.375  2038  3441 I CasManager: DBV changed from 539 to 537
02-13 03:32:48.375  2038  3441 I CasManager: DBV changed, but bin id not change, so trigger gain
02-13 03:32:48.375  2038  3441 W SDM     : DemuraIntfImpl::ProcessOemPluginGain: Thermal intf_ is nullptr 0, default to 25 degree
02-13 03:32:48.375  2038  3441 I SDM     : CasQcPlugIn::ProcessPerCompGainOppo: mode:PWM, fps:60, dbv:537, bin_dbv:1083, bright_adj:507
02-13 03:32:48.375  2038  3441 I SDM     : CasQcPlugIn::ProcessPerCompGainOppo: old: 0 0 0 64 92 297 1042 3072 |  0 0 0 56 107 330 1089 3072 |  0 0 0 44 80 270 928 3072 | 
02-13 03:32:48.375  2038  3441 I SDM     : CasQcPlugIn::ProcessPerCompGainOppo: new: 0 0 0 38 73 237  833 2850 |  0 0 0 33  78 264  871 2850 |  0 0 0 26 74 250 861 2850 | 
02-13 03:32:48.375  2038  3441 I SDM     : HWPeripheralDRM::SetPanelFeature: Set Panel feature property 20
02-13 03:32:48.375  2038  3441 I SDM     : HWPeripheralDRM::SetPanelFeature: Set Panel feature property 7
02-13 03:32:48.375  2038  3441 I SDM     : DisplayBuiltIn::TriggerDemuraOemPlugIn: Trigger demura oem plugin success
02-13 03:32:48.377  2139  2139 D SensorFeature: name=ssc_screenshot_info ,index = 22
02-13 03:32:48.377  2139  2139 D SensorFeature: write 35 bytes:6216348192523,6217003432210,20095,0
02-13 03:32:48.379  2038  8523 I SDM     : DCCompensate::GetMonotonicTime: caculate the accutime ,curent tinme is 6216 end time is 6217 accultime is 1
02-13 03:32:48.382  2038  2546 I SDM     : DRMPanelFeatureMgr::ApplyDirtyFeature: Commited panel feature [enabled]: 21-273
02-13 03:32:48.382  2038  2546 I SDM     : DRMPanelFeatureMgr::ApplyDirtyFeature: Commited panel feature [enabled]: 8-272
02-13 03:32:48.408  1967  2123 I sensors-hal: send_brightness:1007, light_iface: send_cfg, br 536, dc 0, power on 1, val 131608
02-13 03:32:48.408  2038  3441 I CasManager: DBV changed from 537 to 536
02-13 03:32:48.408  2038  3441 I CasManager: DBV changed, but bin id not change, so trigger gain
02-13 03:32:48.409  2038  3441 W SDM     : DemuraIntfImpl::ProcessOemPluginGain: Thermal intf_ is nullptr 0, default to 25 degree
02-13 03:32:48.409  2038  3441 I SDM     : CasQcPlugIn::ProcessPerCompGainOppo: mode:PWM, fps:60, dbv:536, bin_dbv:1083, bright_adj:506
02-13 03:32:48.409  2038  3441 I SDM     : CasQcPlugIn::ProcessPerCompGainOppo: old: 0 0 0 64 92 297 1042 3072 |  0 0 0 56 107 330 1089 3072 |  0 0 0 44 80 270 928 3072 | 
02-13 03:32:48.409  2038  3441 I SDM     : CasQcPlugIn::ProcessPerCompGainOppo: new: 0 0 0 38 73 237  833 2847 |  0 0 0 33  78 264  871 2847 |  0 0 0 26 74 250 860 2847 | 
02-13 03:32:48.409  2038  3441 I SDM     : HWPeripheralDRM::SetPanelFeature: Set Panel feature property 20
02-13 03:32:48.409  2038  3441 I SDM     : HWPeripheralDRM::SetPanelFeature: Set Panel feature property 7
02-13 03:32:48.409  2038  3441 I SDM     : DisplayBuiltIn::TriggerDemuraOemPlugIn: Trigger demura oem plugin success
02-13 03:32:48.416  2038  2546 I SDM     : DRMPanelFeatureMgr::ApplyDirtyFeature: Commited panel feature [enabled]: 21-273
02-13 03:32:48.416  2038  2546 I SDM     : DRMPanelFeatureMgr::ApplyDirtyFeature: Commited panel feature [enabled]: 8-272
02-13 03:32:48.441  2038  3441 I CasManager: DBV changed from 536 to 535
02-13 03:32:48.441  2038  3441 I CasManager: DBV changed, but bin id not change, so trigger gain
02-13 03:32:48.442  2038  3441 W SDM     : DemuraIntfImpl::ProcessOemPluginGain: Thermal intf_ is nullptr 0, default to 25 degree
02-13 03:32:48.442  2038  3441 I SDM     : CasQcPlugIn::ProcessPerCompGainOppo: mode:PWM, fps:60, dbv:535, bin_dbv:1083, bright_adj:505
02-13 03:32:48.442  2038  3441 I SDM     : CasQcPlugIn::ProcessPerCompGainOppo: old: 0 0 0 64 92 297 1042 3072 |  0 0 0 56 107 330 1089 3072 |  0 0 0 44 80 270 928 3072 | 
02-13 03:32:48.442  2038  3441 I SDM     : CasQcPlugIn::ProcessPerCompGainOppo: new: 0 0 0 38 73 237  833 2843 |  0 0 0 33  78 264  871 2843 |  0 0 0 26 74 249 859 2843 | 
02-13 03:32:48.442  2038  3441 I SDM     : HWPeripheralDRM::SetPanelFeature: Set Panel feature property 20
02-13 03:32:48.442  2038  3441 I SDM     : HWPeripheralDRM::SetPanelFeature: Set Panel feature property 7
02-13 03:32:48.442  2038  3441 I SDM     : DisplayBuiltIn::TriggerDemuraOemPlugIn: Trigger demura oem plugin success
02-13 03:32:48.448  2038  2546 I SDM     : DRMPanelFeatureMgr::ApplyDirtyFeature: Commited panel feature [enabled]: 21-273
02-13 03:32:48.448  2038  2546 I SDM     : DRMPanelFeatureMgr::ApplyDirtyFeature: Commited panel feature [enabled]: 8-272
02-13 03:32:48.524  1967  4499 I sensors-hal: handle_oplus_wise_rgb_event:189, high_pwm_light:lux 3.3,cct 5300.0,brl/algo/ir 539.0/2.0/0.0,pwm/dc 0.0/0.0,rgbc 201.793243/161.430817/94.319450/430.757263,ts 6216978600765,cnt 48538,flag 85631
02-13 03:32:48.524  1967  6334 I sensors-hal: handle_oplus_wise_rgb_event:161, wise_rgb: (48535)(cct, lux, ir)[5300.00, 3.25, 0.000000] (r, g, b, c)[204.72, 155.34, 94.32, 430.76]                 (pwm, hbm, brl, algo)[0.0 0.0 539.0 2.0], flag 20095
02-13 03:32:48.524  2038  3441 I CasManager: DBV changed from 535 to 534
02-13 03:32:48.525  2038  3441 I CasManager: DBV changed, but bin id not change, so trigger gain
02-13 03:32:48.525  2038  3441 W SDM     : DemuraIntfImpl::ProcessOemPluginGain: Thermal intf_ is nullptr 0, default to 25 degree
02-13 03:32:48.525  2038  3441 I SDM     : CasQcPlugIn::ProcessPerCompGainOppo: mode:PWM, fps:60, dbv:534, bin_dbv:1083, bright_adj:504
02-13 03:32:48.525  2038  3441 I SDM     : CasQcPlugIn::ProcessPerCompGainOppo: old: 0 0 0 64 92 297 1042 3072 |  0 0 0 56 107 330 1089 3072 |  0 0 0 44 80 270 928 3072 | 
02-13 03:32:48.525  2038  3441 I SDM     : CasQcPlugIn::ProcessPerCompGainOppo: new: 0 0 0 38 73 237  833 2840 |  0 0 0 33  78 264  871 2840 |  0 0 0 26 73 249 858 2840 | 
02-13 03:32:48.525  2038  3441 I SDM     : HWPeripheralDRM::SetPanelFeature: Set Panel feature property 20
02-13 03:32:48.525  2038  3441 I SDM     : HWPeripheralDRM::SetPanelFeature: Set Panel feature property 7
02-13 03:32:48.525  2038  3441 I SDM     : DisplayBuiltIn::TriggerDemuraOemPlugIn: Trigger demura oem plugin success
02-13 03:32:48.531  2038  2546 I SDM     : DRMPanelFeatureMgr::ApplyDirtyFeature: Commited panel feature [enabled]: 21-273
02-13 03:32:48.531  2038  2546 I SDM     : DRMPanelFeatureMgr::ApplyDirtyFeature: Commited panel feature [enabled]: 8-272
02-13 03:32:48.558  2038  3441 I CasManager: DBV changed from 534 to 533
02-13 03:32:48.558  2038  3441 I CasManager: DBV changed, but bin id not change, so trigger gain
02-13 03:32:48.558  2038  3441 W SDM     : DemuraIntfImpl::ProcessOemPluginGain: Thermal intf_ is nullptr 0, default to 25 degree
02-13 03:32:48.558  2038  3441 I SDM     : CasQcPlugIn::ProcessPerCompGainOppo: mode:PWM, fps:60, dbv:533, bin_dbv:1083, bright_adj:503
02-13 03:32:48.558  2038  3441 I SDM     : CasQcPlugIn::ProcessPerCompGainOppo: old: 0 0 0 64 92 297 1042 3072 |  0 0 0 56 107 330 1089 3072 |  0 0 0 44 80 270 928 3072 | 
02-13 03:32:48.558  2038  3441 I SDM     : CasQcPlugIn::ProcessPerCompGainOppo: new: 0 0 0 38 73 237  833 2836 |  0 0 0 33  78 264  871 2836 |  0 0 0 26 73 249 856 2836 | 
02-13 03:32:48.558  2038  3441 I SDM     : HWPeripheralDRM::SetPanelFeature: Set Panel feature property 20
02-13 03:32:48.558  2038  3441 I SDM     : HWPeripheralDRM::SetPanelFeature: Set Panel feature property 7
02-13 03:32:48.558  2038  3441 I SDM     : DisplayBuiltIn::TriggerDemuraOemPlugIn: Trigger demura oem plugin success
02-13 03:32:48.564  2038  2546 I SDM     : DRMPanelFeatureMgr::ApplyDirtyFeature: Commited panel feature [enabled]: 21-273
02-13 03:32:48.564  2038  2546 I SDM     : DRMPanelFeatureMgr::ApplyDirtyFeature: Commited panel feature [enabled]: 8-272
02-13 03:32:48.590  2038  3441 I CasManager: DBV changed from 533 to 532
02-13 03:32:48.590  2038  3441 I CasManager: DBV changed, but bin id not change, so trigger gain
02-13 03:32:48.591  2038  3441 W SDM     : DemuraIntfImpl::ProcessOemPluginGain: Thermal intf_ is nullptr 0, default to 25 degree
02-13 03:32:48.591  2038  3441 I SDM     : CasQcPlugIn::ProcessPerCompGainOppo: mode:PWM, fps:60, dbv:532, bin_dbv:1083, bright_adj:503
02-13 03:32:48.591  2038  3441 I SDM     : CasQcPlugIn::ProcessPerCompGainOppo: old: 0 0 0 64 92 297 1042 3072 |  0 0 0 56 107 330 1089 3072 |  0 0 0 44 80 270 928 3072 | 
02-13 03:32:48.591  2038  3441 I SDM     : CasQcPlugIn::ProcessPerCompGainOppo: new: 0 0 0 38 73 237  833 2833 |  0 0 0 33  79 264  871 2833 |  0 0 0 26 73 249 855 2833 | 
02-13 03:32:48.591  2038  3441 I SDM     : HWPeripheralDRM::SetPanelFeature: Set Panel feature property 20
02-13 03:32:48.591  2038  3441 I SDM     : HWPeripheralDRM::SetPanelFeature: Set Panel feature property 7
02-13 03:32:48.591  2038  3441 I SDM     : DisplayBuiltIn::TriggerDemuraOemPlugIn: Trigger demura oem plugin success
02-13 03:32:48.595  2038  2546 I SDM     : DRMPanelFeatureMgr::ApplyDirtyFeature: Commited panel feature [enabled]: 21-273
02-13 03:32:48.595  2038  2546 I SDM     : DRMPanelFeatureMgr::ApplyDirtyFeature: Commited panel feature [enabled]: 8-272
02-13 03:32:48.629  3434  4310 D CompressAction: set affinity failed.
02-13 03:32:48.631  3434  4310 E OsenseCommonUtils: write /dev/memcg/memory.force_shrink_file failed
02-13 03:32:48.631  3434  4310 E OsenseCommonUtils: java.io.IOException: write failed: EBUSY (Device or resource busy)
02-13 03:32:48.631  3434  4310 E OsenseCommonUtils: 	at libcore.io.IoBridge.write(IoBridge.java:651)
02-13 03:32:48.631  3434  4310 E OsenseCommonUtils: 	at java.io.FileOutputStream.write(FileOutputStream.java:436)
02-13 03:32:48.631  3434  4310 E OsenseCommonUtils: 	at sun.nio.cs.StreamEncoder.writeBytes(StreamEncoder.java:233)
02-13 03:32:48.631  3434  4310 E OsenseCommonUtils: 	at sun.nio.cs.StreamEncoder.implFlushBuffer(StreamEncoder.java:309)
02-13 03:32:48.631  3434  4310 E OsenseCommonUtils: 	at sun.nio.cs.StreamEncoder.implFlush(StreamEncoder.java:313)
02-13 03:32:48.631  3434  4310 E OsenseCommonUtils: 	at sun.nio.cs.StreamEncoder.flush(StreamEncoder.java:153)
02-13 03:32:48.631  3434  4310 E OsenseCommonUtils: 	at java.io.OutputStreamWriter.flush(OutputStreamWriter.java:248)
02-13 03:32:48.631  3434  4310 E OsenseCommonUtils: 	at com.android.server.oplus.osense.utils.OsenseCommonUtils.writeFile(OsenseCommonUtils.java:154)
02-13 03:32:48.631  3434  4310 E OsenseCommonUtils: 	at com.android.server.am.OplusOsenseCompressAction.doGlobalShrink(OplusOsenseCompressAction.java:1886)
02-13 03:32:48.631  3434  4310 E OsenseCommonUtils: 	at com.android.server.am.OplusOsenseCompressAction.-$$Nest$mdoGlobalShrink(Unknown Source:0)
02-13 03:32:48.631  3434  4310 E OsenseCommonUtils: 	at com.android.server.am.OplusOsenseCompressAction$CompressHandler.handleMessage(OplusOsenseCompressAction.java:1334)
