02-13 03:32:48.631  3434  4310 E OsenseCommonUtils: 	at android.os.Handler.dispatchMessage(Handler.java:115)
02-13 03:32:48.631  3434  4310 E OsenseCommonUtils: 	at android.os.Looper.loopOnce(Looper.java:298)
02-13 03:32:48.631  3434  4310 E OsenseCommonUtils: 	at android.os.Looper.loop(Looper.java:408)
02-13 03:32:48.631  3434  4310 E OsenseCommonUtils: 	at android.os.HandlerThread.run(HandlerThread.java:85)
02-13 03:32:48.631  3434  4310 E OsenseCommonUtils: Caused by: android.system.ErrnoException: write failed: EBUSY (Device or resource busy)
02-13 03:32:48.631  3434  4310 E OsenseCommonUtils: 	at libcore.io.Linux.writeBytes(Native Method)
02-13 03:32:48.631  3434  4310 E OsenseCommonUtils: 	at libcore.io.Linux.write(Linux.java:338)
02-13 03:32:48.631  3434  4310 E OsenseCommonUtils: 	at libcore.io.ForwardingOs.write(ForwardingOs.java:954)
02-13 03:32:48.631  3434  4310 E OsenseCommonUtils: 	at libcore.io.BlockGuardOs.write(BlockGuardOs.java:448)
02-13 03:32:48.631  3434  4310 E OsenseCommonUtils: 	at libcore.io.IoBridge.write(IoBridge.java:646)
02-13 03:32:48.631  3434  4310 E OsenseCommonUtils: 	... 14 more
02-13 03:32:48.652  2038  3441 I CasManager: DBV changed from 532 to 531
02-13 03:32:48.652  2038  3441 I CasManager: DBV changed, but bin id not change, so trigger gain
02-13 03:32:48.652  2038  3441 W SDM     : DemuraIntfImpl::ProcessOemPluginGain: Thermal intf_ is nullptr 0, default to 25 degree
02-13 03:32:48.652  2038  3441 I SDM     : CasQcPlugIn::ProcessPerCompGainOppo: mode:PWM, fps:60, dbv:531, bin_dbv:1083, bright_adj:502
02-13 03:32:48.653  2038  3441 I SDM     : CasQcPlugIn::ProcessPerCompGainOppo: old: 0 0 0 64 92 297 1042 3072 |  0 0 0 56 107 330 1089 3072 |  0 0 0 44 80 270 928 3072 | 
02-13 03:32:48.653  2038  3441 I SDM     : CasQcPlugIn::ProcessPerCompGainOppo: new: 0 0 0 38 73 237  833 2829 |  0 0 0 33  79 264  871 2829 |  0 0 0 26 73 248 854 2829 | 
02-13 03:32:48.653  2038  3441 I SDM     : HWPeripheralDRM::SetPanelFeature: Set Panel feature property 20
02-13 03:32:48.653  2038  3441 I SDM     : HWPeripheralDRM::SetPanelFeature: Set Panel feature property 7
02-13 03:32:48.653  2038  3441 I SDM     : DisplayBuiltIn::TriggerDemuraOemPlugIn: Trigger demura oem plugin success
02-13 03:32:48.665  2038  2546 I SDM     : DRMPanelFeatureMgr::ApplyDirtyFeature: Commited panel feature [enabled]: 21-273
02-13 03:32:48.665  2038  2546 I SDM     : DRMPanelFeatureMgr::ApplyDirtyFeature: Commited panel feature [enabled]: 8-272
02-13 03:32:48.722  2139  2139 D SensorFeature: name=ssc_screenshot_info ,index = 22
02-13 03:32:48.722  2139  2139 D SensorFeature: write 35 bytes:6217295621117,6217347320179,20096,0
02-13 03:32:48.742  2038  3441 I CasManager: DBV changed from 531 to 529
02-13 03:32:48.742  2038  3441 I CasManager: DBV changed, but bin id not change, so trigger gain
02-13 03:32:48.742  2038  3441 W SDM     : DemuraIntfImpl::ProcessOemPluginGain: Thermal intf_ is nullptr 0, default to 25 degree
02-13 03:32:48.742  2038  3441 I SDM     : CasQcPlugIn::ProcessPerCompGainOppo: mode:PWM, fps:60, dbv:529, bin_dbv:1083, bright_adj:500
02-13 03:32:48.742  2038  3441 I SDM     : CasQcPlugIn::ProcessPerCompGainOppo: old: 0 0 0 64 92 297 1042 3072 |  0 0 0 56 107 330 1089 3072 |  0 0 0 44 80 270 928 3072 | 
02-13 03:32:48.742  2038  3441 I SDM     : CasQcPlugIn::ProcessPerCompGainOppo: new: 0 0 0 39 73 237  833 2822 |  0 0 0 34  79 264  871 2822 |  0 0 0 26 73 248 852 2822 | 
02-13 03:32:48.742  2038  3441 I SDM     : HWPeripheralDRM::SetPanelFeature: Set Panel feature property 20
02-13 03:32:48.742  2038  3441 I SDM     : HWPeripheralDRM::SetPanelFeature: Set Panel feature property 7
02-13 03:32:48.742  2038  3441 I SDM     : DisplayBuiltIn::TriggerDemuraOemPlugIn: Trigger demura oem plugin success
02-13 03:32:48.746  2038  2546 I SDM     : DRMPanelFeatureMgr::ApplyDirtyFeature: Commited panel feature [enabled]: 21-273
02-13 03:32:48.746  2038  2546 I SDM     : DRMPanelFeatureMgr::ApplyDirtyFeature: Commited panel feature [enabled]: 8-272
02-13 03:32:48.756  2038  3441 I CasManager: DBV changed from 529 to 528
02-13 03:32:48.756  2038  3441 I CasManager: DBV changed, but bin id not change, so trigger gain
02-13 03:32:48.756  2038  3441 W SDM     : DemuraIntfImpl::ProcessOemPluginGain: Thermal intf_ is nullptr 0, default to 25 degree
02-13 03:32:48.756  2038  3441 I SDM     : CasQcPlugIn::ProcessPerCompGainOppo: mode:PWM, fps:60, dbv:528, bin_dbv:1083, bright_adj:499
02-13 03:32:48.756  2038  3441 I SDM     : CasQcPlugIn::ProcessPerCompGainOppo: old: 0 0 0 64 92 297 1042 3072 |  0 0 0 56 107 330 1089 3072 |  0 0 0 44 80 270 928 3072 | 
02-13 03:32:48.756  2038  3441 I SDM     : CasQcPlugIn::ProcessPerCompGainOppo: new: 0 0 0 39 73 237  833 2819 |  0 0 0 34  79 264  871 2819 |  0 0 0 26 73 247 851 2819 | 
02-13 03:32:48.756  2038  3441 I SDM     : HWPeripheralDRM::SetPanelFeature: Set Panel feature property 20
02-13 03:32:48.756  2038  3441 I SDM     : HWPeripheralDRM::SetPanelFeature: Set Panel feature property 7
02-13 03:32:48.756  2038  3441 I SDM     : DisplayBuiltIn::TriggerDemuraOemPlugIn: Trigger demura oem plugin success
02-13 03:32:48.761  2038  2546 I SDM     : DRMPanelFeatureMgr::ApplyDirtyFeature: Commited panel feature [enabled]: 21-273
02-13 03:32:48.761  2038  2546 I SDM     : DRMPanelFeatureMgr::ApplyDirtyFeature: Commited panel feature [enabled]: 8-272
02-13 03:32:48.790  3434  4452 D FusionLightNextGen: process end reported = 1, mode: 0, cnt: 23340, lux 5.0, cct 5300.0, r/g/b/c: 195.9/152.3/97.6/424.7, R/G/B: 17.0/18.0/22.0, bri 531.0, match 1.00, ir 0.036176, conf 2.0, ts 6217326556859
02-13 03:32:48.790  1967  6334 I sensors-hal: handle_oplus_wise_rgb_event:161, wise_rgb: (48540)(cct, lux, ir)[5300.00, 3.27, 0.000000] (r, g, b, c)[198.87, 155.34, 91.07, 424.69]                 (pwm, hbm, brl, algo)[0.0 0.0 531.0 2.0], flag 20096
02-13 03:32:48.806  2038  3441 I CasManager: DBV changed from 528 to 527
02-13 03:32:48.806  2038  3441 I CasManager: DBV changed, but bin id not change, so trigger gain
02-13 03:32:48.807  2038  3441 W SDM     : DemuraIntfImpl::ProcessOemPluginGain: Thermal intf_ is nullptr 0, default to 25 degree
02-13 03:32:48.807  2038  3441 I SDM     : CasQcPlugIn::ProcessPerCompGainOppo: mode:PWM, fps:60, dbv:527, bin_dbv:1083, bright_adj:498
02-13 03:32:48.807  2038  3441 I SDM     : CasQcPlugIn::ProcessPerCompGainOppo: old: 0 0 0 64 92 297 1042 3072 |  0 0 0 56 107 330 1089 3072 |  0 0 0 44 80 270 928 3072 | 
02-13 03:32:48.807  2038  3441 I SDM     : CasQcPlugIn::ProcessPerCompGainOppo: new: 0 0 0 39 73 237  833 2815 |  0 0 0 34  79 264  871 2815 |  0 0 0 26 73 247 850 2815 | 
02-13 03:32:48.807  2038  3441 I SDM     : HWPeripheralDRM::SetPanelFeature: Set Panel feature property 20
02-13 03:32:48.807  2038  3441 I SDM     : HWPeripheralDRM::SetPanelFeature: Set Panel feature property 7
02-13 03:32:48.807  2038  3441 I SDM     : DisplayBuiltIn::TriggerDemuraOemPlugIn: Trigger demura oem plugin success
02-13 03:32:48.810  2038  2546 I SDM     : DRMPanelFeatureMgr::ApplyDirtyFeature: Commited panel feature [enabled]: 21-273
02-13 03:32:48.811  2038  2546 I SDM     : DRMPanelFeatureMgr::ApplyDirtyFeature: Commited panel feature [enabled]: 8-272
02-13 03:32:48.850  2163  2262 E BatteryDamageDetect: online status not satify
02-13 03:32:48.851  2163  2262 E BatteryDamageDetect: online status not satify
02-13 03:32:48.889  2038  3441 I CasManager: DBV changed from 527 to 525
02-13 03:32:48.889  2038  3441 I CasManager: DBV changed, but bin id not change, so trigger gain
02-13 03:32:48.889  2038  3441 W SDM     : DemuraIntfImpl::ProcessOemPluginGain: Thermal intf_ is nullptr 0, default to 25 degree
02-13 03:32:48.889  2038  3441 I SDM     : CasQcPlugIn::ProcessPerCompGainOppo: mode:PWM, fps:60, dbv:525, bin_dbv:1083, bright_adj:496
02-13 03:32:48.889  2038  3441 I SDM     : CasQcPlugIn::ProcessPerCompGainOppo: old: 0 0 0 64 92 297 1042 3072 |  0 0 0 56 107 330 1089 3072 |  0 0 0 44 80 270 928 3072 | 
02-13 03:32:48.889  2038  3441 I SDM     : CasQcPlugIn::ProcessPerCompGainOppo: new: 0 0 0 39 73 237  833 2808 |  0 0 0 34  79 264  871 2808 |  0 0 0 27 73 246 848 2808 | 
02-13 03:32:48.889  2038  3441 I SDM     : HWPeripheralDRM::SetPanelFeature: Set Panel feature property 20
02-13 03:32:48.889  2038  3441 I SDM     : HWPeripheralDRM::SetPanelFeature: Set Panel feature property 7
02-13 03:32:48.890  2038  3441 I SDM     : DisplayBuiltIn::TriggerDemuraOemPlugIn: Trigger demura oem plugin success
02-13 03:32:48.893  2038  2546 I SDM     : DRMPanelFeatureMgr::ApplyDirtyFeature: Commited panel feature [enabled]: 21-273
02-13 03:32:48.893  2038  2546 I SDM     : DRMPanelFeatureMgr::ApplyDirtyFeature: Commited panel feature [enabled]: 8-272
02-13 03:32:48.938  5308 19621 D CommonApp-100-10742: transport layer data is invalid
02-13 03:32:48.939  5308 19621 D CommonApp-101-10742: udp pk is bigger than tcpPk,regard it as normal network
02-13 03:32:48.939  5308 19621 D CommonApp-101-10742: notifyScoreChange appScene COMMON score 100
02-13 03:32:48.939  5308 19621 D ScorePolicy: handleScoreChanged: []
02-13 03:32:48.939  5308 19621 D ScorePolicy: handleScoreChanged: []
02-13 03:32:48.939  5308 19621 D ScorePolicy: handleScoreChanged: []
02-13 03:32:48.955  1967  2123 I sensors-hal: send_brightness:1007, light_iface: send_cfg, br 524, dc 0, power on 1, val 131596
02-13 03:32:48.956  2038  3441 I CasManager: DBV changed from 525 to 524
02-13 03:32:48.956  2038  3441 I CasManager: DBV changed, but bin id not change, so trigger gain
02-13 03:32:48.956  2038  3441 W SDM     : DemuraIntfImpl::ProcessOemPluginGain: Thermal intf_ is nullptr 0, default to 25 degree
02-13 03:32:48.956  2038  3441 I SDM     : CasQcPlugIn::ProcessPerCompGainOppo: mode:PWM, fps:60, dbv:524, bin_dbv:1083, bright_adj:495
02-13 03:32:48.956  2038  3441 I SDM     : CasQcPlugIn::ProcessPerCompGainOppo: old: 0 0 0 64 92 297 1042 3072 |  0 0 0 56 107 330 1089 3072 |  0 0 0 44 80 270 928 3072 | 
02-13 03:32:48.956  2038  3441 I SDM     : CasQcPlugIn::ProcessPerCompGainOppo: new: 0 0 0 39 73 237  833 2805 |  0 0 0 34  79 264  871 2805 |  0 0 0 27 73 246 847 2805 | 
02-13 03:32:48.956  2038  3441 I SDM     : HWPeripheralDRM::SetPanelFeature: Set Panel feature property 20
02-13 03:32:48.956  2038  3441 I SDM     : HWPeripheralDRM::SetPanelFeature: Set Panel feature property 7
02-13 03:32:48.956  2038  3441 I SDM     : DisplayBuiltIn::TriggerDemuraOemPlugIn: Trigger demura oem plugin success
02-13 03:32:48.962  2038  2546 I SDM     : DRMPanelFeatureMgr::ApplyDirtyFeature: Commited panel feature [enabled]: 21-273
02-13 03:32:48.962  2038  2546 I SDM     : DRMPanelFeatureMgr::ApplyDirtyFeature: Commited panel feature [enabled]: 8-272
02-13 03:32:49.024  2139  2139 D SensorFeature: name=ssc_screenshot_info ,index = 22
02-13 03:32:49.024  2139  2139 D SensorFeature: write 35 bytes:6217295621117,6217649550752,20097,0
02-13 03:32:49.054  1967  4499 I sensors-hal: handle_oplus_wise_rgb_event:189, high_pwm_light:lux 3.3,cct 5300.0,brl/algo/ir 524.0/2.0/0.0,pwm/dc 0.0/0.0,rgbc 198.868698/155.339081/91.067055/424.690247,ts 6217624986442,cnt 48548,flag 85633
02-13 03:32:49.054  1967  6334 I sensors-hal: handle_oplus_wise_rgb_event:161, wise_rgb: (48545)(cct, lux, ir)[5300.00, 3.30, 0.000000] (r, g, b, c)[228.11, 173.61, 117.09, 445.92]                 (pwm, hbm, brl, algo)[0.0 0.0 524.0 2.0], flag 20097
02-13 03:32:49.055  2038  3441 I CasManager: DBV changed from 524 to 523
02-13 03:32:49.055  2038  3441 I CasManager: DBV changed, but bin id not change, so trigger gain
02-13 03:32:49.055  2038  3441 W SDM     : DemuraIntfImpl::ProcessOemPluginGain: Thermal intf_ is nullptr 0, default to 25 degree
02-13 03:32:49.055  2038  3441 I SDM     : CasQcPlugIn::ProcessPerCompGainOppo: mode:PWM, fps:60, dbv:523, bin_dbv:1083, bright_adj:494
02-13 03:32:49.056  2038  3441 I SDM     : CasQcPlugIn::ProcessPerCompGainOppo: old: 0 0 0 64 92 297 1042 3072 |  0 0 0 56 107 330 1089 3072 |  0 0 0 44 80 270 928 3072 | 
02-13 03:32:49.056  2038  3441 I SDM     : CasQcPlugIn::ProcessPerCompGainOppo: new: 0 0 0 39 73 237  833 2801 |  0 0 0 34  79 264  871 2801 |  0 0 0 27 72 246 846 2801 | 
02-13 03:32:49.056  2038  3441 I SDM     : HWPeripheralDRM::SetPanelFeature: Set Panel feature property 20
02-13 03:32:49.056  2038  3441 I SDM     : HWPeripheralDRM::SetPanelFeature: Set Panel feature property 7
02-13 03:32:49.056  2038  3441 I SDM     : DisplayBuiltIn::TriggerDemuraOemPlugIn: Trigger demura oem plugin success
02-13 03:32:49.061  2038  2546 I SDM     : DRMPanelFeatureMgr::ApplyDirtyFeature: Commited panel feature [enabled]: 21-273
02-13 03:32:49.061  2038  2546 I SDM     : DRMPanelFeatureMgr::ApplyDirtyFeature: Commited panel feature [enabled]: 8-272
02-13 03:32:49.155  2038  3441 I CasManager: DBV changed from 523 to 521
02-13 03:32:49.155  2038  3441 I CasManager: DBV changed, but bin id not change, so trigger gain
02-13 03:32:49.155  2038  3441 W SDM     : DemuraIntfImpl::ProcessOemPluginGain: Thermal intf_ is nullptr 0, default to 25 degree
02-13 03:32:49.155  2038  3441 I SDM     : CasQcPlugIn::ProcessPerCompGainOppo: mode:PWM, fps:60, dbv:521, bin_dbv:1083, bright_adj:492
02-13 03:32:49.155  2038  3441 I SDM     : CasQcPlugIn::ProcessPerCompGainOppo: old: 0 0 0 64 92 297 1042 3072 |  0 0 0 56 107 330 1089 3072 |  0 0 0 44 80 270 928 3072 | 
02-13 03:32:49.155  2038  3441 I SDM     : CasQcPlugIn::ProcessPerCompGainOppo: new: 0 0 0 39 73 237  833 2794 |  0 0 0 34  79 264  871 2794 |  0 0 0 27 72 245 844 2794 | 
02-13 03:32:49.155  2038  3441 I SDM     : HWPeripheralDRM::SetPanelFeature: Set Panel feature property 20
02-13 03:32:49.155  2038  3441 I SDM     : HWPeripheralDRM::SetPanelFeature: Set Panel feature property 7
02-13 03:32:49.155  2038  3441 I SDM     : DisplayBuiltIn::TriggerDemuraOemPlugIn: Trigger demura oem plugin success
02-13 03:32:49.160  2038  2546 I SDM     : DRMPanelFeatureMgr::ApplyDirtyFeature: Commited panel feature [enabled]: 21-273
02-13 03:32:49.160  2038  2546 I SDM     : DRMPanelFeatureMgr::ApplyDirtyFeature: Commited panel feature [enabled]: 8-272
02-13 03:32:49.204  2038  3441 I CasManager: DBV changed from 521 to 520
02-13 03:32:49.204  2038  3441 I CasManager: DBV changed, but bin id not change, so trigger gain
02-13 03:32:49.204  2038  3441 W SDM     : DemuraIntfImpl::ProcessOemPluginGain: Thermal intf_ is nullptr 0, default to 25 degree
02-13 03:32:49.204  2038  3441 I SDM     : CasQcPlugIn::ProcessPerCompGainOppo: mode:PWM, fps:60, dbv:520, bin_dbv:1083, bright_adj:491
02-13 03:32:49.204  2038  3441 I SDM     : CasQcPlugIn::ProcessPerCompGainOppo: old: 0 0 0 64 92 297 1042 3072 |  0 0 0 56 107 330 1089 3072 |  0 0 0 44 80 270 928 3072 | 
02-13 03:32:49.204  2038  3441 I SDM     : CasQcPlugIn::ProcessPerCompGainOppo: new: 0 0 0 40 73 237  833 2791 |  0 0 0 35  79 264  871 2791 |  0 0 0 27 72 245 843 2791 | 
02-13 03:32:49.204  2038  3441 I SDM     : HWPeripheralDRM::SetPanelFeature: Set Panel feature property 20
02-13 03:32:49.205  2038  3441 I SDM     : HWPeripheralDRM::SetPanelFeature: Set Panel feature property 7
02-13 03:32:49.205  2038  3441 I SDM     : DisplayBuiltIn::TriggerDemuraOemPlugIn: Trigger demura oem plugin success
02-13 03:32:49.209  2038  2546 I SDM     : DRMPanelFeatureMgr::ApplyDirtyFeature: Commited panel feature [enabled]: 21-273
02-13 03:32:49.209  2038  2546 I SDM     : DRMPanelFeatureMgr::ApplyDirtyFeature: Commited panel feature [enabled]: 8-272
02-13 03:32:49.271  2038  3441 I CasManager: DBV changed from 520 to 519
02-13 03:32:49.271  2038  3441 I CasManager: DBV changed, but bin id not change, so trigger gain
02-13 03:32:49.271  2038  3441 W SDM     : DemuraIntfImpl::ProcessOemPluginGain: Thermal intf_ is nullptr 0, default to 25 degree
02-13 03:32:49.271  2038  3441 I SDM     : CasQcPlugIn::ProcessPerCompGainOppo: mode:PWM, fps:60, dbv:519, bin_dbv:1083, bright_adj:490
02-13 03:32:49.271  2038  3441 I SDM     : CasQcPlugIn::ProcessPerCompGainOppo: old: 0 0 0 64 92 297 1042 3072 |  0 0 0 56 107 330 1089 3072 |  0 0 0 44 80 270 928 3072 | 
02-13 03:32:49.271  2038  3441 I SDM     : CasQcPlugIn::ProcessPerCompGainOppo: new: 0 0 0 40 73 237  833 2787 |  0 0 0 35  79 264  871 2787 |  0 0 0 27 72 245 842 2787 | 
02-13 03:32:49.271  2038  3441 I SDM     : HWPeripheralDRM::SetPanelFeature: Set Panel feature property 20
02-13 03:32:49.271  2038  3441 I SDM     : HWPeripheralDRM::SetPanelFeature: Set Panel feature property 7
02-13 03:32:49.271  2038  3441 I SDM     : DisplayBuiltIn::TriggerDemuraOemPlugIn: Trigger demura oem plugin success
02-13 03:32:49.275  2038  2546 I SDM     : DRMPanelFeatureMgr::ApplyDirtyFeature: Commited panel feature [enabled]: 21-273
02-13 03:32:49.275  2038  2546 I SDM     : DRMPanelFeatureMgr::ApplyDirtyFeature: Commited panel feature [enabled]: 8-272
02-13 03:32:49.329  2139  2139 D SensorFeature: name=ssc_screenshot_info ,index = 22
02-13 03:32:49.329  2139  2139 D SensorFeature: write 35 bytes:6217295621117,6217952398252,20098,0
02-13 03:32:49.335  1967  6334 I sensors-hal: handle_oplus_wise_rgb_event:161, wise_rgb: (48550)(cct, lux, ir)[5300.00, 3.24, 0.000000] (r, g, b, c)[198.87, 155.34, 91.07, 427.72]                 (pwm, hbm, brl, algo)[0.0 0.0 520.0 2.0], flag 20098
02-13 03:32:49.337  2038  3441 I CasManager: DBV changed from 519 to 518
02-13 03:32:49.337  2038  3441 I CasManager: DBV changed, but bin id not change, so trigger gain
02-13 03:32:49.337  2038  3441 W SDM     : DemuraIntfImpl::ProcessOemPluginGain: Thermal intf_ is nullptr 0, default to 25 degree
02-13 03:32:49.337  2038  3441 I SDM     : CasQcPlugIn::ProcessPerCompGainOppo: mode:PWM, fps:60, dbv:518, bin_dbv:1083, bright_adj:489
02-13 03:32:49.337  2038  3441 I SDM     : CasQcPlugIn::ProcessPerCompGainOppo: old: 0 0 0 64 92 297 1042 3072 |  0 0 0 56 107 330 1089 3072 |  0 0 0 44 80 270 928 3072 | 
02-13 03:32:49.337  2038  3441 I SDM     : CasQcPlugIn::ProcessPerCompGainOppo: new: 0 0 0 40 73 237  833 2784 |  0 0 0 35  79 264  871 2784 |  0 0 0 27 72 244 841 2784 | 
02-13 03:32:49.337  2038  3441 I SDM     : HWPeripheralDRM::SetPanelFeature: Set Panel feature property 20
02-13 03:32:49.337  2038  3441 I SDM     : HWPeripheralDRM::SetPanelFeature: Set Panel feature property 7
02-13 03:32:49.338  2038  3441 I SDM     : DisplayBuiltIn::TriggerDemuraOemPlugIn: Trigger demura oem plugin success
02-13 03:32:49.343  2038  2546 I SDM     : DRMPanelFeatureMgr::ApplyDirtyFeature: Commited panel feature [enabled]: 21-273
02-13 03:32:49.343  2038  2546 I SDM     : DRMPanelFeatureMgr::ApplyDirtyFeature: Commited panel feature [enabled]: 8-272
02-13 03:32:49.407  2038  8523 I SDM     : DCCompensate::GetMonotonicTime: caculate the accutime ,curent tinme is 6217 end time is 6218 accultime is 1
02-13 03:32:49.416  1971  7698 I WifiHAL : event received NL80211_CMD_VENDOR, vendor_id = 0x1374, subcmd = 0xb6
02-13 03:32:49.416  3057  7699 D LOWI-9.0.1.118: [LOWI-Scan] wait_event:Wait done with Cmd 103
02-13 03:32:49.416  3057  7699 D LOWI-9.0.1.118: [LOWI-Scan] do_listen_events: Rcvd valid Netlink Cmd 0 Err 0
02-13 03:32:49.416  3001  3001 I cnss-daemon: nl80211 response handler invoked
02-13 03:32:49.417  3001  3001 I cnss-daemon: nl80211_response_handler: cmd 103, vendorID 4980, subcmd 182  received
02-13 03:32:49.454  2038  3441 I CasManager: DBV changed from 518 to 516
02-13 03:32:49.454  2038  3441 I CasManager: DBV changed, but bin id not change, so trigger gain
02-13 03:32:49.454  2038  3441 W SDM     : DemuraIntfImpl::ProcessOemPluginGain: Thermal intf_ is nullptr 0, default to 25 degree
02-13 03:32:49.454  2038  3441 I SDM     : CasQcPlugIn::ProcessPerCompGainOppo: mode:PWM, fps:60, dbv:516, bin_dbv:1083, bright_adj:487
02-13 03:32:49.454  2038  3441 I SDM     : CasQcPlugIn::ProcessPerCompGainOppo: old: 0 0 0 64 92 297 1042 3072 |  0 0 0 56 107 330 1089 3072 |  0 0 0 44 80 270 928 3072 | 
02-13 03:32:49.454  2038  3441 I SDM     : CasQcPlugIn::ProcessPerCompGainOppo: new: 0 0 0 40 73 237  833 2777 |  0 0 0 35  80 264  871 2777 |  0 0 0 27 72 244 838 2777 | 
02-13 03:32:49.454  2038  3441 I SDM     : HWPeripheralDRM::SetPanelFeature: Set Panel feature property 20
02-13 03:32:49.454  2038  3441 I SDM     : HWPeripheralDRM::SetPanelFeature: Set Panel feature property 7
02-13 03:32:49.454  2038  3441 I SDM     : DisplayBuiltIn::TriggerDemuraOemPlugIn: Trigger demura oem plugin success
02-13 03:32:49.457  2038  2546 I SDM     : DRMPanelFeatureMgr::ApplyDirtyFeature: Commited panel feature [enabled]: 21-273
02-13 03:32:49.457  2038  2546 I SDM     : DRMPanelFeatureMgr::ApplyDirtyFeature: Commited panel feature [enabled]: 8-272
02-13 03:32:49.585  1967  4499 I sensors-hal: handle_oplus_wise_rgb_event:189, high_pwm_light:lux 3.3,cct 5300.0,brl/algo/ir 518.0/2.0/0.0,pwm/dc 0.0/0.0,rgbc 198.868698/152.293228/94.319450/424.690247,ts 6217982370453,cnt 48558,flag 85634
02-13 03:32:49.586  1967  6334 I sensors-hal: handle_oplus_wise_rgb_event:161, wise_rgb: (48555)(cct, lux, ir)[5300.00, 3.28, 0.000000] (r, g, b, c)[195.94, 152.29, 94.32, 424.69]                 (pwm, hbm, brl, algo)[0.0 0.0 519.0 2.0], flag 20098
02-13 03:32:49.586  2038  3441 I CasManager: DBV changed from 516 to 515
02-13 03:32:49.586  2038  3441 I CasManager: DBV changed, but bin id not change, so trigger gain
02-13 03:32:49.586  2038  3441 W SDM     : DemuraIntfImpl::ProcessOemPluginGain: Thermal intf_ is nullptr 0, default to 25 degree
02-13 03:32:49.586  2038  3441 I SDM     : CasQcPlugIn::ProcessPerCompGainOppo: mode:PWM, fps:60, dbv:515, bin_dbv:1083, bright_adj:486
02-13 03:32:49.586  2038  3441 I SDM     : CasQcPlugIn::ProcessPerCompGainOppo: old: 0 0 0 64 92 297 1042 3072 |  0 0 0 56 107 330 1089 3072 |  0 0 0 44 80 270 928 3072 | 
02-13 03:32:49.586  2038  3441 I SDM     : CasQcPlugIn::ProcessPerCompGainOppo: new: 0 0 0 40 73 237  833 2773 |  0 0 0 35  80 264  871 2773 |  0 0 0 27 72 243 837 2773 | 
02-13 03:32:49.586  2038  3441 I SDM     : HWPeripheralDRM::SetPanelFeature: Set Panel feature property 20
02-13 03:32:49.586  2038  3441 I SDM     : HWPeripheralDRM::SetPanelFeature: Set Panel feature property 7
02-13 03:32:49.586  2038  3441 I SDM     : DisplayBuiltIn::TriggerDemuraOemPlugIn: Trigger demura oem plugin success
02-13 03:32:49.590  2038  2546 I SDM     : DRMPanelFeatureMgr::ApplyDirtyFeature: Commited panel feature [enabled]: 21-273
02-13 03:32:49.591  2038  2546 I SDM     : DRMPanelFeatureMgr::ApplyDirtyFeature: Commited panel feature [enabled]: 8-272
02-13 03:32:49.665  2038  2565 I SDM     : DisplayBuiltIn::IdlePowerCollapse: IPC received, disabling partial update for one frame
02-13 03:32:49.666  2139  2139 D SensorFeature: name=ssc_screenshot_info ,index = 22
02-13 03:32:49.667  2139  2139 D SensorFeature: write 35 bytes:6218239514866,6218291311741,20099,0
02-13 03:32:49.764  3434  6325 I AICCTModule: SensorFilter: brightness threshold 1.2 screenNit is 14.927591 ave enviroment lux is 5.0339546 luxForNit 15.485945demarcationPoint200.0 result is false
02-13 03:32:49.764  3434  6325 I AICCTModule: SensorFilter: findSecondNearestValue, sensorValue: 5300.0 nearestMaxValue:5300.0 secondNearestValue: 5300.0
02-13 03:32:49.764  3434  6325 I AICCTModule: SensorFilter: findSecondNearestValue, sensorValue: 5.064942 nearestMaxValue:5.0472183 secondNearestValue: 5.0472183
02-13 03:32:49.851  1967  6334 I sensors-hal: handle_oplus_wise_rgb_event:161, wise_rgb: (48560)(cct, lux, ir)[5300.00, 3.30, 0.000000] (r, g, b, c)[201.79, 152.29, 91.07, 421.66]                 (pwm, hbm, brl, algo)[0.0 0.0 515.0 2.0], flag 20099
02-13 03:32:49.852  2163  2262 E BatteryDamageDetect: online status not satify
02-13 03:32:49.853  2163  2262 E BatteryDamageDetect: online status not satify
02-13 03:32:49.856  3434  4459 V AlarmManager: sending alarm Alarm{3c68da type 1 origWhen 1770953569856 whenElapsed 6218483 android} uid 1000 whenElapsed 6218483 windowLength 0 maxWhenElapsed 6218483 repeatInterval 0 action null component null tag StorgaeBandInfoAlarmTag flags 0x9 procName system_server
02-13 03:32:49.857  3434 22530 E OplusStorageUFSBandwidth: storage_io_metrics_path is /proc/oplus_storage/io_metrics/forever/
02-13 03:32:49.858  3434 22530 E OplusStorageUFSBandwidth: Bandwidth - Read: 0.00 MB/s, Write: 0.50 MB/s
02-13 03:32:49.858  3434 22530 E OplusStorageUFSBandwidth: Task time: 1ms
02-13 03:32:49.861  3434 22530 E OplusStorageUFSBandwidth: Alarm set to trigger in 10 seconds
02-13 03:32:49.868  2038  2565 I SDM     : DisplayBuiltIn::IdlePowerCollapse: IPC received, disabling partial update for one frame
02-13 03:32:49.962  5308 19621 D CommonApp-100-10742: transport layer data is invalid
02-13 03:32:49.963  5308 19621 D CommonApp-101-10742: udp pk is bigger than tcpPk,regard it as normal network
02-13 03:32:49.963  5308 19621 D CommonApp-101-10742: notifyScoreChange appScene COMMON score 100
02-13 03:32:49.963  5308 19621 D ScorePolicy: handleScoreChanged: []
02-13 03:32:49.963  5308 19621 D ScorePolicy: handleScoreChanged: []
02-13 03:32:49.963  5308 19621 D ScorePolicy: handleScoreChanged: []
02-13 03:32:49.969  2139  2139 D SensorFeature: name=ssc_screenshot_info ,index = 22
02-13 03:32:49.969  1967  2123 I sensors-hal: get_display_brightness:825, light_iface: set screenshot_info [6218239514866,6218594561897,20100,0]
02-13 03:32:49.970  2139  2139 D SensorFeature: write 35 bytes:6218239514866,6218594561897,20100,0
02-13 03:32:49.972  2269  3569 D AudioFlinger: trackId 128 is playing mute data
02-13 03:32:50.034  2038  3441 I CasManager: DBV changed from 515 to 514
02-13 03:32:50.034  2038  3441 I CasManager: DBV changed, but bin id not change, so trigger gain
02-13 03:32:50.034  2038  3441 W SDM     : DemuraIntfImpl::ProcessOemPluginGain: Thermal intf_ is nullptr 0, default to 25 degree
02-13 03:32:50.034  2038  3441 I SDM     : CasQcPlugIn::ProcessPerCompGainOppo: mode:PWM, fps:60, dbv:514, bin_dbv:1083, bright_adj:485
02-13 03:32:50.034  2038  3441 I SDM     : CasQcPlugIn::ProcessPerCompGainOppo: old: 0 0 0 64 92 297 1042 3072 |  0 0 0 56 107 330 1089 3072 |  0 0 0 44 80 270 928 3072 | 
02-13 03:32:50.034  2038  3441 I SDM     : CasQcPlugIn::ProcessPerCompGainOppo: new: 0 0 0 40 73 237  833 2770 |  0 0 0 35  80 264  871 2770 |  0 0 0 28 72 243 836 2770 | 
02-13 03:32:50.034  2038  3441 I SDM     : HWPeripheralDRM::SetPanelFeature: Set Panel feature property 20
02-13 03:32:50.034  2038  3441 I SDM     : HWPeripheralDRM::SetPanelFeature: Set Panel feature property 7
02-13 03:32:50.034  2038  3441 I SDM     : DisplayBuiltIn::TriggerDemuraOemPlugIn: Trigger demura oem plugin success
02-13 03:32:50.038  2038  2546 I SDM     : DRMPanelFeatureMgr::ApplyDirtyFeature: Commited panel feature [enabled]: 21-273
02-13 03:32:50.038  2038  2546 I SDM     : DRMPanelFeatureMgr::ApplyDirtyFeature: Commited panel feature [enabled]: 8-272
02-13 03:32:50.104  3434  3762 D OplusFeatureReduceBrightness: setAnimating : animating = false
02-13 03:32:50.104  3434  3762 D OplusBrightnessAmbientAdapter: setAnimating: from true to false
02-13 03:32:50.104  3434  3762 D RampAnimatorExtImpl[display=0][Primary]: onAnimationEnd id[0]=[true],changed=[933->933->670],duration:5026,phaseCounts=[267, 35, 0]
02-13 03:32:50.105  3434  3762 D OplusBiometricsDisplayHelper: isFold: false, isUnblockByFp: null
02-13 03:32:50.112  2038  2565 I SDM     : DisplayBuiltIn::IdlePowerCollapse: IPC received, disabling partial update for one frame
02-13 03:32:50.116  1967  4499 I sensors-hal: handle_oplus_wise_rgb_event:189, high_pwm_light:lux 3.2,cct 5300.0,brl/algo/ir 515.0/2.0/0.0,pwm/dc 0.0/0.0,rgbc 198.868698/155.339081/91.067055/427.723755,ts 6218570974203,cnt 48568,flag 85636
02-13 03:32:50.116  3434  4452 D FusionLightNextGen: process end reported = 1, mode: 0, cnt: 23345, lux 5.1, cct 5300.0, r/g/b/c: 198.9/155.3/91.1/427.7, R/G/B: 17.0/18.0/22.0, bri 515.0, match 1.00, ir 0.030397, conf 2.0, ts 6218570974203
02-13 03:32:50.117  1967  6334 I sensors-hal: handle_oplus_wise_rgb_event:161, wise_rgb: (48565)(cct, lux, ir)[5300.00, 3.19, 0.000000] (r, g, b, c)[195.94, 152.29, 91.07, 418.62]                 (pwm, hbm, brl, algo)[0.0 0.0 515.0 2.0], flag 20100
02-13 03:32:50.128  5308  5308 D VendorWifiService: onEvent event:9,action:1
02-13 03:32:50.136  3434  4677 D ScorerUtils: isLowTraffic: txTputKBps=15, rxTputKBps=2
02-13 03:32:50.137  3434  4677 D OplusWifiPower_TriggerCenter: mComponentCallback: wifistat
02-13 03:32:50.272  2139  2139 D SensorFeature: name=ssc_screenshot_info ,index = 22
02-13 03:32:50.272  2139  2139 D SensorFeature: write 35 bytes:6218239514866,6218897519033,20101,0
02-13 03:32:50.300  2038  2565 I SDM     : DisplayBuiltIn::IdlePowerCollapse: IPC received, disabling partial update for one frame
02-13 03:32:50.382  1967  6334 I sensors-hal: handle_oplus_wise_rgb_event:161, wise_rgb: (48570)(cct, lux, ir)[5300.00, 3.35, 0.000000] (r, g, b, c)[198.87, 158.38, 87.81, 424.69]                 (pwm, hbm, brl, algo)[0.0 0.0 514.0 2.0], flag 20101
02-13 03:32:50.629  3434  4310 D CompressAction: set affinity failed.
02-13 03:32:50.631  3434  4310 E OsenseCommonUtils: write /dev/memcg/memory.force_shrink_file failed
02-13 03:32:50.631  3434  4310 E OsenseCommonUtils: java.io.IOException: write failed: EBUSY (Device or resource busy)
02-13 03:32:50.631  3434  4310 E OsenseCommonUtils: 	at libcore.io.IoBridge.write(IoBridge.java:651)
02-13 03:32:50.631  3434  4310 E OsenseCommonUtils: 	at java.io.FileOutputStream.write(FileOutputStream.java:436)
02-13 03:32:50.631  3434  4310 E OsenseCommonUtils: 	at sun.nio.cs.StreamEncoder.writeBytes(StreamEncoder.java:233)
02-13 03:32:50.631  3434  4310 E OsenseCommonUtils: 	at sun.nio.cs.StreamEncoder.implFlushBuffer(StreamEncoder.java:309)
02-13 03:32:50.631  3434  4310 E OsenseCommonUtils: 	at sun.nio.cs.StreamEncoder.implFlush(StreamEncoder.java:313)
02-13 03:32:50.631  3434  4310 E OsenseCommonUtils: 	at sun.nio.cs.StreamEncoder.flush(StreamEncoder.java:153)
02-13 03:32:50.631  3434  4310 E OsenseCommonUtils: 	at java.io.OutputStreamWriter.flush(OutputStreamWriter.java:248)
02-13 03:32:50.631  3434  4310 E OsenseCommonUtils: 	at com.android.server.oplus.osense.utils.OsenseCommonUtils.writeFile(OsenseCommonUtils.java:154)
02-13 03:32:50.631  3434  4310 E OsenseCommonUtils: 	at com.android.server.am.OplusOsenseCompressAction.doGlobalShrink(OplusOsenseCompressAction.java:1886)
02-13 03:32:50.631  3434  4310 E OsenseCommonUtils: 	at com.android.server.am.OplusOsenseCompressAction.-$$Nest$mdoGlobalShrink(Unknown Source:0)
02-13 03:32:50.631  3434  4310 E OsenseCommonUtils: 	at com.android.server.am.OplusOsenseCompressAction$CompressHandler.handleMessage(OplusOsenseCompressAction.java:1334)
02-13 03:32:50.631  3434  4310 E OsenseCommonUtils: 	at android.os.Handler.dispatchMessage(Handler.java:115)
02-13 03:32:50.631  3434  4310 E OsenseCommonUtils: 	at android.os.Looper.loopOnce(Looper.java:298)
02-13 03:32:50.631  3434  4310 E OsenseCommonUtils: 	at android.os.Looper.loop(Looper.java:408)
02-13 03:32:50.631  3434  4310 E OsenseCommonUtils: 	at android.os.HandlerThread.run(HandlerThread.java:85)
02-13 03:32:50.631  3434  4310 E OsenseCommonUtils: Caused by: android.system.ErrnoException: write failed: EBUSY (Device or resource busy)
02-13 03:32:50.631  3434  4310 E OsenseCommonUtils: 	at libcore.io.Linux.writeBytes(Native Method)
02-13 03:32:50.631  3434  4310 E OsenseCommonUtils: 	at libcore.io.Linux.write(Linux.java:338)
02-13 03:32:50.631  3434  4310 E OsenseCommonUtils: 	at libcore.io.ForwardingOs.write(ForwardingOs.java:954)
02-13 03:32:50.631  3434  4310 E OsenseCommonUtils: 	at libcore.io.BlockGuardOs.write(BlockGuardOs.java:448)
02-13 03:32:50.631  3434  4310 E OsenseCommonUtils: 	at libcore.io.IoBridge.write(IoBridge.java:646)
02-13 03:32:50.631  3434  4310 E OsenseCommonUtils: 	... 14 more
02-13 03:32:50.661  2038  2565 I SDM     : DisplayBuiltIn::IdlePowerCollapse: IPC received, disabling partial update for one frame
02-13 03:32:50.662  2139  2139 D SensorFeature: name=ssc_screenshot_info ,index = 22
02-13 03:32:50.663  2139  2139 D SensorFeature: write 35 bytes:6219236530907,6219288120439,20102,0
02-13 03:32:50.666  1967  4499 I sensors-hal: handle_oplus_wise_rgb_event:189, high_pwm_light:lux 3.3,cct 5300.0,brl/algo/ir 514.0/2.0/0.0,pwm/dc 0.0/0.0,rgbc 195.944168/152.293228/94.319450/427.723755,ts 6219242085140,cnt 48578,flag 85638
02-13 03:32:50.666  1967  6334 I sensors-hal: handle_oplus_wise_rgb_event:161, wise_rgb: (48575)(cct, lux, ir)[5300.00, 3.33, 0.000000] (r, g, b, c)[198.87, 152.29, 91.07, 421.66]                 (pwm, hbm, brl, algo)[0.0 0.0 514.0 2.0], flag 20102
02-13 03:32:50.853  2163  2262 E BatteryDamageDetect: online status not satify
02-13 03:32:50.853  2163  2262 E BatteryDamageDetect: online status not satify
02-13 03:32:50.911  1967  6334 I sensors-hal: handle_oplus_wise_rgb_event:161, wise_rgb: (48580)(cct, lux, ir)[5300.00, 3.36, 0.000000] (r, g, b, c)[198.87, 152.29, 94.32, 427.72]                 (pwm, hbm, brl, algo)[0.0 0.0 514.0 2.0], flag 20102
02-13 03:32:50.965  2139  2139 D SensorFeature: name=ssc_screenshot_info ,index = 22
02-13 03:32:50.965  2139  2139 D SensorFeature: write 35 bytes:6219236530907,6219590884084,20103,0
02-13 03:32:50.986  5308 19621 D CommonApp-100-10742: transport layer data is invalid
02-13 03:32:50.987  3434  4677 D OplusL3Monitor: linkIndex=30, networkId=0, ignore
02-13 03:32:50.988  5308 19621 D CommonApp-101-10742: udp pk is bigger than tcpPk,regard it as normal network
02-13 03:32:50.988  5308 19621 D CommonApp-101-10742: notifyScoreChange appScene COMMON score 100
02-13 03:32:50.988  5308 19621 D ScorePolicy: handleScoreChanged: []
02-13 03:32:50.988  5308 19621 D ScorePolicy: handleScoreChanged: []
02-13 03:32:50.988  5308 19621 D ScorePolicy: handleScoreChanged: []
02-13 03:32:51.177  1967  4499 I sensors-hal: handle_oplus_wise_rgb_event:189, high_pwm_light:lux 3.2,cct 5300.0,brl/algo/ir 514.0/2.0/0.0,pwm/dc 0.0/0.0,rgbc 201.793243/152.293228/91.067055/424.690247,ts 6219574775453,cnt 48588,flag 85639
02-13 03:32:51.178  1967  6334 I sensors-hal: handle_oplus_wise_rgb_event:161, wise_rgb: (48585)(cct, lux, ir)[5300.00, 3.24, 0.000000] (r, g, b, c)[195.94, 155.34, 91.07, 418.62]                 (pwm, hbm, brl, algo)[0.0 0.0 514.0 2.0], flag 20103
02-13 03:32:51.179  3434  6325 I AICCTModule: SensorFilter: brightness threshold 1.2 screenNit is 14.878693 ave enviroment lux is 5.082022 luxForNit 15.599207demarcationPoint200.0 result is false
02-13 03:32:51.179  3434  6325 I AICCTModule: SensorFilter: findSecondNearestValue, sensorValue: 5300.0 nearestMaxValue:5300.0 secondNearestValue: 5300.0
02-13 03:32:51.179  3434  6325 I AICCTModule: SensorFilter: findSecondNearestValue, sensorValue: 5.0472183 nearestMaxValue:5.052674 secondNearestValue: 5.052674
02-13 03:32:51.182  1973  3348 I PAL_OplusSpeakerAwinic: isGainChanged: 197: vddValue 4274000, mCurVddThres 3800000, mPreVddThres 3800000
02-13 03:32:51.211  6502 10637 W OplusAtlasAudioDetectionManager: unexpected message !
02-13 03:32:51.212  6502 10637 D OplusAtlasService: isAppInRecording result :true
02-13 03:32:51.213  6502 10637 D OplusAtlasService: isAppInPlaying result :true
02-13 03:32:51.213  6502 10637 D OplusAtlasAudioDetectionManager: updateVoipNetInfo(pid 22428), newNetBytes=4104, newNetPackets=67
02-13 03:32:51.214  2269  2437 D DeviceHalAidl: [default] getParameters: keys: "get_audiodet_voip"
02-13 03:32:51.214  1973  1998 D AHAL_ModulePrimary_QTI: getVendorParameters: id count: 1
02-13 03:32:51.214  1973  1998 D PAL: ResourceManager: getActiveStream_l: 6807: streamType 6, stream_direction 2
02-13 03:32:51.214  1973  1998 D PAL: ResourceManager: getActiveStream_l: 6807: streamType 5, stream_direction 1
02-13 03:32:51.214  1973  1998 D PAL: StreamPCM: getParameters: 1278: Enter.
02-13 03:32:51.214  1973  1998 D PAL_OplusAudioDetect: getParameters: 398: Enter, enable value 1
02-13 03:32:51.214  1973  1998 D PAL_OplusPalAudioDetect: isAudioDetectEnable: 40: enter, get auddet enable state 1
02-13 03:32:51.214  1973  1998 D PAL: StreamPCM: getParameters: 1278: Enter.
02-13 03:32:51.230  1973  1998 I PAL: SessionAlsaUtils: getModuleInstanceId: 1268: tag_id 0xc0000103, MIID is 0x4335
02-13 03:32:51.230  1973  1998 D PAL_OplusAudioDetect: payloadAudDetParamsInfo: 132: payload 0xb4000071abc98350K size 80
02-13 03:32:51.230  1973  1998 I gsl     : gsl_send_spf_cmd:223 sending pkt opcode 0x1001007 token 0x00988000
02-13 03:32:51.230  1973  1998 I gsl     : gsl_send_spf_cmd:274 rcvd pkt token : 0x988000
02-13 03:32:51.230  1973  1998 D PAL_OplusAudioDetect: getDetectResult: 261: Exit. status 0
02-13 03:32:51.230  1973  1998 D PAL_OplusPalAudioDetect: getAuddetVoipParameters: 85: get param from voip_tx stream
02-13 03:32:51.230  1973  1998 D PAL: StreamPCM: getParameters: 1278: Enter.
02-13 03:32:51.231  1973  1998 D PAL_OplusAudioDetect: getParameters: 398: Enter, enable value 1
02-13 03:32:51.231  1973  1998 D PAL_OplusPalAudioDetect: isAudioDetectEnable: 40: enter, get auddet enable state 1
02-13 03:32:51.231  1973  1998 D PAL: StreamPCM: getParameters: 1278: Enter.
02-13 03:32:51.231  1973  1998 I PAL: SessionAlsaUtils: getModuleInstanceId: 1268: tag_id 0xc0000103, MIID is 0x4334
02-13 03:32:51.231  1973  1998 D PAL_OplusAudioDetect: payloadAudDetParamsInfo: 132: payload 0xb4000071abc98350K size 80
02-13 03:32:51.231  1973  1998 I gsl     : gsl_send_spf_cmd:223 sending pkt opcode 0x1001007 token 0x00989000
02-13 03:32:51.232  1973  1998 I gsl     : gsl_send_spf_cmd:274 rcvd pkt token : 0x989000
02-13 03:32:51.232  1973  1998 D PAL_OplusAudioDetect: getDetectResult: 261: Exit. status 0
02-13 03:32:51.232  1973  1998 D PAL_OplusPalAudioDetect: getAuddetVoipParameters: 99: get param from voip_rx stream
02-13 03:32:51.232  1973  1998 D AHAL_ModulePrimary_OPLUS: getParameters: key: get_audiodet_voip
02-13 03:32:51.232  2269  2437 D DeviceHalAidl: [usb] getParameters: keys: "get_audiodet_voip"
02-13 03:32:51.233  2269  2437 E ConversionHelperAidl: Function: parseAndGetVendorParameters Line: 51 Failed 
02-13 03:32:51.233  2269  2437 D DeviceHalAidl: [r_submix] getParameters: keys: "get_audiodet_voip"
02-13 03:32:51.233  2269  2437 E ConversionHelperAidl: Function: parseAndGetVendorParameters Line: 51 Failed 
02-13 03:32:51.233  2269  2437 D DeviceHalAidl: [bluetooth] getParameters: keys: "get_audiodet_voip"
02-13 03:32:51.234  2269  2437 E ConversionHelperAidl: Function: parseAndGetVendorParameters Line: 51 Failed 
02-13 03:32:51.234  2269  2437 D DeviceHalAidl: [binaural_record] getParameters: keys: "get_audiodet_voip"
02-13 03:32:51.235  2269  2437 E ConversionHelperAidl: Function: parseAndGetVendorParameters Line: 51 Failed 
02-13 03:32:51.235  2269  2437 D DeviceHalAidl: [virtual] getParameters: keys: "get_audiodet_voip"
02-13 03:32:51.235  2269  2437 E ConversionHelperAidl: Function: parseAndGetVendorParameters Line: 51 Failed 
02-13 03:32:51.236  6502 10637 D OplusAtlasAudioDetectionManager: handleVoipDetect(pid 22428) detect result from hal= get_audiodet_voip=4980 0 0 0 0 0 0 0
02-13 03:32:51.239  1967  6350 I sensors-hal: handle_sns_std_sensor_event:114, oplus rgb_rear sample: (cct, lux, ir, x, y)[102455, 0, 100000, 341, 183]
02-13 03:32:51.239  1967  6350 I sensors-hal: handle_sns_std_sensor_event:116, oplus rgb_rear sample: (r, g, b, c w)[3, 2, 3, 2, 2]
02-13 03:32:51.268  2139  2139 D SensorFeature: name=ssc_screenshot_info ,index = 22
02-13 03:32:51.268  2139  2139 D SensorFeature: write 35 bytes:6219236530907,6219893357678,20104,0
02-13 03:32:51.440  2038  2565 I SDM     : DisplayBuiltIn::IdlePowerCollapse: IPC received, disabling partial update for one frame
02-13 03:32:51.442  3434  4452 D FusionLightNextGen: process end reported = 1, mode: 0, cnt: 23350, lux 5.1, cct 5300.0, r/g/b/c: 198.9/152.3/94.3/427.7, R/G/B: 17.0/18.0/22.0, bri 514.0, match 1.00, ir 0.030667, conf 2.0, ts 6219873224567
02-13 03:32:51.443  1967  6334 I sensors-hal: handle_oplus_wise_rgb_event:161, wise_rgb: (48590)(cct, lux, ir)[5300.00, 3.25, 0.000000] (r, g, b, c)[198.87, 152.29, 91.07, 421.66]                 (pwm, hbm, brl, algo)[0.0 0.0 514.0 2.0], flag 20104
02-13 03:32:51.465  2038  2565 I SDM     : DisplayBuiltIn::IdlePowerCollapse: IPC received, disabling partial update for one frame
02-13 03:32:51.482  2038  2565 I SDM     : DisplayBuiltIn::IdlePowerCollapse: IPC received, disabling partial update for one frame
02-13 03:32:51.536  4995  5070 I SystemUi--Statusbar: OplusNetworkSpeedControllExImpl-->updateNetworkSpeed: isConnected:true,isSwitchOn:true,isSuspend:false,isPause:false
02-13 03:32:51.538  4995  5070 I SystemUi--Statusbar: OplusNetworkSpeedControllExImpl-->getTotalByte: totalRxBytes:5917530867,totalTxBytes:173241327,loopbackTxBytes:2352036,loopbackRxBytes:2352036 ,totalBytes:6086068122
02-13 03:32:51.626  3434  4312 D osense.compress: com.google.android.gms do shrink, target ratio = 33, final ratio = 40, cur ratio = 26
02-13 03:32:51.641  2139  2139 D SensorFeature: name=ssc_screenshot_info ,index = 22
02-13 03:32:51.641  2139  2139 D SensorFeature: write 35 bytes:6220214301428,6220265898147,20105,0
02-13 03:32:51.644  2038  2565 I SDM     : DisplayBuiltIn::IdlePowerCollapse: IPC received, disabling partial update for one frame
02-13 03:32:51.707  1967  4499 I sensors-hal: handle_oplus_wise_rgb_event:189, high_pwm_light:lux 3.3,cct 5300.0,brl/algo/ir 514.0/2.0/0.0,pwm/dc 0.0/0.0,rgbc 198.868698/152.293228/97.571854/427.723755,ts 6220246000297,cnt 48598,flag 85641
02-13 03:32:51.708  1967  6334 I sensors-hal: handle_oplus_wise_rgb_event:161, wise_rgb: (48595)(cct, lux, ir)[5300.00, 3.35, 0.000000] (r, g, b, c)[193.02, 158.38, 91.07, 424.69]                 (pwm, hbm, brl, algo)[0.0 0.0 514.0 2.0], flag 20105
02-13 03:32:51.854  2163  2262 E BatteryDamageDetect: online status not satify
02-13 03:32:51.854  2163  2262 E BatteryDamageDetect: online status not satify
02-13 03:32:51.857  3434  4459 V AlarmManager: sending alarm Alarm{ddb2e94 type 1 origWhen 1770953571858 whenElapsed 6220484 android} uid 1000 whenElapsed 6220484 windowLength 0 maxWhenElapsed 6220484 repeatInterval 0 action null component null tag StorgaeBandInfoAlarmTag flags 0x9 procName system_server
02-13 03:32:51.858  3434 22530 E OplusStorageUFSBandwidth: storage_io_metrics_path is /proc/oplus_storage/io_metrics/forever/
02-13 03:32:51.859  3434 22530 E OplusStorageUFSBandwidth: Bandwidth - Read: 0.00 MB/s, Write: 0.00 MB/s
02-13 03:32:51.859  3434 22530 E OplusStorageUFSBandwidth: Task time: 1ms
02-13 03:32:51.860  3434 22530 E OplusStorageUFSBandwidth: Alarm set to trigger in 10 seconds
02-13 03:32:51.943  2139  2139 D SensorFeature: name=ssc_screenshot_info ,index = 22
02-13 03:32:51.944  2139  2139 D SensorFeature: write 35 bytes:6220214301428,6220569215959,20106,0
02-13 03:32:51.973  1967  6334 I sensors-hal: handle_oplus_wise_rgb_event:161, wise_rgb: (48600)(cct, lux, ir)[5300.00, 3.33, 0.000000] (r, g, b, c)[219.34, 176.66, 117.09, 442.89]                 (pwm, hbm, brl, algo)[0.0 0.0 514.0 2.0], flag 20106
02-13 03:32:52.010  5308 19621 D CommonApp-100-10742: transport layer data is invalid
02-13 03:32:52.012  5308 19621 D CommonApp-101-10742: udp pk is bigger than tcpPk,regard it as normal network
02-13 03:32:52.012  5308 19621 D CommonApp-101-10742: notifyScoreChange appScene COMMON score 100
02-13 03:32:52.012  5308 19621 D ScorePolicy: handleScoreChanged: []
02-13 03:32:52.012  5308 19621 D ScorePolicy: handleScoreChanged: []
02-13 03:32:52.012  5308 19621 D ScorePolicy: handleScoreChanged: []
02-13 03:32:52.246  2139  2139 D SensorFeature: name=ssc_screenshot_info ,index = 22
02-13 03:32:52.246  2139  2139 D SensorFeature: write 35 bytes:6220214301428,6220871993407,20107,0
02-13 03:32:52.252  1967  4499 I sensors-hal: handle_oplus_wise_rgb_event:189, high_pwm_light:lux 3.3,cct 5300.0,brl/algo/ir 514.0/2.0/0.0,pwm/dc 0.0/0.0,rgbc 201.793243/155.339081/94.319450/421.656769,ts 6220834648995,cnt 48608,flag 85643
02-13 03:32:52.253  1967  6334 I sensors-hal: handle_oplus_wise_rgb_event:161, wise_rgb: (48605)(cct, lux, ir)[5300.00, 3.26, 0.000000] (r, g, b, c)[195.94, 155.34, 91.07, 424.69]                 (pwm, hbm, brl, algo)[0.0 0.0 514.0 2.0], flag 20107
02-13 03:32:52.390  3434  4312 D osense.compress: com.android.settings do shrink, target ratio = 15, final ratio = 20, cur ratio = 10
02-13 03:32:52.440  2038  2565 I SDM     : DisplayBuiltIn::IdlePowerCollapse: IPC received, disabling partial update for one frame
02-13 03:32:52.476  2038  2565 I SDM     : DisplayBuiltIn::IdlePowerCollapse: IPC received, disabling partial update for one frame
02-13 03:32:52.484  2602 23974 W System.err: FlagsHookHelper: skip hook flags method getInstanceHook
02-13 03:32:52.491  2602  2979 W NaviWarn: StackPtr is not 8-byte aligned.
02-13 03:32:52.504  3434  6325 I AICCTModule: SensorFilter: brightness threshold 1.2 screenNit is 14.878693 ave enviroment lux is 5.0086513 luxForNit 15.426534demarcationPoint200.0 result is false
02-13 03:32:52.504  3434  6325 I AICCTModule: SensorFilter: findSecondNearestValue, sensorValue: 5300.0 nearestMaxValue:5300.0 secondNearestValue: 5300.0
02-13 03:32:52.504  3434  6325 I AICCTModule: SensorFilter: findSecondNearestValue, sensorValue: 5.052674 nearestMaxValue:5.052674 secondNearestValue: 5.0966964
02-13 03:32:52.504  1967  6334 I sensors-hal: handle_oplus_wise_rgb_event:161, wise_rgb: (48610)(cct, lux, ir)[5300.00, 3.27, 0.000000] (r, g, b, c)[201.79, 149.25, 94.32, 424.69]                 (pwm, hbm, brl, algo)[0.0 0.0 514.0 2.0], flag 20107
02-13 03:32:52.630  3434  4310 D CompressAction: set affinity failed.
02-13 03:32:52.632  3434  4310 E OsenseCommonUtils: write /dev/memcg/memory.force_shrink_file failed
02-13 03:32:52.632  3434  4310 E OsenseCommonUtils: java.io.IOException: write failed: EBUSY (Device or resource busy)
02-13 03:32:52.632  3434  4310 E OsenseCommonUtils: 	at libcore.io.IoBridge.write(IoBridge.java:651)
02-13 03:32:52.632  3434  4310 E OsenseCommonUtils: 	at java.io.FileOutputStream.write(FileOutputStream.java:436)
02-13 03:32:52.632  3434  4310 E OsenseCommonUtils: 	at sun.nio.cs.StreamEncoder.writeBytes(StreamEncoder.java:233)
02-13 03:32:52.632  3434  4310 E OsenseCommonUtils: 	at sun.nio.cs.StreamEncoder.implFlushBuffer(StreamEncoder.java:309)
02-13 03:32:52.632  3434  4310 E OsenseCommonUtils: 	at sun.nio.cs.StreamEncoder.implFlush(StreamEncoder.java:313)
02-13 03:32:52.632  3434  4310 E OsenseCommonUtils: 	at sun.nio.cs.StreamEncoder.flush(StreamEncoder.java:153)
02-13 03:32:52.632  3434  4310 E OsenseCommonUtils: 	at java.io.OutputStreamWriter.flush(OutputStreamWriter.java:248)
02-13 03:32:52.632  3434  4310 E OsenseCommonUtils: 	at com.android.server.oplus.osense.utils.OsenseCommonUtils.writeFile(OsenseCommonUtils.java:154)
02-13 03:32:52.632  3434  4310 E OsenseCommonUtils: 	at com.android.server.am.OplusOsenseCompressAction.doGlobalShrink(OplusOsenseCompressAction.java:1886)
02-13 03:32:52.632  3434  4310 E OsenseCommonUtils: 	at com.android.server.am.OplusOsenseCompressAction.-$$Nest$mdoGlobalShrink(Unknown Source:0)
02-13 03:32:52.632  3434  4310 E OsenseCommonUtils: 	at com.android.server.am.OplusOsenseCompressAction$CompressHandler.handleMessage(OplusOsenseCompressAction.java:1334)
02-13 03:32:52.632  3434  4310 E OsenseCommonUtils: 	at android.os.Handler.dispatchMessage(Handler.java:115)
02-13 03:32:52.632  3434  4310 E OsenseCommonUtils: 	at android.os.Looper.loopOnce(Looper.java:298)
02-13 03:32:52.632  3434  4310 E OsenseCommonUtils: 	at android.os.Looper.loop(Looper.java:408)
02-13 03:32:52.632  3434  4310 E OsenseCommonUtils: 	at android.os.HandlerThread.run(HandlerThread.java:85)
02-13 03:32:52.632  3434  4310 E OsenseCommonUtils: Caused by: android.system.ErrnoException: write failed: EBUSY (Device or resource busy)
02-13 03:32:52.632  3434  4310 E OsenseCommonUtils: 	at libcore.io.Linux.writeBytes(Native Method)
02-13 03:32:52.632  3434  4310 E OsenseCommonUtils: 	at libcore.io.Linux.write(Linux.java:338)
02-13 03:32:52.632  3434  4310 E OsenseCommonUtils: 	at libcore.io.ForwardingOs.write(ForwardingOs.java:954)
02-13 03:32:52.632  3434  4310 E OsenseCommonUtils: 	at libcore.io.BlockGuardOs.write(BlockGuardOs.java:448)
02-13 03:32:52.632  3434  4310 E OsenseCommonUtils: 	at libcore.io.IoBridge.write(IoBridge.java:646)
02-13 03:32:52.632  3434  4310 E OsenseCommonUtils: 	... 14 more
02-13 03:32:52.654  2038  2565 I SDM     : DisplayBuiltIn::IdlePowerCollapse: IPC received, disabling partial update for one frame
02-13 03:32:52.735  2139  2139 D SensorFeature: name=ssc_screenshot_info ,index = 22
02-13 03:32:52.735  2139  2139 D SensorFeature: write 35 bytes:6221308847834,6221360561115,20108,0
02-13 03:32:52.741  2038  2565 I SDM     : DisplayBuiltIn::IdlePowerCollapse: IPC received, disabling partial update for one frame
02-13 03:32:52.771  1967  4499 I sensors-hal: handle_oplus_wise_rgb_event:189, high_pwm_light:lux 3.2,cct 5300.0,brl/algo/ir 514.0/2.0/0.0,pwm/dc 0.0/0.0,rgbc 198.868698/152.293228/91.067055/427.723755,ts 6221340769515,cnt 48618,flag 85644
02-13 03:32:52.772  1967  6334 I sensors-hal: handle_oplus_wise_rgb_event:161, wise_rgb: (48615)(cct, lux, ir)[5300.00, 3.24, 0.000000] (r, g, b, c)[216.42, 176.66, 120.34, 445.92]                 (pwm, hbm, brl, algo)[0.0 0.0 514.0 2.0], flag 20108
02-13 03:32:52.772  3434  4452 D FusionLightNextGen: process end reported = 1, mode: 0, cnt: 23355, lux 5.1, cct 5300.0, r/g/b/c: 198.9/152.3/91.1/427.7, R/G/B: 17.0/18.0/22.0, bri 514.0, match 1.00, ir 0.026037, conf 2.0, ts 6221340769515
02-13 03:32:52.855  2163  2262 E BatteryDamageDetect: online status not satify
02-13 03:32:52.855  2163  2262 E BatteryDamageDetect: online status not satify
02-13 03:32:52.992  2269  3569 D AudioFlinger: trackId 128 is playing mute data
02-13 03:32:53.034  5308 19621 D CommonApp-100-10742: transport layer data is invalid
02-13 03:32:53.034  5308 19621 D CommonApp-101-10742: udp pk is bigger than tcpPk,regard it as normal network
