--------- beginning of main
02-13 03:33:29.378 20918 21038 E NxReword/Native: nxString string_count 32215 plural_count : 884
02-13 03:33:29.378 20918 21038 E NxReword/Native: read file from asset: strings#lang_en/nxstring_en.xrsc
02-13 03:33:29.379 20918 21038 E NxReword/Native: AAssetManager_open success load_file : strings#lang_en/nxstring_en.xrsc, language: en, file_size:19436
02-13 03:33:29.379 20918 21038 E NxReword/Native: nxString string_count 32215 plural_count : 884
02-13 03:33:29.379 20918 21038 E NxReword/Native: load resource success size: 2
--------- beginning of system
02-13 03:33:29.380 20918 20918 V Configuration: Updating configuration, locales updated from [] to [en_GB]
02-13 03:33:29.381  2639  4403 D QmiClient: qmiServiceEventCallback recv msg id 74
02-13 03:33:29.381  2639  4403 D QmiClient: enter -mServiceType 2 onQmiServiceEventCallback msgId 74
02-13 03:33:29.381  2639  4403 D QmiClient: onQmiServiceEventCallback - enter. msgId=74
02-13 03:33:29.381  2639  4403 D QmiDsdClientEvent: qmiDsdClientNotifyLteCellInfoChangeEvent - RADIO_EVENT_LTE_CELL_INFO_CHANGE_IND
02-13 03:33:29.381  2639  2713 D DsdProxy: handleMessage msg is 2201
02-13 03:33:29.381  2639  2713 D DsdProxy: handleLteCellInfoChangeInd for instance 0
02-13 03:33:29.385  5784  5852 D SubsysRadioIndication[0]: radioLteCAInfoInd
02-13 03:33:29.385  5784  5784 D QtiCellularNetwork: handleLteCaInfoChanged 0
02-13 03:33:29.385  5784  5784 D QtiCellularNetwork: handleLteCaInfoChanged: deconfigured
02-13 03:33:29.385  2639  4403 D QmiClient: qmiServiceEventCallback recv msg id 74
02-13 03:33:29.386  2639  4403 D QmiClient: enter -mServiceType 2 onQmiServiceEventCallback msgId 74
02-13 03:33:29.386  2639  4403 D QmiClient: onQmiServiceEventCallback - enter. msgId=74
02-13 03:33:29.386  2639  4403 D QmiDsdClientEvent: qmiDsdClientNotifyLteCellInfoChangeEvent - RADIO_EVENT_LTE_CELL_INFO_CHANGE_IND
02-13 03:33:29.386  2639  2713 D DsdProxy: handleMessage msg is 2201
02-13 03:33:29.386  2639  2713 D DsdProxy: handleLteCellInfoChangeInd for instance 0
02-13 03:33:29.387  5784  5852 D SubsysRadioIndication[0]: radioLteCAInfoInd
02-13 03:33:29.387  5784  5784 D QtiCellularNetwork: handleLteCaInfoChanged 0
02-13 03:33:29.387  5528  6933 D QtiOemHookAidl: oemHookRawIndication length=21
02-13 03:33:29.388  5528  5528 D QcrilMsgTunnelIfaceManager: handleMessage what = 0
02-13 03:33:29.391  5528  5556 D QtiOemHookAidl: oemHookRawIndication length=21
02-13 03:33:29.391  5511  5511 W Settings: Setting airplane_mode_on has moved from android.provider.Settings.System to android.provider.Settings.Global, returning read-only value.
02-13 03:33:29.391  5528  5528 D QcrilMsgTunnelIfaceManager: handleMessage what = 0
02-13 03:33:29.392 20918 20998 D art_sym : get art runtime by instance
02-13 03:33:29.392 20918 20998 E art_sym : not found symbol for class_linker_vtable
02-13 03:33:29.394 20918 20998 W art_sym : intern_table_index is -1 158
02-13 03:33:29.396 20918 20998 W art_sym : intern_table_index is -1 158
02-13 03:33:29.397 20918 20998 W art_sym : intern_table_index is -1 158
02-13 03:33:29.397 20918 20998 W art_sym : intern_table_index is 78 158
02-13 03:33:29.398 20918 20998 W art_sym : GetClassLinkerIndex by intern_table, intern_table_index: 78
02-13 03:33:29.398 20918 20998 W art_sym : art runtime: 0xb400007094811800, class_linker index: 150, java_vm_ext index: 158
02-13 03:33:29.398 20918 20998 E art_sym : art ThreadListInstance index: 146
02-13 03:33:29.399 20918 21033 I NPTH    : npth_anr_monitor_loop s_sig_catcher_tid = 20919
02-13 03:33:29.399 20918 21033 I NPTH    : enter looper
02-13 03:33:29.406  5528  5528 D QC_RIL_OEM_HOOK: Received Broadcast Intent ACTION_UNSOL_RESPONSE_OEM_HOOK_RAW
02-13 03:33:29.406  5528  5528 D QC_RIL_OEM_HOOK: Received Broadcast Intent ACTION_UNSOL_RESPONSE_OEM_HOOK_RAW
02-13 03:33:29.407 20918 20918 D OplusGraphicsEvent: OplusGraphicsEventListener create now!
02-13 03:33:29.407 20918 20918 D OplusGraphicsEvent: addEventListener success!
02-13 03:33:29.408 20918 20918 E [UAH_CLIENT]: uahInit enter
02-13 03:33:29.409 20918 20918 W droid.ugc.trill: AIBinder_linkToDeath is being called with a non-null cookie and no onUnlink callback set. This might not be intended. AIBinder_DeathRecipient_setOnUnlinked should be called first.
02-13 03:33:29.409  2171  2171 I UrccFramework-halservice: Urcc::init is called 
02-13 03:33:29.409 20918 20918 I [UAH_CLIENT]: UahGetFeatureStatus enter
02-13 03:33:29.410  5511  5511 D QC_RIL_OEM_HOOK: Received Broadcast Intent ACTION_UNSOL_RESPONSE_OEM_HOOK_RAW
02-13 03:33:29.411  5511  5511 D QC_RIL_OEM_HOOK: Received Broadcast Intent ACTION_UNSOL_RESPONSE_OEM_HOOK_RAW
02-13 03:33:29.411  5511  5511 D QC_RIL_OEM_HOOK: Received Broadcast Intent ACTION_UNSOL_RESPONSE_OEM_HOOK_RAW
02-13 03:33:29.411  5511  5511 D QC_RIL_OEM_HOOK: Received Broadcast Intent ACTION_UNSOL_RESPONSE_OEM_HOOK_RAW
02-13 03:33:29.412  5511  5511 D QC_RIL_OEM_HOOK: Received Broadcast Intent ACTION_UNSOL_RESPONSE_OEM_HOOK_RAW
02-13 03:33:29.412  5511  5511 D QC_RIL_OEM_HOOK: Received Broadcast Intent ACTION_UNSOL_RESPONSE_OEM_HOOK_RAW
02-13 03:33:29.413 20918 21048 W libc    : Access denied finding property "qemu.hw.mainkeys"
02-13 03:33:29.415  5511  5511 W Settings: Setting airplane_mode_on has moved from android.provider.Settings.System to android.provider.Settings.Global, returning read-only value.
02-13 03:33:29.417  2639  4403 D QmiClient: qmiServiceEventCallback recv msg id 74
02-13 03:33:29.417  2639  4403 D QmiClient: enter -mServiceType 2 onQmiServiceEventCallback msgId 74
02-13 03:33:29.417  2639  4403 D QmiClient: onQmiServiceEventCallback - enter. msgId=74
02-13 03:33:29.417  2639  4403 D QmiDsdClientEvent: qmiDsdClientNotifyLteCellInfoChangeEvent - RADIO_EVENT_LTE_CELL_INFO_CHANGE_IND
02-13 03:33:29.418  2639  2713 D DsdProxy: handleMessage msg is 2201
02-13 03:33:29.418  2639  2713 D DsdProxy: handleLteCellInfoChangeInd for instance 0
02-13 03:33:29.421  5784  5784 D SubsysEventListenerManager-SubsysTelephonyCallback[0]: onServiceStateChanged
02-13 03:33:29.421  5784  5784 D QuickChangeAirplaneModeEvent: onServiceStateChanged slotId:0
02-13 03:33:29.422  5511  5511 D SatelliteController: iisInCarrierRoamingNbIotNtn: satellite is disabled
02-13 03:33:29.424  3634  3911 W ContextImpl: Calling a method in the system process without a qualified user: android.app.ContextImpl.sendBroadcastMultiplePermissions:1331 android.content.Context.sendBroadcastMultiplePermissions:2583 com.android.server.TelephonyRegistry.broadcastServiceStateChanged:4232 com.android.server.TelephonyRegistry.notifyServiceStateForPhoneId:1873 com.android.internal.telephony.ITelephonyRegistry$Stub.onTransact:613 
02-13 03:33:29.424  5541  7462 I SmartDataSwitchGameStrategy: [NoGameState]processMessage:EVENT_SERVICE_STATE_CHANGED
02-13 03:33:29.424  3634  3911 W ContextImpl: Calling a method in the system process without a qualified user: android.app.ContextImpl.sendBroadcastMultiplePermissions:1364 com.android.server.TelephonyRegistry.broadcastServiceStateChanged:4236 com.android.server.TelephonyRegistry.notifyServiceStateForPhoneId:1873 com.android.internal.telephony.ITelephonyRegistry$Stub.onTransact:613 android.os.Binder.execTransactInternal:1439 
02-13 03:33:29.426  3634  3911 W ContextImpl: Calling a method in the system process without a qualified user: android.app.ContextImpl.sendBroadcastMultiplePermissions:1364 com.android.server.TelephonyRegistry.broadcastServiceStateChanged:4245 com.android.server.TelephonyRegistry.notifyServiceStateForPhoneId:1873 com.android.internal.telephony.ITelephonyRegistry$Stub.onTransact:613 android.os.Binder.execTransactInternal:1439 
02-13 03:33:29.426  5784  5852 D SubsysRadioIndication[0]: radioLteCAInfoInd
02-13 03:33:29.426  5541  5908 D OplusLinkBoostCommon: dds servicestate change
02-13 03:33:29.427  5511  7378 D AutoDualCardRoamingDemand: onServiceStateChanged judgeToShowDialog begin sim1 state:0
02-13 03:33:29.427  5511  6600 E SatelliteController: registerForSatelliteCommunicationAccessStateChanged: SatelliteManager is null
02-13 03:33:29.427  5541  5910 D NAS-CallIssueDetector: onServiceStateChanged
02-13 03:33:29.427  5511  6600 D SatelliteController: isCarrierRoamingNtnEligible: satellite access is not allowed
02-13 03:33:29.427  5511  6600 D SatelliteController: evaluateCarrierRoamingNtnEligibilityChange: isCarrierRoamingNtnEligible=false
02-13 03:33:29.427  5511  6600 D SatelliteController: getSelectedSatelliteSubId: subId=-1
02-13 03:33:29.427  5541  5910 D OplusCiwlanController: [vodata] processServiceStateChanged  phoneid = 0, original roaming type = 0,roaming type = 0
02-13 03:33:29.427  5511  6600 D SatelliteController: notifyNtnEligibility: phoneId=0 currentNtnEligibility=false
02-13 03:33:29.427  5541  5910 D OplusCiwlanController: [vodata] processServiceStateChanged  phoneid = 1, original roaming type = 3,roaming type = 3
02-13 03:33:29.427  5511  6600 V SatelliteController: getWwanIsInService: return true
02-13 03:33:29.428  5511  6600 D SatelliteController: updateLastNotifiedNtnModeAndNotify: subId=1 initialized=true lastNotifiedNtnMode=false currNtnMode=false
02-13 03:33:29.428  5511  6600 D SatelliteController: iisInCarrierRoamingNbIotNtn: satellite is disabled
02-13 03:33:29.428  3634  3911 W ContextImpl: Calling a method in the system process without a qualified user: android.app.ContextImpl.sendBroadcastMultiplePermissions:1364 com.android.server.TelephonyRegistry.broadcastServiceStateChanged:4251 com.android.server.TelephonyRegistry.notifyServiceStateForPhoneId:1873 com.android.internal.telephony.ITelephonyRegistry$Stub.onTransact:613 android.os.Binder.execTransactInternal:1439 
02-13 03:33:29.430  3634  3911 D ConnectivityService: requestNetwork for uid/pid:10558/20918 activeRequest: null callbackRequest: 12560 [NetworkRequest [ REQUEST id=12561, [ Capabilities: INTERNET&NOT_RESTRICTED&TRUSTED&NOT_VCN_MANAGED&NOT_BANDWIDTH_CONSTRAINED Uid: 10558 RequestorUid: 10558 RequestorPkg: com.ss.android.ugc.trill UnderlyingNetworks: Null] ]] callback flags: 0 order: 2147483647 isUidTracked: false declaredMethods: AVAIL|LOSING|LOST|UNAVAIL
02-13 03:33:29.430 20918 21052 D nativeloader: Load /data/app/~~vzi0OXYOB27q0j_gzqwMTg==/com.ss.android.ugc.trill-gD4qvc2rmOwsnKQR9_W9qA==/lib/arm64/libvideodec.so using class loader ns clns-11 (caller=/data/app/~~vzi0OXYOB27q0j_gzqwMTg==/com.ss.android.ugc.trill-gD4qvc2rmOwsnKQR9_W9qA==/base.apk!classes31.dex): ok
02-13 03:33:29.430  5784  5784 D NetworkService[0]: onServiceStateChanged, NetworkType:18
02-13 03:33:29.430  5784  7483 I ImsGuardUnit[0]: onServiceStateChanged
02-13 03:33:29.430  5784  5784 E ExtremeCommUtils: getSwitchRusSupportMcc invalid index 1
02-13 03:33:29.430  5784  5784 D ExtremeCommUtils: isSupporCheck rusContain:false,propContain(persist.sys.oplus.support_hyper_uplink_mcc):false
02-13 03:33:29.430  5784  5784 D ExtremeCommService: handleServiceStateChanged mStartExtremeComm:false,isExpectMcc(isSupportHyperUplink):false(234)
02-13 03:33:29.430  5784  5784 E ExtremeCommUtils: getSwitchRusSupportMcc invalid index 4
02-13 03:33:29.430  5784  5784 D ExtremeCommUtils: isSupporCheck rusContain:false,propContain(persist.sys.oplus.support_cloud_data_mcc):false
02-13 03:33:29.430  5784  5784 D MsimSubModeManager: registTelephonyEvent onServiceStateChanged eventId:3, VoiceRegState:0, DataRegState:0
02-13 03:33:29.430  5784  5784 D QtiCellularNetwork: handleLteCaInfoChanged 0
02-13 03:33:29.430  5784  5784 D MsimSubModeManager: handleMessage what:3
02-13 03:33:29.430  5784  5784 D MsimSubModeManager: getMsimSimServiceIn() i:0,mServiceState:0
02-13 03:33:29.430 16056 16056 D CellBroadcastReceiver: onReceive Intent { act=android.intent.action.SERVICE_STATE flg=0x1000010 xflg=0x4 cmp=com.google.android.cellbroadcastreceiver/com.android.cellbroadcastreceiver.CellBroadcastReceiver (has extras) }
02-13 03:33:29.430  5784  5784 D MsimSubModeManager: getMsimSimServiceIn() i:1,mServiceState:0
02-13 03:33:29.430  5784  5784 D MsimSubModeManager: EVENT_SERVICE_STATE_CHANGED
02-13 03:33:29.430  5634  5634 I QImsService: OplusPhoneStateTracker : onServiceStateChanged
02-13 03:33:29.431  5541  5906 D EventManager: onServiceStateChanged subId = 1, mDdsSubId = 1
02-13 03:33:29.431 16056 16056 D CellBroadcastReceiver: onServiceStateChanged, ss: 0
02-13 03:33:29.431 16056 16056 D CellBroadcastReceiver: networkOperator: 23420
02-13 03:33:29.431  5541  5906 D TelephonyImpl: getRealNrState start:0
02-13 03:33:29.431 16056 16056 D CellBroadcastReceiver: update supported roaming operator as 
02-13 03:33:29.431  2274 17277 D AudioPolicyService: updateUidStates_l() current->uid=10778 current->pid=14995 allowCapture=1 UidState=4 apmStat=1
02-13 03:33:29.433  2274 17277 D AudioPolicyService: updateUidStates_l() current->uid=10778 current->pid=14995 allowCapture=1 UidState=4 apmStat=1
02-13 03:33:29.434  3634  4936 D OemPaidWifiNetworkFactory: got request NetworkRequest [ REQUEST id=12561, [ Capabilities: INTERNET&NOT_RESTRICTED&TRUSTED&NOT_VCN_MANAGED&NOT_BANDWIDTH_CONSTRAINED Uid: 10558 RequestorUid: 10558 RequestorPkg: com.ss.android.ugc.trill UnderlyingNetworks: Null] ]
02-13 03:33:29.434  3634  4936 D MultiInternetWifiNetworkFactory: got request NetworkRequest [ REQUEST id=12561, [ Capabilities: INTERNET&NOT_RESTRICTED&TRUSTED&NOT_VCN_MANAGED&NOT_BANDWIDTH_CONSTRAINED Uid: 10558 RequestorUid: 10558 RequestorPkg: com.ss.android.ugc.trill UnderlyingNetworks: Null] ]
02-13 03:33:29.434  3634  4936 D UntrustedWifiNetworkFactory: got request NetworkRequest [ REQUEST id=12561, [ Capabilities: INTERNET&NOT_RESTRICTED&TRUSTED&NOT_VCN_MANAGED&NOT_BANDWIDTH_CONSTRAINED Uid: 10558 RequestorUid: 10558 RequestorPkg: com.ss.android.ugc.trill UnderlyingNetworks: Null] ]
02-13 03:33:29.434  3634  4943 D ConnectivityService: NetReassign [12561 : null → 104] [c 1] [a 1] [i 2]
02-13 03:33:29.435  2639  4403 D QmiClient: qmiServiceEventCallback recv msg id 74
02-13 03:33:29.435  2639  4403 D QmiClient: enter -mServiceType 2 onQmiServiceEventCallback msgId 74
02-13 03:33:29.435  2639  4403 D QmiClient: onQmiServiceEventCallback - enter. msgId=74
02-13 03:33:29.435  2639  4403 D QmiDsdClientEvent: qmiDsdClientNotifyLteCellInfoChangeEvent - RADIO_EVENT_LTE_CELL_INFO_CHANGE_IND
02-13 03:33:29.435  2639  2713 D DsdProxy: handleMessage msg is 2201
02-13 03:33:29.435  2639  2713 D DsdProxy: handleLteCellInfoChangeInd for instance 0
02-13 03:33:29.435  5784 17698 D SubsysRadioIndication[0]: radioLteCAInfoInd
02-13 03:33:29.435  5682  6709 D IWlanJni: getDataRegistrationState start
02-13 03:33:29.436  5784  5784 D QtiCellularNetwork: handleLteCaInfoChanged 0
02-13 03:33:29.436  5784  7483 I ImsGuardUnit[0]: handleMessage: 4
02-13 03:33:29.437  5784  7483 D TelephonyManagerProxy: isImsValid soltId: 0
02-13 03:33:29.437  5682  6742 D IWlanJni: new aidl event arrived
02-13 03:33:29.437  5682  6742 D IWlanJni: handleEvent 10
02-13 03:33:29.437  5682  6742 D IWlanJni: isThreadAttached start
02-13 03:33:29.437  5682  6742 D IWlanJni: jni detached
02-13 03:33:29.437  5682  6742 D IWlanJni: jni attached
02-13 03:33:29.437  5682  6742 D IWlanJni: getDataRegistrationStateResponse start
02-13 03:33:29.437  5682  6742 D IWlanJni: getJavaCallbackClass start
02-13 03:33:29.437  5682  6742 D IWlanJni: getJavaCallbackClass End midIs[1]
02-13 03:33:29.437  5682  6742 I IWlanAidlClient: getDataRegistrationStateResponse called
02-13 03:33:29.437  5682  6741 W IWlanNetworkService: 3892 > Response Processed
02-13 03:33:29.438  5337  5477 W OPLUS_LOG_LOAD: ==LOGS PROG INFO, prog(com.android.systemui) ==
02-13 03:33:29.439  5511  6600 V SatelliteController: getWwanIsInService: return true
02-13 03:33:29.438  5337  5477 I SystemUi--Statusbar: MobileConnectionRepositoryImpl-->subId:1 isSoftSimCard:false slotId:0
02-13 03:33:29.440  5337  5337 I KeyguardUpdateMonitor: action=android.intent.action.SERVICE_STATE subId=1 slotId=0
02-13 03:33:29.441  5337  5337 D Tile.OplusCellularTile: refreshState: tile not listening, ignore
02-13 03:33:29.441  5337  5416 I SystemUi--QuickSettings: Tile.OplusCellularTile-->updateCarrierText: dialog not showing, ignore
02-13 03:33:29.441  5337  5337 I SystemUi--Keyguard: OplusEmergencyButtonExImpl-->updateEmergencyCallButton: isTablet=false isWifiOnly=false isInCall=false visible=true
02-13 03:33:29.441  5511  6600 D SatelliteController: updateLastNotifiedNtnModeAndNotify: subId=2 initialized=true lastNotifiedNtnMode=false currNtnMode=false
02-13 03:33:29.442  5337  5416 D SimStateHelper: sts slot:0, lock state:-1
02-13 03:33:29.442  5511  6600 D SatelliteController: iisInCarrierRoamingNbIotNtn: satellite is disabled
02-13 03:33:29.443  5337  5416 D SimStateHelper: sts slot:1, lock state:-1
02-13 03:33:29.443  5784  5784 D SubsysEventListenerManager-SubsysTelephonyCallback[0]: onDisplayInfoChanged
02-13 03:33:29.443  5784  5784 D SceneService: onDisplayInfoChanged telephonyDisplayInfo:TelephonyDisplayInfo {network=LTE, overrideNetwork=LTE_CA, isRoaming=false, isNtn=false, isSatelliteConstrainedData=false}
02-13 03:33:29.443  5337  5416 D SimStateHelper: needDisableMenu: slot1State=-1; slot2State=-1
02-13 03:33:29.443  5337  5416 D SimStateHelper: needDisableMenu:false
02-13 03:33:29.443 14995 15578 D ConnectivityUtility: onDisplayInfoChanged: TelephonyDisplayInfo {network=LTE, overrideNetwork=LTE_CA, isRoaming=false, isNtn=false, isSatelliteConstrainedData=false}
02-13 03:33:29.445  5511  5511 I Telephony: q0: TelecomAccountRegistry: onServiceStateChanged: newState=0, mServiceState=0
02-13 03:33:29.445  5337  5477 I SystemUi--Statusbar: MobileConnectionRepositoryImpl-->subId:1 isSoftSimCard:false slotId:0
02-13 03:33:29.446  5511  5511 I Telephony: isRttCurrentlySupported -- regular acct, hasVoiceAvailability: true
02-13 03:33:29.446  5511  5511 I Telephony:  isRttSupported: false
02-13 03:33:29.446  5511  5511 I Telephony:  isUserRttSettingOn: false
02-13 03:33:29.446  5511  5511 I Telephony:  alwaysAllowWhileRoaming: false
02-13 03:33:29.446  5511  5511 I Telephony:  isRoaming: false
02-13 03:33:29.446  5511  5511 I Telephony:  isOnWfc: true
02-13 03:33:29.453  5337  5337 W KeyguardSecurityViewFlipper: onMeasure: widthSpec MeasureSpec: EXACTLY 1272 should be AT_MOST
02-13 03:33:29.453  5337  5337 W KeyguardSecurityViewFlipper: onMeasure: heightSpec MeasureSpec: EXACTLY 2772 should be AT_MOST
02-13 03:33:29.453  5337  5337 W KeyguardSecurityViewFlipper: onMeasure: widthSpec MeasureSpec: EXACTLY 1272 should be AT_MOST
02-13 03:33:29.453  5511  5511 I Telephony: isRttCurrentlySupported -- regular acct, hasVoiceAvailability: false
02-13 03:33:29.453  5511  5511 I Telephony:  isRttSupported: false
02-13 03:33:29.453  5511  5511 I Telephony:  isUserRttSettingOn: false
02-13 03:33:29.453  5511  5511 I Telephony:  alwaysAllowWhileRoaming: false
02-13 03:33:29.453  5511  5511 I Telephony:  isRoaming: true
02-13 03:33:29.453  5511  5511 I Telephony:  isOnWfc: false
02-13 03:33:29.454 13086 13135 I APS_ALOG: flushRoutine g_immediateFlush=0 g_pendingCount=0 g_oobCount=0 asan-debug7
02-13 03:33:29.454  5511  5511 V OplusCustomizeCacheManager: queryCache name: cache_key.system_server.common_customize_cache18016 param: null
02-13 03:33:29.454  5511  5511 V OplusCustomizeCacheManager: queryCache name: cache_key.system_server.common_customize_cache18013 param: null
02-13 03:33:29.454  5511  5511 V OplusCustomizeCacheManager: queryCache name: cache_key.system_server.common_customize_cache18014 param: null
02-13 03:33:29.454  5511  5511 V OplusCustomizeCacheManager: queryCache name: cache_key.system_server.common_customize_cache18017 param: Bundle[{SETTING=BLOCK, BUSINESS=NCT-DATA}]
02-13 03:33:29.453  5337  5337 W KeyguardSecurityViewFlipper: onMeasure: heightSpec MeasureSpec: EXACTLY 2772 should be AT_MOST
02-13 03:33:29.455  5337  5337 D Tile.OplusCellularTile: refreshState: tile not listening, ignore
02-13 03:33:29.459 20918 20998 W art_sym : ThreadList Get ThreadSuspendTimeoutIndex 2092
02-13 03:33:29.459 20918 20998 W art_sym : ThreadList Set ThreadSuspendTimeout: 30000000000 ns, 30000000000 ns
02-13 03:33:29.461  1124  1124 E lowmemorykiller: device memory 1128240 free 36528 file 1150462
02-13 03:33:29.462 20918 21025 W System  : ClassLoader referenced unknown path: 
02-13 03:33:29.462 20918 21025 D nativeloader: Configuring clns-12 for other apk . target_sdk_version=36, uses_libraries=, library_path=/data/app/~~afdXAHRQOBcLAn_mOLIVKA==/com.google.android.gms-cS9FjSGZMo1lh_PF1WSedQ==/lib/arm64:/data/app/~~afdXAHRQOBcLAn_mOLIVKA==/com.google.android.gms-cS9FjSGZMo1lh_PF1WSedQ==/base.apk!/lib/arm64-v8a, permitted_path=/data:/mnt/expand:/data/user/0/com.google.android.gms
02-13 03:33:29.462  5511  5511 D SatelliteController: Satellite for carrier is not supported.
02-13 03:33:29.462 10702 10780 I metis_v2_OsenseCallBack: memLevel: 2 [Metis|com.oplus.metis|2.0.20-aa39d14]
02-13 03:33:29.462  3634  5369 I Osense-PsiDetector: 4407,143,3397,8704,61,815,888,3911,4650,2310,2183,0,16,13558
02-13 03:33:29.462  5511  5511 D SatelliteController: Satellite for carrier is not supported.
02-13 03:33:29.463  5511  5511 D SatelliteController: registerForSatelliteModemStateChanged: add Listeners for ModemState
02-13 03:33:29.463  5511  5511 E SatelliteController: registerForSatelliteModemStateChanged: mSatelliteSessionController is not initialized yet
02-13 03:33:29.465  5511  6160 D PhoneInterfaceManager: QueryTelephonyChecker-getDataNetworkTypeForSubscriber: packageName = com.android.phone, isGrant = true
02-13 03:33:29.465  5511  5511 D SatelliteController: registerForSatelliteModemStateChanged: add Listeners for ModemState
02-13 03:33:29.466  3634  3911 D ConnectivityService: requestNetwork for uid/pid:10558/20918 activeRequest: null callbackRequest: 12562 [NetworkRequest [ REQUEST id=12563, [ Capabilities: INTERNET&NOT_RESTRICTED&TRUSTED&NOT_VCN_MANAGED&NOT_BANDWIDTH_CONSTRAINED Uid: 10558 RequestorUid: 10558 RequestorPkg: com.ss.android.ugc.trill UnderlyingNetworks: Null] ]] callback flags: 0 order: 2147483647 isUidTracked: false declaredMethods: AVAIL|LOST
02-13 03:33:29.466  5511  5511 E SatelliteController: registerForSatelliteModemStateChanged: mSatelliteSessionController is not initialized yet
02-13 03:33:29.467  5511  5511 E m.android.phone: Invalid resource ID 0x00000000.
02-13 03:33:29.467 20918 20997 D bytenn-cpu: V   bytenn espresso version: 3.11.60
02-13 03:33:29.469  3634  4943 D ConnectivityService: NetReassign [12563 : null → 104] [c 1] [a 1] [i 0]
02-13 03:33:29.469  3634  4936 D OemPaidWifiNetworkFactory: got request NetworkRequest [ REQUEST id=12563, [ Capabilities: INTERNET&NOT_RESTRICTED&TRUSTED&NOT_VCN_MANAGED&NOT_BANDWIDTH_CONSTRAINED Uid: 10558 RequestorUid: 10558 RequestorPkg: com.ss.android.ugc.trill UnderlyingNetworks: Null] ]
02-13 03:33:29.469  3634  4936 D MultiInternetWifiNetworkFactory: got request NetworkRequest [ REQUEST id=12563, [ Capabilities: INTERNET&NOT_RESTRICTED&TRUSTED&NOT_VCN_MANAGED&NOT_BANDWIDTH_CONSTRAINED Uid: 10558 RequestorUid: 10558 RequestorPkg: com.ss.android.ugc.trill UnderlyingNetworks: Null] ]
02-13 03:33:29.469  3634  4936 D UntrustedWifiNetworkFactory: got request NetworkRequest [ REQUEST id=12563, [ Capabilities: INTERNET&NOT_RESTRICTED&TRUSTED&NOT_VCN_MANAGED&NOT_BANDWIDTH_CONSTRAINED Uid: 10558 RequestorUid: 10558 RequestorPkg: com.ss.android.ugc.trill UnderlyingNetworks: Null] ]
02-13 03:33:29.473 20918 20997 D nativeloader: Load /data/app/~~vzi0OXYOB27q0j_gzqwMTg==/com.ss.android.ugc.trill-gD4qvc2rmOwsnKQR9_W9qA==/lib/arm64/libaudioeffect.so using class loader ns clns-11 (caller=/data/app/~~vzi0OXYOB27q0j_gzqwMTg==/com.ss.android.ugc.trill-gD4qvc2rmOwsnKQR9_W9qA==/base.apk!classes31.dex): ok
02-13 03:33:29.475 20918 20981 W jato    : setJitCompilerOptions close debuginfo2
02-13 03:33:29.478  5511  5511 W Settings: Setting airplane_mode_on has moved from android.provider.Settings.System to android.provider.Settings.Global, returning read-only value.
02-13 03:33:29.482 20918 21025 I droid.ugc.trill: AssetManager2(0x6f10668f28) locale list changing from [] to [en-MM]
02-13 03:33:29.483 20918 20997 W [mammon]android-14.91.3-mt: [mammon]android-14.91.3-mt[SAMICORE: _initCallBack@sami_core_ab_config_context.cpp,69] common callback setted
02-13 03:33:29.484  3634  5722 I ActivityManager: Flag disabled. Ignoring finishAttachApplication from uid: 10558. pid: 20918
02-13 03:33:29.486  5511  6600 E SatelliteController: registerForSatelliteCommunicationAccessStateChanged: SatelliteManager is null
02-13 03:33:29.486  5511  6600 D SatelliteController: isCarrierRoamingNtnEligible: satellite access is not allowed
02-13 03:33:29.486  5511  6600 D SatelliteController: evaluateCarrierRoamingNtnEligibilityChange: isCarrierRoamingNtnEligible=false
02-13 03:33:29.486  5886  5886 W GCM     : broadcast intent callback: result=CANCELLED forIntent { act=com.google.android.c2dm.intent.RECEIVE flg=0x10000000 xflg=0x4 pkg=com.ss.android.ugc.trill (has extras) }
02-13 03:33:29.486  5511  6600 D SatelliteController: getSelectedSatelliteSubId: subId=-1
02-13 03:33:29.487  5511  6600 D SatelliteController: notifyNtnEligibility: phoneId=0 currentNtnEligibility=false
02-13 03:33:29.487  1124  1124 E lowmemorykiller: device memory 1127478 free 35391 file 1150974
02-13 03:33:29.487  5511  6600 V SatelliteController: getWwanIsInService: return true
02-13 03:33:29.487  2129  2200 E bms_heating: BmsHeatingCheckThread status: 0
02-13 03:33:29.488  2274 17277 D AudioPolicyService: updateUidStates_l() current->uid=10778 current->pid=14995 allowCapture=1 UidState=4 apmStat=1
02-13 03:33:29.489  5886 10282 W OplusExSystemServiceHelper: checkOplusExSystemService intent getComponent is null
02-13 03:33:29.490  5511  5511 D ServiceStateProvider: subId=1
02-13 03:33:29.490  5784  5784 D SubsysEventListenerManager-SubsysTelephonyCallback[0]: onDisplayInfoChanged
02-13 03:33:29.490  5784  5784 D SceneService: onDisplayInfoChanged telephonyDisplayInfo:TelephonyDisplayInfo {network=LTE, overrideNetwork=NONE, isRoaming=false, isNtn=false, isSatelliteConstrainedData=false}
02-13 03:33:29.490  5337  5337 D Tile.OplusCellularTile: refreshState: tile not listening, ignore
02-13 03:33:29.490 14995 15578 D ConnectivityUtility: onDisplayInfoChanged: TelephonyDisplayInfo {network=LTE, overrideNetwork=NONE, isRoaming=false, isNtn=false, isSatelliteConstrainedData=false}
02-13 03:33:29.490  5337  5477 I SystemUi--Statusbar: MobileConnectionRepositoryImpl-->subId:1 isSoftSimCard:false slotId:0
02-13 03:33:29.491  5511  6600 D SatelliteController: updateLastNotifiedNtnModeAndNotify: subId=1 initialized=true lastNotifiedNtnMode=false currNtnMode=false
02-13 03:33:29.491  5511  5511 D SatelliteController: iisInCarrierRoamingNbIotNtn: satellite is disabled
02-13 03:33:29.491  5511  6600 D SatelliteController: iisInCarrierRoamingNbIotNtn: satellite is disabled
02-13 03:33:29.491  5511  5511 D InternationalRoamingNotification: init
02-13 03:33:29.491  5511  5511 D InternationalRoamingNotification: do not createRoamingNotification for error version
02-13 03:33:29.492  5511  6600 V SatelliteController: getWwanIsInService: return true
02-13 03:33:29.492  5511  6600 D SatelliteController: updateLastNotifiedNtnModeAndNotify: subId=2 initialized=true lastNotifiedNtnMode=false currNtnMode=false
02-13 03:33:29.492  5511  6600 D SatelliteController: iisInCarrierRoamingNbIotNtn: satellite is disabled
02-13 03:33:29.494  5784  5784 D SubsysEventListenerManager-SubsysTelephonyCallback[0]: onServiceStateChanged
02-13 03:33:29.495  5784  5784 D QuickChangeAirplaneModeEvent: onServiceStateChanged slotId:0
02-13 03:33:29.495  5511  7387 D AutoDualCardRoamingDemand: onServiceStateChanged judgeToShowDialog begin sim1 state:0
02-13 03:33:29.495  5784  5784 D NetworkService[0]: onServiceStateChanged, NetworkType:18
02-13 03:33:29.495  5337  5477 I SystemUi--Statusbar: MobileConnectionRepositoryImpl-->subId:1 isSoftSimCard:false slotId:0
02-13 03:33:29.495  5784  7483 I ImsGuardUnit[0]: onServiceStateChanged
02-13 03:33:29.495  5784  7483 I ImsGuardUnit[0]: handleMessage: 4
02-13 03:33:29.495  5784  7483 D TelephonyManagerProxy: isImsValid soltId: 0
02-13 03:33:29.495  5784  5784 E ExtremeCommUtils: getSwitchRusSupportMcc invalid index 1
02-13 03:33:29.495  5337  5337 D Tile.OplusCellularTile: refreshState: tile not listening, ignore
02-13 03:33:29.495  5784  5784 D ExtremeCommUtils: isSupporCheck rusContain:false,propContain(persist.sys.oplus.support_hyper_uplink_mcc):false
02-13 03:33:29.495  5784  5784 D ExtremeCommService: handleServiceStateChanged mStartExtremeComm:false,isExpectMcc(isSupportHyperUplink):false(234)
02-13 03:33:29.495  5784  5784 E ExtremeCommUtils: getSwitchRusSupportMcc invalid index 4
02-13 03:33:29.495  5784  5784 D ExtremeCommUtils: isSupporCheck rusContain:false,propContain(persist.sys.oplus.support_cloud_data_mcc):false
02-13 03:33:29.495  5784  5784 D MsimSubModeManager: registTelephonyEvent onServiceStateChanged eventId:3, VoiceRegState:0, DataRegState:0
02-13 03:33:29.495  5784  5784 D MsimSubModeManager: handleMessage what:3
02-13 03:33:29.495  5784  5784 D MsimSubModeManager: getMsimSimServiceIn() i:0,mServiceState:0
02-13 03:33:29.495  5784  5784 D MsimSubModeManager: getMsimSimServiceIn() i:1,mServiceState:0
02-13 03:33:29.495  5784  5784 D MsimSubModeManager: EVENT_SERVICE_STATE_CHANGED
02-13 03:33:29.496  5541  7462 I SmartDataSwitchGameStrategy: [NoGameState]processMessage:EVENT_SERVICE_STATE_CHANGED
02-13 03:33:29.496  5541  5908 D OplusLinkBoostCommon: dds servicestate change
02-13 03:33:29.496  5541  5910 D NAS-CallIssueDetector: onServiceStateChanged
02-13 03:33:29.496  5541  5906 D EventManager: onServiceStateChanged subId = 1, mDdsSubId = 1
02-13 03:33:29.496  5541  5910 D OplusCiwlanController: [vodata] processServiceStateChanged  phoneid = 0, original roaming type = 0,roaming type = 0
02-13 03:33:29.496  5541  5910 D OplusCiwlanController: [vodata] processServiceStateChanged  phoneid = 1, original roaming type = 3,roaming type = 3
02-13 03:33:29.496  5541  5906 D TelephonyImpl: getRealNrState start:0
02-13 03:33:29.496  3634  5722 W ContextImpl: Calling a method in the system process without a qualified user: android.app.ContextImpl.sendBroadcastMultiplePermissions:1331 android.content.Context.sendBroadcastMultiplePermissions:2583 com.android.server.TelephonyRegistry.broadcastServiceStateChanged:4232 com.android.server.TelephonyRegistry.notifyServiceStateForPhoneId:1873 com.android.internal.telephony.ITelephonyRegistry$Stub.onTransact:613 
02-13 03:33:29.496  5634  5634 I QImsService: OplusPhoneStateTracker : onServiceStateChanged
02-13 03:33:29.497  3634  3911 D CompatChangeReporter: Compat change id reported: 297989574; UID 10558; state: ENABLED
02-13 03:33:29.498  5682  6709 D IWlanJni: getDataRegistrationState start
02-13 03:33:29.500  5682  6742 D IWlanJni: new aidl event arrived
02-13 03:33:29.500  5682  6742 D IWlanJni: handleEvent 10
02-13 03:33:29.500  5682  6742 D IWlanJni: isThreadAttached start
02-13 03:33:29.500  5682  6742 D IWlanJni: jni detached
02-13 03:33:29.500  5682  6742 D IWlanJni: jni attached
02-13 03:33:29.500  5682  6742 D IWlanJni: getDataRegistrationStateResponse start
02-13 03:33:29.500  5682  6742 D IWlanJni: getJavaCallbackClass start
02-13 03:33:29.500  5682  6742 D IWlanJni: getJavaCallbackClass End midIs[1]
02-13 03:33:29.500  5682  6742 I IWlanAidlClient: getDataRegistrationStateResponse called
02-13 03:33:29.500  5682  6741 W IWlanNetworkService: 3893 > Response Processed
02-13 03:33:29.502  5511  5511 I Telephony: q0: TelecomAccountRegistry: onServiceStateChanged: newState=0, mServiceState=0
02-13 03:33:29.503  3634  5722 W ContextImpl: Calling a method in the system process without a qualified user: android.app.ContextImpl.sendBroadcastMultiplePermissions:1364 com.android.server.TelephonyRegistry.broadcastServiceStateChanged:4236 com.android.server.TelephonyRegistry.notifyServiceStateForPhoneId:1873 com.android.internal.telephony.ITelephonyRegistry$Stub.onTransact:613 android.os.Binder.execTransactInternal:1439 
02-13 03:33:29.504  3634  5722 W ContextImpl: Calling a method in the system process without a qualified user: android.app.ContextImpl.sendBroadcastMultiplePermissions:1364 com.android.server.TelephonyRegistry.broadcastServiceStateChanged:4245 com.android.server.TelephonyRegistry.notifyServiceStateForPhoneId:1873 com.android.internal.telephony.ITelephonyRegistry$Stub.onTransact:613 android.os.Binder.execTransactInternal:1439 
02-13 03:33:29.504  5511  5511 I Telephony: isRttCurrentlySupported -- regular acct, hasVoiceAvailability: true
02-13 03:33:29.504  5511  5511 I Telephony:  isRttSupported: false
02-13 03:33:29.504  5511  5511 I Telephony:  isUserRttSettingOn: false
02-13 03:33:29.504  5511  5511 I Telephony:  alwaysAllowWhileRoaming: false
02-13 03:33:29.504  5511  5511 I Telephony:  isRoaming: false
02-13 03:33:29.504  5511  5511 I Telephony:  isOnWfc: true
02-13 03:33:29.505 20918 21025 W Settings: Setting android_id has moved from android.provider.Settings.System to android.provider.Settings.Secure, returning read-only value.
02-13 03:33:29.505  5511  5511 I Telephony: isRttCurrentlySupported -- regular acct, hasVoiceAvailability: false
02-13 03:33:29.505  5511  5511 I Telephony:  isRttSupported: false
02-13 03:33:29.505  5511  5511 I Telephony:  isUserRttSettingOn: false
02-13 03:33:29.505  5511  5511 I Telephony:  alwaysAllowWhileRoaming: false
02-13 03:33:29.505  5511  5511 I Telephony:  isRoaming: true
02-13 03:33:29.505  5511  5511 I Telephony:  isOnWfc: false
02-13 03:33:29.506  3634  5722 W ContextImpl: Calling a method in the system process without a qualified user: android.app.ContextImpl.sendBroadcastMultiplePermissions:1364 com.android.server.TelephonyRegistry.broadcastServiceStateChanged:4251 com.android.server.TelephonyRegistry.notifyServiceStateForPhoneId:1873 com.android.internal.telephony.ITelephonyRegistry$Stub.onTransact:613 android.os.Binder.execTransactInternal:1439 
02-13 03:33:29.506 20918 21066 D nativeloader: Load /data/app/~~vzi0OXYOB27q0j_gzqwMTg==/com.ss.android.ugc.trill-gD4qvc2rmOwsnKQR9_W9qA==/lib/arm64/libmonitorcollector-lib.so using class loader ns clns-11 (caller=/data/app/~~vzi0OXYOB27q0j_gzqwMTg==/com.ss.android.ugc.trill-gD4qvc2rmOwsnKQR9_W9qA==/base.apk!classes31.dex): ok
02-13 03:33:29.508  5511  5511 V OplusCustomizeCacheManager: queryCache name: cache_key.system_server.common_customize_cache18016 param: null
02-13 03:33:29.508  5511  5511 V OplusCustomizeCacheManager: queryCache name: cache_key.system_server.common_customize_cache18013 param: null
02-13 03:33:29.508  5511  5511 V OplusCustomizeCacheManager: queryCache name: cache_key.system_server.common_customize_cache18014 param: null
02-13 03:33:29.508  5511  5511 V OplusCustomizeCacheManager: queryCache name: cache_key.system_server.common_customize_cache18017 param: Bundle[{SETTING=BLOCK, BUSINESS=NCT-DATA}]
02-13 03:33:29.510 16056 16056 D CellBroadcastReceiver: onReceive Intent { act=android.intent.action.SERVICE_STATE flg=0x1000010 xflg=0x4 cmp=com.google.android.cellbroadcastreceiver/com.android.cellbroadcastreceiver.CellBroadcastReceiver (has extras) }
02-13 03:33:29.510  5541  5908 D DnsDomainBlock: onDnsEvent: latencyMs=3, returnCode=0, uid=10153
02-13 03:33:29.511  5541  5908 D DnsDomainBlock: onDnsEvent: latencyMs=0, returnCode=0, uid=10153
02-13 03:33:29.511  5511  5511 D InternationalRoamingNotification: init
02-13 03:33:29.511  5511  5511 D InternationalRoamingNotification: do not createRoamingNotification for error version
02-13 03:33:29.511  2274 17277 D AudioPolicyService: updateUidStates_l() current->uid=10778 current->pid=14995 allowCapture=1 UidState=4 apmStat=1
02-13 03:33:29.510 20918 21052 D nativeloader: Load /data/app/~~vzi0OXYOB27q0j_gzqwMTg==/com.ss.android.ugc.trill-gD4qvc2rmOwsnKQR9_W9qA==/lib/arm64/libttmverify.so using class loader ns clns-11 (caller=/data/app/~~vzi0OXYOB27q0j_gzqwMTg==/com.ss.android.ugc.trill-gD4qvc2rmOwsnKQR9_W9qA==/base.apk!classes31.dex): ok
02-13 03:33:29.511 16056 16056 D CellBroadcastReceiver: onServiceStateChanged, ss: 0
02-13 03:33:29.511  5511  6160 D PhoneInterfaceManager: QueryTelephonyChecker-getDataNetworkTypeForSubscriber: packageName = com.android.phone, isGrant = true
02-13 03:33:29.512  2129  2245 E BatteryChargeControl: kernel_max_current[0], kernel_min_current[0] are invalid
02-13 03:33:29.513  5337  5337 I KeyguardUpdateMonitor: action=android.intent.action.SERVICE_STATE subId=1 slotId=0
02-13 03:33:29.513  5511  5511 D SatelliteController: Satellite for carrier is not supported.
02-13 03:33:29.513 16056 16056 D CellBroadcastReceiver: networkOperator: 23420
02-13 03:33:29.513  5511  5511 D SatelliteController: Satellite for carrier is not supported.
02-13 03:33:29.513  5511  5511 D SatelliteController: registerForSatelliteModemStateChanged: add Listeners for ModemState
02-13 03:33:29.513  5511  5511 E SatelliteController: registerForSatelliteModemStateChanged: mSatelliteSessionController is not initialized yet
02-13 03:33:29.513 16056 16056 D CellBroadcastReceiver: update supported roaming operator as 
02-13 03:33:29.513  5337  5416 I SystemUi--QuickSettings: Tile.OplusCellularTile-->updateCarrierText: dialog not showing, ignore
02-13 03:33:29.514  5337  5337 I SystemUi--Keyguard: OplusEmergencyButtonExImpl-->updateEmergencyCallButton: isTablet=false isWifiOnly=false isInCall=false visible=true
02-13 03:33:29.514  5337  5416 D SimStateHelper: sts slot:0, lock state:-1
02-13 03:33:29.515  5337  5416 D SimStateHelper: sts slot:1, lock state:-1
02-13 03:33:29.515  5337  5416 D SimStateHelper: needDisableMenu: slot1State=-1; slot2State=-1
02-13 03:33:29.515  5337  5416 D SimStateHelper: needDisableMenu:false
02-13 03:33:29.517  2274 17277 D AudioPolicyService: updateUidStates_l() current->uid=10778 current->pid=14995 allowCapture=1 UidState=4 apmStat=1
02-13 03:33:29.517  5337  5337 W KeyguardSecurityViewFlipper: onMeasure: widthSpec MeasureSpec: EXACTLY 1272 should be AT_MOST
02-13 03:33:29.518  5337  5337 W KeyguardSecurityViewFlipper: onMeasure: heightSpec MeasureSpec: EXACTLY 2772 should be AT_MOST
02-13 03:33:29.518  5337  5337 W KeyguardSecurityViewFlipper: onMeasure: widthSpec MeasureSpec: EXACTLY 1272 should be AT_MOST
02-13 03:33:29.518  5337  5337 W KeyguardSecurityViewFlipper: onMeasure: heightSpec MeasureSpec: EXACTLY 2772 should be AT_MOST
02-13 03:33:29.519  2274 17277 D AudioPolicyService: updateUidStates_l() current->uid=10778 current->pid=14995 allowCapture=1 UidState=4 apmStat=1
02-13 03:33:29.521 20918 21052 D ttmverify: <0x0,custom_verify.c,JNI_OnLoad,56>-----compiled native library  Jan 22 2026 03:06:08-----
02-13 03:33:29.521 20918 21052 D ttmverify: <0x0,custom_verify.c,JNI_OnLoad,64>register verify call start
02-13 03:33:29.522 20918 21023 E shadowhook_tag: shadowhook version 2.0.1-rc.9: shadowhook init(default_mode: SHARED, debuggable: false), return: 0, real-init: yes
02-13 03:33:29.522 20918 21052 D ttmverify: <0x0,custom_verify.c,JNI_OnLoad,68>register verify call end
02-13 03:33:29.522 20918 21052 D ttmverify: <0x0,custom_verify.c,JNI_OnLoad,71><JNI_OnLoad,71> JNI_OnLoad (result=65540)
02-13 03:33:29.524 20918 21052 D nativeloader: Load /data/app/~~vzi0OXYOB27q0j_gzqwMTg==/com.ss.android.ugc.trill-gD4qvc2rmOwsnKQR9_W9qA==/lib/arm64/libByteVC1_dec.so using class loader ns clns-11 (caller=/data/app/~~vzi0OXYOB27q0j_gzqwMTg==/com.ss.android.ugc.trill-gD4qvc2rmOwsnKQR9_W9qA==/base.apk!classes31.dex): ok
02-13 03:33:29.527  2044  4892 I sensors-hal: handle_oplus_wise_rgb_event:191, wise_rgb: (r, g, b, c)[-3.00, 79.00, -1.00, -4.00],(r2,g2,b2,c2)[[0.00, 0.00, 0.00, 0.00], algo:5.0, flag :0
02-13 03:33:29.527  2044 28239 I sensors-hal: handle_oplus_wise_rgb_event:181, wise_rgb: (r, g, b, c)[-3.00, 79.00, -1.00, -4.00],(r2,g2,b2,c2)[[0.00, 0.00, 0.00, 0.00], algo:5.0, flag :0
02-13 03:33:29.529 20918 21087 D nativeloader: Load /data/app/~~vzi0OXYOB27q0j_gzqwMTg==/com.ss.android.ugc.trill-gD4qvc2rmOwsnKQR9_W9qA==/lib/arm64/libpumbaa-network.so using class loader ns clns-11 (caller=/data/app/~~vzi0OXYOB27q0j_gzqwMTg==/com.ss.android.ugc.trill-gD4qvc2rmOwsnKQR9_W9qA==/base.apk!classes31.dex): ok
02-13 03:33:29.530 20918 21087 I droid.ugc.trill: Thread[91,tid=21087,Native,Thread*=0x705baeec00,peer=0x303fa90,"tp-fixed-24"] recursive attempt to load library "/data/app/~~vzi0OXYOB27q0j_gzqwMTg==/com.ss.android.ugc.trill-gD4qvc2rmOwsnKQR9_W9qA==/lib/arm64/libpumbaa-network.so"
02-13 03:33:29.531 20918 20992 D nativeloader: Load /data/app/~~vzi0OXYOB27q0j_gzqwMTg==/com.ss.android.ugc.trill-gD4qvc2rmOwsnKQR9_W9qA==/lib/arm64/libxtrace.so using class loader ns clns-11 (caller=/data/app/~~vzi0OXYOB27q0j_gzqwMTg==/com.ss.android.ugc.trill-gD4qvc2rmOwsnKQR9_W9qA==/base.apk!classes5.dex): ok
02-13 03:33:29.532 20918 21021 D nativeloader: Load /data/app/~~vzi0OXYOB27q0j_gzqwMTg==/com.ss.android.ugc.trill-gD4qvc2rmOwsnKQR9_W9qA==/lib/arm64/libshadowhook.so using class loader ns clns-11 (caller=/data/app/~~vzi0OXYOB27q0j_gzqwMTg==/com.ss.android.ugc.trill-gD4qvc2rmOwsnKQR9_W9qA==/base.apk!classes18.dex): ok
02-13 03:33:29.532 20918 21021 E shadowhook_tag: shadowhook version 2.0.1-rc.9: shadowhook init(default_mode: SHARED, debuggable: false), return: 0, real-init: no
02-13 03:33:29.534 20918 21052 D nativeloader: Load /data/app/~~vzi0OXYOB27q0j_gzqwMTg==/com.ss.android.ugc.trill-gD4qvc2rmOwsnKQR9_W9qA==/lib/arm64/libbyteVC2dec.so using class loader ns clns-11 (caller=/data/app/~~vzi0OXYOB27q0j_gzqwMTg==/com.ss.android.ugc.trill-gD4qvc2rmOwsnKQR9_W9qA==/base.apk!classes31.dex): ok
02-13 03:33:29.536 20918 20997 I droid.ugc.trill: AssetManager2(0x7054c30728) locale list changing from [] to [en-MM]
02-13 03:33:29.537 20918 20997 I WebViewFactory: Loading com.google.android.webview version 144.0.7559.109 (code 755910933)
02-13 03:33:29.538  2044 28286 I sensors-hal: handle_sns_std_sensor_event:115, oplus rgb_rear sample: (cct, lux, ir, x, y)[4092, 0, 100000, 390, 433]
02-13 03:33:29.538  2044 28286 I sensors-hal: handle_sns_std_sensor_event:117, oplus rgb_rear sample: (r, g, b, c w)[1, 3, 3, 2, 2]
02-13 03:33:29.540 20918 21052 D nativeloader: Load /data/app/~~vzi0OXYOB27q0j_gzqwMTg==/com.ss.android.ugc.trill-gD4qvc2rmOwsnKQR9_W9qA==/lib/arm64/libttdemux.so using class loader ns clns-11 (caller=/data/app/~~vzi0OXYOB27q0j_gzqwMTg==/com.ss.android.ugc.trill-gD4qvc2rmOwsnKQR9_W9qA==/base.apk!classes31.dex): ok
02-13 03:33:29.543 20918 21087 D nativeloader: Load /data/app/~~vzi0OXYOB27q0j_gzqwMTg==/com.ss.android.ugc.trill-gD4qvc2rmOwsnKQR9_W9qA==/lib/arm64/liborbuculumadapter.so using class loader ns clns-11 (caller=/data/app/~~vzi0OXYOB27q0j_gzqwMTg==/com.ss.android.ugc.trill-gD4qvc2rmOwsnKQR9_W9qA==/base.apk!classes31.dex): ok
02-13 03:33:29.543 20918 21087 E shadowhook_tag: shadowhook version 2.0.1-rc.9: shadowhook init(default_mode: SHARED, debuggable: false), return: 0, real-init: no
02-13 03:33:29.543 20918 21021 D nativeloader: Load /data/app/~~vzi0OXYOB27q0j_gzqwMTg==/com.ss.android.ugc.trill-gD4qvc2rmOwsnKQR9_W9qA==/lib/arm64/libbytehook.so using class loader ns clns-11 (caller=/data/app/~~vzi0OXYOB27q0j_gzqwMTg==/com.ss.android.ugc.trill-gD4qvc2rmOwsnKQR9_W9qA==/base.apk!classes31.dex): ok
02-13 03:33:29.544 20918 20998 I HybridKit: LynxService init
02-13 03:33:29.547 20918 20979 W System.err: FlagsHookHelper: skip hook flags method
02-13 03:33:29.550 20918 20997 W droid.ugc.trill: Failed to find entry 'classes.dex': Entry not found
02-13 03:33:29.550 20918 20997 D nativeloader: Configuring clns-13 for other apk /data/app/~~HztgbszGVpEIv60FsMuetg==/com.google.android.trichromelibrary_755910933-UqIxZ-okTnMQXGEekF0ZLA==/base.apk. target_sdk_version=36, uses_libraries=ALL, library_path=/data/app/~~XSvVt4_jzLmEhIj4M6jbXQ==/com.google.android.webview-_WKlwu_r7_Uqkg3xMi4itw==/lib/arm64:/data/app/~~XSvVt4_jzLmEhIj4M6jbXQ==/com.google.android.webview-_WKlwu_r7_Uqkg3xMi4itw==/base.apk!/lib/arm64-v8a:/data/app/~~HztgbszGVpEIv60FsMuetg==/com.google.android.trichromelibrary_755910933-UqIxZ-okTnMQXGEekF0ZLA==/base.apk!/lib/arm64-v8a, permitted_path=/data:/mnt/expand
02-13 03:33:29.550 20918 20997 D nativeloader: Extending system_exposed_libraries: libbinauralrenderer_wrapper.qti.so:libhoaeffects.qti.so:libsuperNight.oplus.so:libAPSClient-cmd-jni-extension.oplus.so:libsatellite_audio_jni.oplus.so:libortc_so.oplus.so:libsoundtouch.oplus.so:libsoundtouch_jni.oplus.so:libOplusStringJNI-extension.oplus.so:libsatellite_ostx_jni.oplus.so:libapssuspend-jni.oplus.so:libupdateprof.qti.so:libthermalclient.qti.so:libqape.qti.so:libqesdk_ndk_platform.qti.so:liblistenjni.qti.so
02-13 03:33:29.551 20918 20997 D ApplicationLoaders: Returning zygote-cached class loader: /system_ext/framework/androidx.window.extensions.jar
02-13 03:33:29.551 20918 21087 W orbu.utils: hook and setup env success.
02-13 03:33:29.551 20918 21021 E bytehook_tag: bytehook version 1.1.2-alpha.0: bytehook init(mode: AUTOMATIC, debuggable: false), return: 0, real-init: yes
02-13 03:33:29.551 20918 21068 D nativeloader: Load /data/app/~~vzi0OXYOB27q0j_gzqwMTg==/com.ss.android.ugc.trill-gD4qvc2rmOwsnKQR9_W9qA==/lib/arm64/libresource_monitor.so using class loader ns clns-11 (caller=/data/app/~~vzi0OXYOB27q0j_gzqwMTg==/com.ss.android.ugc.trill-gD4qvc2rmOwsnKQR9_W9qA==/base.apk!classes31.dex): ok
02-13 03:33:29.552 20918 21116 I stune   : init succeed:ffffecfc
02-13 03:33:29.555  3634  4716 D CompatChangeReporter: Compat change id reported: 319212206; UID 10558; state: ENABLED
02-13 03:33:29.557 20918 21117 E ActivityThread: Failed to find provider info for com.ss.android.ugc.trill.apm
02-13 03:33:29.558 20918 21117 E ActivityThread: Failed to find provider info for com.ss.android.ugc.trill.apm
02-13 03:33:29.558 20918 21117 E ActivityThread: Failed to find provider info for com.ss.android.ugc.trill.apm
02-13 03:33:29.560 20918 21022 D nativeloader: Load /data/app/~~vzi0OXYOB27q0j_gzqwMTg==/com.ss.android.ugc.trill-gD4qvc2rmOwsnKQR9_W9qA==/lib/arm64/libconfigcenter.so using class loader ns clns-11 (caller=/data/app/~~vzi0OXYOB27q0j_gzqwMTg==/com.ss.android.ugc.trill-gD4qvc2rmOwsnKQR9_W9qA==/base.apk!classes31.dex): ok
02-13 03:33:29.561  3634  4943 D ConnectivityService: NetReassign [no changes] [c 2] [a 2] [i 1]
02-13 03:33:29.561 20918 20987 I jato    : g.e. init start
02-13 03:33:29.564 10484 11006 D SmartSidebar.LauncherTableObserver: (Sidebar_HandlerThread)onChange() selfChange = false
02-13 03:33:29.564 10484 11006 D SmartSidebar.LauncherTableObserver: (Sidebar_HandlerThread)LauncherTableObserver changed
02-13 03:33:29.568  3634  5369 I Osense-PsiDetector: 4389,301,3395,8704,61,815,888,3929,4519,2341,2021,0,16,13571
02-13 03:33:29.568  3634  5363 I Osense-BaseDecisionMaker: notifySceneToAthenaPolicy: SCENE_RES_MEM_PSI_NORMAL, bundle: Bundle[{memLevel=3}]
02-13 03:33:29.571 20918 21052 D nativeloader: Load /data/app/~~vzi0OXYOB27q0j_gzqwMTg==/com.ss.android.ugc.trill-gD4qvc2rmOwsnKQR9_W9qA==/lib/arm64/libttr.so using class loader ns clns-11 (caller=/data/app/~~vzi0OXYOB27q0j_gzqwMTg==/com.ss.android.ugc.trill-gD4qvc2rmOwsnKQR9_W9qA==/base.apk!classes31.dex): ok
02-13 03:33:29.573 20918 20997 D nativeloader: Configuring clns-14 for other apk /data/app/~~XSvVt4_jzLmEhIj4M6jbXQ==/com.google.android.webview-_WKlwu_r7_Uqkg3xMi4itw==/base.apk. target_sdk_version=36, uses_libraries=, library_path=/data/app/~~XSvVt4_jzLmEhIj4M6jbXQ==/com.google.android.webview-_WKlwu_r7_Uqkg3xMi4itw==/lib/arm64:/data/app/~~XSvVt4_jzLmEhIj4M6jbXQ==/com.google.android.webview-_WKlwu_r7_Uqkg3xMi4itw==/base.apk!/lib/arm64-v8a:/data/app/~~HztgbszGVpEIv60FsMuetg==/com.google.android.trichromelibrary_755910933-UqIxZ-okTnMQXGEekF0ZLA==/base.apk!/lib/arm64-v8a, permitted_path=/data:/mnt/expand
02-13 03:33:29.573 20918 20987 I jato    : g.e. init success
02-13 03:33:29.581 20918 21052 D nativeloader: Load /data/app/~~vzi0OXYOB27q0j_gzqwMTg==/com.ss.android.ugc.trill-gD4qvc2rmOwsnKQR9_W9qA==/lib/arm64/libttmplayer.so using class loader ns clns-11 (caller=/data/app/~~vzi0OXYOB27q0j_gzqwMTg==/com.ss.android.ugc.trill-gD4qvc2rmOwsnKQR9_W9qA==/base.apk!classes31.dex): ok
02-13 03:33:29.589  1124  1124 E lowmemorykiller: device memory 1122421 free 76323 file 1113900
02-13 03:33:29.600  3634  5719 D CompatChangeReporter: Compat change id reported: 311208629; UID 10558; state: ENABLED
02-13 03:33:29.604  2274 17277 D AudioPolicyService: updateUidStates_l() current->uid=10778 current->pid=14995 allowCapture=1 UidState=4 apmStat=1
02-13 03:33:29.619  2284  6006 D GpuServiceExtImpl: getRUSWhiteList  size 0
02-13 03:33:29.620 20918 21021 I HWUI    : SupportApps size 0
02-13 03:33:29.621 20918 21143 D ExtensionsLoader: createInstance(64bit) : createExtendedFactory
02-13 03:33:29.622 20918 21143 D ExtensionsLoader: Opened libSchedAssistExtImpl.so
02-13 03:33:29.623 20918 21021 D ExtensionsLoader: createInstance(64bit) : createExtendedFactory
