02-13 03:32:53.034  5308 19621 D CommonApp-101-10742: notifyScoreChange appScene COMMON score 100
02-13 03:32:53.034  5308 19621 D ScorePolicy: handleScoreChanged: []
02-13 03:32:53.034  5308 19621 D ScorePolicy: handleScoreChanged: []
02-13 03:32:53.035  5308 19621 D ScorePolicy: handleScoreChanged: []
02-13 03:32:53.036  2139  2139 D SensorFeature: name=ssc_screenshot_info ,index = 22
02-13 03:32:53.036  2139  2139 D SensorFeature: write 35 bytes:6221308847834,6221662671427,20109,0
02-13 03:32:53.041  1967  6334 I sensors-hal: handle_oplus_wise_rgb_event:161, wise_rgb: (48620)(cct, lux, ir)[5300.00, 3.38, 0.000000] (r, g, b, c)[198.87, 155.34, 94.32, 427.72]                 (pwm, hbm, brl, algo)[0.0 0.0 514.0 2.0], flag 20109
02-13 03:32:53.109  3434  3771 D VRR [OPlusGameStatusManager]: handleMessage: 7004
02-13 03:32:53.110  3434  3771 D VRR [OPlusGameStatusManager]: handleBrightnessDone
02-13 03:32:53.143  5308  5308 D VendorWifiService: onEvent event:9,action:1
02-13 03:32:53.149  3434  4677 D ScorerUtils: isLowTraffic: txTputKBps=18, rxTputKBps=2
02-13 03:32:53.150  3434  4677 D OplusWifiPower_TriggerCenter: mComponentCallback: wifistat
02-13 03:32:53.241  2602 23974 W System.err: FlagsHookHelper: skip hook flags method getInstanceHook
02-13 03:32:53.249  2602  2979 W NaviWarn: StackPtr is not 8-byte aligned.
02-13 03:32:53.340  2139  2139 D SensorFeature: name=ssc_screenshot_info ,index = 22
02-13 03:32:53.340  2139  2139 D SensorFeature: write 35 bytes:6221308847834,6221964920021,20110,0
02-13 03:32:53.343  1967  4499 I sensors-hal: handle_oplus_wise_rgb_event:189, high_pwm_light:lux 3.4,cct 5300.0,brl/algo/ir 514.0/2.0/0.0,pwm/dc 0.0/0.0,rgbc 193.019608/152.293228/91.067055/430.757263,ts 6221896275817,cnt 48628,flag 85646
02-13 03:32:53.343  1967  6334 I sensors-hal: handle_oplus_wise_rgb_event:161, wise_rgb: (48625)(cct, lux, ir)[5300.00, 3.41, 0.000000] (r, g, b, c)[193.02, 149.25, 94.32, 427.72]                 (pwm, hbm, brl, algo)[0.0 0.0 514.0 2.0], flag 20110
02-13 03:32:53.436  2038  2565 I SDM     : DisplayBuiltIn::IdlePowerCollapse: IPC received, disabling partial update for one frame
02-13 03:32:53.472  2038  2565 I SDM     : DisplayBuiltIn::IdlePowerCollapse: IPC received, disabling partial update for one frame
02-13 03:32:53.488  2038  2565 I SDM     : DisplayBuiltIn::IdlePowerCollapse: IPC received, disabling partial update for one frame
02-13 03:32:53.566  1967  6334 I sensors-hal: handle_oplus_wise_rgb_event:161, wise_rgb: (48630)(cct, lux, ir)[5300.00, 3.37, 0.000000] (r, g, b, c)[198.87, 155.34, 91.07, 427.72]                 (pwm, hbm, brl, algo)[0.0 0.0 514.0 2.0], flag 20110
02-13 03:32:53.584  2038  2565 I SDM     : DisplayBuiltIn::IdlePowerCollapse: IPC received, disabling partial update for one frame
02-13 03:32:53.679  2139  2139 D SensorFeature: name=ssc_screenshot_info ,index = 22
02-13 03:32:53.679  2139  2139 D SensorFeature: write 35 bytes:6222253800333,6222305587677,20111,0
02-13 03:32:53.684  2038  2565 I SDM     : DisplayBuiltIn::IdlePowerCollapse: IPC received, disabling partial update for one frame
02-13 03:32:53.787  2602 23974 W System.err: FlagsHookHelper: skip hook flags method getInstanceHook
02-13 03:32:53.790  2602  2979 W NaviWarn: StackPtr is not 8-byte aligned.
02-13 03:32:53.831  1967  4499 I sensors-hal: handle_oplus_wise_rgb_event:189, high_pwm_light:lux 3.3,cct 5300.0,brl/algo/ir 514.0/2.0/0.0,pwm/dc 0.0/0.0,rgbc 198.868698/158.384949/91.067055/421.656769,ts 6222286651026,cnt 48638,flag 85647
02-13 03:32:53.832  1967  6334 I sensors-hal: handle_oplus_wise_rgb_event:161, wise_rgb: (48635)(cct, lux, ir)[5300.00, 3.26, 0.000000] (r, g, b, c)[198.87, 155.34, 94.32, 424.69]                 (pwm, hbm, brl, algo)[0.0 0.0 514.0 2.0], flag 20111
02-13 03:32:53.855  2163  2262 E BatteryDamageDetect: online status not satify
02-13 03:32:53.856  2163  2262 E BatteryDamageDetect: online status not satify
02-13 03:32:53.859  3434  4459 V AlarmManager: sending alarm Alarm{c53b67e type 1 origWhen 1770953573860 whenElapsed 6222486 android} uid 1000 whenElapsed 6222486 windowLength 0 maxWhenElapsed 6222486 repeatInterval 0 action null component null tag StorgaeBandInfoAlarmTag flags 0x9 procName system_server
02-13 03:32:53.860  3434 22530 E OplusStorageUFSBandwidth: storage_io_metrics_path is /proc/oplus_storage/io_metrics/forever/
02-13 03:32:53.861  3434 22530 E OplusStorageUFSBandwidth: Bandwidth - Read: 0.50 MB/s, Write: 0.00 MB/s
02-13 03:32:53.861  3434 22530 E OplusStorageUFSBandwidth: Task time: 1ms
02-13 03:32:53.864  3434 22530 E OplusStorageUFSBandwidth: Alarm set to trigger in 10 seconds
02-13 03:32:53.939  3434  6325 I AICCTModule: SensorFilter: brightness threshold 1.2 screenNit is 14.878693 ave enviroment lux is 5.052674 luxForNit 15.529987demarcationPoint200.0 result is false
02-13 03:32:53.939  3434  6325 I AICCTModule: SensorFilter: findSecondNearestValue, sensorValue: 5300.0 nearestMaxValue:5300.0 secondNearestValue: 5300.0
02-13 03:32:53.939  3434  6325 I AICCTModule: SensorFilter: findSecondNearestValue, sensorValue: 5.0966964 nearestMaxValue:5.0966964 secondNearestValue: 5.0966964
02-13 03:32:53.983  2139  2139 D SensorFeature: name=ssc_screenshot_info ,index = 22
02-13 03:32:53.983  2139  2139 D SensorFeature: write 35 bytes:6222253800333,6222608188302,20112,0
02-13 03:32:54.058  5308 19621 D CommonApp-100-10742: transport layer data is invalid
02-13 03:32:54.058  5308 19621 D CommonApp-101-10742: udp pk is bigger than tcpPk,regard it as normal network
02-13 03:32:54.058  5308 19621 D CommonApp-101-10742: notifyScoreChange appScene COMMON score 100
02-13 03:32:54.059  5308 19621 D ScorePolicy: handleScoreChanged: []
02-13 03:32:54.059  5308 19621 D ScorePolicy: handleScoreChanged: []
02-13 03:32:54.059  3434  4677 D OplusL3Monitor: linkIndex=30, networkId=0, ignore
02-13 03:32:54.059  5308 19621 D ScorePolicy: handleScoreChanged: []
02-13 03:32:54.097  3434  4452 D FusionLightNextGen: process end reported = 1, mode: 0, cnt: 23360, lux 5.1, cct 5300.0, r/g/b/c: 198.9/155.3/94.3/424.7, R/G/B: 17.0/18.0/22.0, bri 514.0, match 1.00, ir 0.039665, conf 2.0, ts 6222585088474
02-13 03:32:54.098  1967  6334 I sensors-hal: handle_oplus_wise_rgb_event:161, wise_rgb: (48640)(cct, lux, ir)[5300.00, 3.24, 0.000000] (r, g, b, c)[198.87, 158.38, 91.07, 424.69]                 (pwm, hbm, brl, algo)[0.0 0.0 514.0 2.0], flag 20112
02-13 03:32:54.238  1967  6350 I sensors-hal: handle_sns_std_sensor_event:114, oplus rgb_rear sample: (cct, lux, ir, x, y)[8510, 0, 100000, 305, 258]
02-13 03:32:54.239  1967  6350 I sensors-hal: handle_sns_std_sensor_event:116, oplus rgb_rear sample: (r, g, b, c w)[3, 3, 3, 3, 3]
02-13 03:32:54.285  2139  2139 D SensorFeature: name=ssc_screenshot_info ,index = 22
02-13 03:32:54.285  2139  2139 D SensorFeature: write 35 bytes:6222253800333,6222910819708,20113,0
02-13 03:32:54.362  1967  4499 I sensors-hal: handle_oplus_wise_rgb_event:189, high_pwm_light:lux 3.2,cct 5300.0,brl/algo/ir 514.0/2.0/0.0,pwm/dc 0.0/0.0,rgbc 195.944168/152.293228/87.814667/427.723755,ts 6222891750088,cnt 48648,flag 85649
02-13 03:32:54.363  1967  6334 I sensors-hal: handle_oplus_wise_rgb_event:161, wise_rgb: (48645)(cct, lux, ir)[5300.00, 3.22, 0.000000] (r, g, b, c)[195.94, 155.34, 91.07, 424.69]                 (pwm, hbm, brl, algo)[0.0 0.0 514.0 2.0], flag 20113
02-13 03:32:54.416  3057  7699 D LOWI-9.0.1.118: [LOWI-Scan] wait_event:Wait done with Cmd 103
02-13 03:32:54.416  3057  7699 D LOWI-9.0.1.118: [LOWI-Scan] do_listen_events: Rcvd valid Netlink Cmd 0 Err 0
02-13 03:32:54.416  3001  3001 I cnss-daemon: nl80211 response handler invoked
02-13 03:32:54.416  1971  7698 I WifiHAL : event received NL80211_CMD_VENDOR, vendor_id = 0x1374, subcmd = 0xb6
02-13 03:32:54.416  3001  3001 I cnss-daemon: nl80211_response_handler: cmd 103, vendorID 4980, subcmd 182  received
02-13 03:32:54.448  2038  2565 I SDM     : DisplayBuiltIn::IdlePowerCollapse: IPC received, disabling partial update for one frame
02-13 03:32:54.467  2038  2565 I SDM     : DisplayBuiltIn::IdlePowerCollapse: IPC received, disabling partial update for one frame
02-13 03:32:54.484  2038  2565 I SDM     : DisplayBuiltIn::IdlePowerCollapse: IPC received, disabling partial update for one frame
02-13 03:32:54.632  3434  4310 D CompressAction: set affinity failed.
02-13 03:32:54.634  3434  4310 E OsenseCommonUtils: write /dev/memcg/memory.force_shrink_file failed
02-13 03:32:54.634  3434  4310 E OsenseCommonUtils: java.io.IOException: write failed: EBUSY (Device or resource busy)
02-13 03:32:54.634  3434  4310 E OsenseCommonUtils: 	at libcore.io.IoBridge.write(IoBridge.java:651)
02-13 03:32:54.634  3434  4310 E OsenseCommonUtils: 	at java.io.FileOutputStream.write(FileOutputStream.java:436)
02-13 03:32:54.634  3434  4310 E OsenseCommonUtils: 	at sun.nio.cs.StreamEncoder.writeBytes(StreamEncoder.java:233)
02-13 03:32:54.634  3434  4310 E OsenseCommonUtils: 	at sun.nio.cs.StreamEncoder.implFlushBuffer(StreamEncoder.java:309)
02-13 03:32:54.634  3434  4310 E OsenseCommonUtils: 	at sun.nio.cs.StreamEncoder.implFlush(StreamEncoder.java:313)
02-13 03:32:54.634  3434  4310 E OsenseCommonUtils: 	at sun.nio.cs.StreamEncoder.flush(StreamEncoder.java:153)
02-13 03:32:54.634  3434  4310 E OsenseCommonUtils: 	at java.io.OutputStreamWriter.flush(OutputStreamWriter.java:248)
02-13 03:32:54.634  3434  4310 E OsenseCommonUtils: 	at com.android.server.oplus.osense.utils.OsenseCommonUtils.writeFile(OsenseCommonUtils.java:154)
02-13 03:32:54.634  3434  4310 E OsenseCommonUtils: 	at com.android.server.am.OplusOsenseCompressAction.doGlobalShrink(OplusOsenseCompressAction.java:1886)
02-13 03:32:54.634  3434  4310 E OsenseCommonUtils: 	at com.android.server.am.OplusOsenseCompressAction.-$$Nest$mdoGlobalShrink(Unknown Source:0)
02-13 03:32:54.634  3434  4310 E OsenseCommonUtils: 	at com.android.server.am.OplusOsenseCompressAction$CompressHandler.handleMessage(OplusOsenseCompressAction.java:1334)
02-13 03:32:54.634  3434  4310 E OsenseCommonUtils: 	at android.os.Handler.dispatchMessage(Handler.java:115)
02-13 03:32:54.634  3434  4310 E OsenseCommonUtils: 	at android.os.Looper.loopOnce(Looper.java:298)
02-13 03:32:54.634  3434  4310 E OsenseCommonUtils: 	at android.os.Looper.loop(Looper.java:408)
02-13 03:32:54.634  3434  4310 E OsenseCommonUtils: 	at android.os.HandlerThread.run(HandlerThread.java:85)
02-13 03:32:54.634  3434  4310 E OsenseCommonUtils: Caused by: android.system.ErrnoException: write failed: EBUSY (Device or resource busy)
02-13 03:32:54.634  3434  4310 E OsenseCommonUtils: 	at libcore.io.Linux.writeBytes(Native Method)
02-13 03:32:54.634  3434  4310 E OsenseCommonUtils: 	at libcore.io.Linux.write(Linux.java:338)
02-13 03:32:54.634  3434  4310 E OsenseCommonUtils: 	at libcore.io.ForwardingOs.write(ForwardingOs.java:954)
02-13 03:32:54.634  3434  4310 E OsenseCommonUtils: 	at libcore.io.BlockGuardOs.write(BlockGuardOs.java:448)
02-13 03:32:54.634  3434  4310 E OsenseCommonUtils: 	at libcore.io.IoBridge.write(IoBridge.java:646)
02-13 03:32:54.634  3434  4310 E OsenseCommonUtils: 	... 14 more
02-13 03:32:54.659  2139  2139 D SensorFeature: name=ssc_screenshot_info ,index = 22
02-13 03:32:54.659  2139  2139 D SensorFeature: write 35 bytes:6223232575021,6223284663614,20114,0
02-13 03:32:54.660  2038  2565 I SDM     : DisplayBuiltIn::IdlePowerCollapse: IPC received, disabling partial update for one frame
02-13 03:32:54.663  1967  6334 I sensors-hal: handle_oplus_wise_rgb_event:161, wise_rgb: (48650)(cct, lux, ir)[5300.00, 3.31, 0.000000] (r, g, b, c)[198.87, 155.34, 94.32, 424.69]                 (pwm, hbm, brl, algo)[0.0 0.0 514.0 2.0], flag 20114
02-13 03:32:54.856  2163  2262 E BatteryDamageDetect: online status not satify
02-13 03:32:54.856  2163  2262 E BatteryDamageDetect: online status not satify
02-13 03:32:54.894  1967  4499 I sensors-hal: handle_oplus_wise_rgb_event:189, high_pwm_light:lux 3.2,cct 5300.0,brl/algo/ir 514.0/2.0/0.0,pwm/dc 0.0/0.0,rgbc 198.868698/158.384949/91.067055/424.690247,ts 6223290359099,cnt 48658,flag 85650
02-13 03:32:54.895  1967  6334 I sensors-hal: handle_oplus_wise_rgb_event:161, wise_rgb: (48655)(cct, lux, ir)[5300.00, 3.19, 0.000000] (r, g, b, c)[195.94, 152.29, 94.32, 424.69]                 (pwm, hbm, brl, algo)[0.0 0.0 514.0 2.0], flag 20114
02-13 03:32:54.961  2139  2139 D SensorFeature: name=ssc_screenshot_info ,index = 22
02-13 03:32:54.961  2139  2139 D SensorFeature: write 35 bytes:6223232575021,6223587514395,20115,0
02-13 03:32:55.082  5308 19621 D CommonApp-100-10742: transport layer data is invalid
02-13 03:32:55.083  5308 19621 D CommonApp-101-10742: udp pk is bigger than tcpPk,regard it as normal network
02-13 03:32:55.083  5308 19621 D CommonApp-101-10742: notifyScoreChange appScene COMMON score 100
02-13 03:32:55.083  5308 19621 D ScorePolicy: handleScoreChanged: []
02-13 03:32:55.083  5308 19621 D ScorePolicy: handleScoreChanged: []
02-13 03:32:55.083  5308 19621 D ScorePolicy: handleScoreChanged: []
02-13 03:32:55.160  1967  6334 I sensors-hal: handle_oplus_wise_rgb_event:161, wise_rgb: (48660)(cct, lux, ir)[5300.00, 3.28, 0.000000] (r, g, b, c)[201.79, 149.25, 94.32, 424.69]                 (pwm, hbm, brl, algo)[0.0 0.0 514.0 2.0], flag 20115
02-13 03:32:55.177  3151  3151 I OplusTouchDaemon: ts_run_service: shellback temperature updated 26 (26900)
02-13 03:32:55.220  2038  2565 I SDM     : DisplayBuiltIn::IdlePowerCollapse: IPC received, disabling partial update for one frame
02-13 03:32:55.265  2139  2139 D SensorFeature: name=ssc_screenshot_info ,index = 22
02-13 03:32:55.265  2139  2139 D SensorFeature: write 35 bytes:6223232575021,6223891222781,20116,0
02-13 03:32:55.423  1967  4499 I sensors-hal: handle_oplus_wise_rgb_event:189, high_pwm_light:lux 3.3,cct 5300.0,brl/algo/ir 514.0/2.0/0.0,pwm/dc 0.0/0.0,rgbc 195.944168/152.293228/100.824242/424.690247,ts 6223870604359,cnt 48668,flag 85652
02-13 03:32:55.424  3434  4452 D FusionLightNextGen: process end reported = 1, mode: 0, cnt: 23365, lux 5.1, cct 5300.0, r/g/b/c: 195.9/152.3/100.8/424.7, R/G/B: 17.0/18.0/22.0, bri 514.0, match 1.00, ir 0.040432, conf 2.0, ts 6223870604359
02-13 03:32:55.424  1967  6334 I sensors-hal: handle_oplus_wise_rgb_event:161, wise_rgb: (48665)(cct, lux, ir)[5300.00, 3.33, 0.000000] (r, g, b, c)[201.79, 152.29, 94.32, 427.72]                 (pwm, hbm, brl, algo)[0.0 0.0 514.0 2.0], flag 20116
02-13 03:32:55.425  3434  6325 I AICCTModule: SensorFilter: brightness threshold 1.2 screenNit is 14.878693 ave enviroment lux is 5.067348 luxForNit 15.564569demarcationPoint200.0 result is false
02-13 03:32:55.426  3434  6325 I AICCTModule: SensorFilter: findSecondNearestValue, sensorValue: 5300.0 nearestMaxValue:5300.0 secondNearestValue: 5300.0
02-13 03:32:55.426  3434  6325 I AICCTModule: SensorFilter: findSecondNearestValue, sensorValue: 5.0966964 nearestMaxValue:5.0966964 secondNearestValue: 5.0966964
02-13 03:32:55.444  2038  2565 I SDM     : DisplayBuiltIn::IdlePowerCollapse: IPC received, disabling partial update for one frame
02-13 03:32:55.479  2038  2565 I SDM     : DisplayBuiltIn::IdlePowerCollapse: IPC received, disabling partial update for one frame
02-13 03:32:55.541  4995  5070 I SystemUi--Statusbar: OplusNetworkSpeedControllExImpl-->updateNetworkSpeed: isConnected:true,isSwitchOn:true,isSuspend:false,isPause:false
02-13 03:32:55.542  4995  5070 I SystemUi--Statusbar: OplusNetworkSpeedControllExImpl-->getTotalByte: totalRxBytes:5917596759,totalTxBytes:173387635,loopbackTxBytes:2352036,loopbackRxBytes:2352036 ,totalBytes:6086280322
02-13 03:32:55.579  2038  2565 I SDM     : DisplayBuiltIn::IdlePowerCollapse: IPC received, disabling partial update for one frame
02-13 03:32:55.665  2038  2565 I SDM     : DisplayBuiltIn::IdlePowerCollapse: IPC received, disabling partial update for one frame
02-13 03:32:55.670  2139  2139 D SensorFeature: name=ssc_screenshot_info ,index = 22
02-13 03:32:55.670  2139  2139 D SensorFeature: write 35 bytes:6224244769864,6224296304656,20117,0
02-13 03:32:55.690  1967  6334 I sensors-hal: handle_oplus_wise_rgb_event:161, wise_rgb: (48670)(cct, lux, ir)[5300.00, 3.40, 0.000000] (r, g, b, c)[201.79, 158.38, 91.07, 427.72]                 (pwm, hbm, brl, algo)[0.0 0.0 514.0 2.0], flag 20117
02-13 03:32:55.857  2163  2262 E BatteryDamageDetect: online status not satify
02-13 03:32:55.857  2163  2262 E BatteryDamageDetect: online status not satify
02-13 03:32:55.861  3434  4459 V AlarmManager: sending alarm Alarm{82e82fb type 1 origWhen 1770953575861 whenElapsed 6224488 android} uid 1000 whenElapsed 6224488 windowLength 0 maxWhenElapsed 6224488 repeatInterval 0 action null component null tag StorgaeBandInfoAlarmTag flags 0x9 procName system_server
02-13 03:32:55.862  3434 22530 E OplusStorageUFSBandwidth: storage_io_metrics_path is /proc/oplus_storage/io_metrics/forever/
02-13 03:32:55.863  3434 22530 E OplusStorageUFSBandwidth: Bandwidth - Read: 0.00 MB/s, Write: 0.00 MB/s
02-13 03:32:55.863  3434 22530 E OplusStorageUFSBandwidth: Task time: 1ms
02-13 03:32:55.864  3434 22530 E OplusStorageUFSBandwidth: Alarm set to trigger in 10 seconds
02-13 03:32:55.973  2139  2139 D SensorFeature: name=ssc_screenshot_info ,index = 22
02-13 03:32:55.973  2139  2139 D SensorFeature: write 35 bytes:6224244769864,6224598622364,20118,0
02-13 03:32:55.977  1967  4499 I sensors-hal: handle_oplus_wise_rgb_event:189, high_pwm_light:lux 3.2,cct 5300.0,brl/algo/ir 514.0/2.0/0.0,pwm/dc 0.0/0.0,rgbc 198.868698/155.339081/91.067055/427.723755,ts 6224550028213,cnt 48678,flag 85654
02-13 03:32:55.977  1967  6334 I sensors-hal: handle_oplus_wise_rgb_event:161, wise_rgb: (48675)(cct, lux, ir)[5300.00, 3.20, 0.000000] (r, g, b, c)[201.79, 152.29, 91.07, 430.76]                 (pwm, hbm, brl, algo)[0.0 0.0 514.0 2.0], flag 20118
02-13 03:32:56.011  2269  3569 D AudioFlinger: trackId 128 is playing mute data
02-13 03:32:56.106  5308 19621 D CommonApp-100-10742: transport layer data is invalid
02-13 03:32:56.107  5308 19621 D CommonApp-101-10742: udp pk is bigger than tcpPk,regard it as normal network
02-13 03:32:56.107  5308 19621 D CommonApp-101-10742: notifyScoreChange appScene COMMON score 100
02-13 03:32:56.107  5308 19621 D ScorePolicy: handleScoreChanged: []
02-13 03:32:56.107  5308 19621 D ScorePolicy: handleScoreChanged: []
02-13 03:32:56.107  5308 19621 D ScorePolicy: handleScoreChanged: []
02-13 03:32:56.161  5308  5308 D VendorWifiService: onEvent event:9,action:1
02-13 03:32:56.169  3434  4677 D ScorerUtils: isLowTraffic: txTputKBps=17, rxTputKBps=10
02-13 03:32:56.169  3434  4677 D OplusWifiPower_TriggerCenter: mComponentCallback: wifistat
02-13 03:32:56.182  1973  3348 I PAL_OplusSpeakerAwinic: isGainChanged: 197: vddValue 4274000, mCurVddThres 3800000, mPreVddThres 3800000
02-13 03:32:56.183  1973  3348 D PAL_OplusPalCommon: getActiveStreamPcmId: 2116:  dir: 1, stream: 0xb4000071abc29580, pcmDevId: 126
02-13 03:32:56.183  1973  3348 D audiohalservice.qti: [Awinic] [DBG] aw_ar_dsp_get_msg_num: msg num[0]
02-13 03:32:56.183  1973  3348 D AGM: graph: graph_set_config: 1245 entry graph_handle 0x347534c
02-13 03:32:56.183  1973  3348 I gsl     : gsl_send_spf_cmd:223 sending pkt opcode 0x1001006 token 0x0098a000
02-13 03:32:56.183  1973  3348 I gsl     : gsl_send_spf_cmd:274 rcvd pkt token : 0x98a000
02-13 03:32:56.184  1973  3348 D AGM: graph: graph_set_config: 1253 exit, graph handle 0x347534c, ret 0
02-13 03:32:56.184  1973  3348 I gsl     : gsl_send_spf_cmd:223 sending pkt opcode 0x1001007 token 0x0098b000
02-13 03:32:56.184  1973  3348 I gsl     : gsl_send_spf_cmd:274 rcvd pkt token : 0x98b000
02-13 03:32:56.184  1973  3348 D audiohalservice.qti: [Awinic] [DBG] aw_ar_dsp_read_msg_from_dsp: msg_id:0x7, read data[32] from dsp success
02-13 03:32:56.184  1973  3348 D audiohalservice.qti: [Awinic] [DBG] aw_ar_dsp_read_st: dev[0]read Re 5669 , Te 25
02-13 03:32:56.184  1973  3348 D audiohalservice.qti: [Awinic] [DBG] aw_ar_dsp_get_msg_num: msg num[0]
02-13 03:32:56.184  1973  3348 D AGM: graph: graph_set_config: 1245 entry graph_handle 0x347534c
02-13 03:32:56.184  1973  3348 I gsl     : gsl_send_spf_cmd:223 sending pkt opcode 0x1001006 token 0x0098c000
02-13 03:32:56.185  1973  3348 I gsl     : gsl_send_spf_cmd:274 rcvd pkt token : 0x98c000
02-13 03:32:56.185  1973  3348 D AGM: graph: graph_set_config: 1253 exit, graph handle 0x347534c, ret 0
02-13 03:32:56.185  1973  3348 I gsl     : gsl_send_spf_cmd:223 sending pkt opcode 0x1001007 token 0x0098d000
02-13 03:32:56.185  1973  3348 I gsl     : gsl_send_spf_cmd:274 rcvd pkt token : 0x98d000
02-13 03:32:56.185  1973  3348 D audiohalservice.qti: [Awinic] [DBG] aw_ar_dsp_read_msg_from_dsp: msg_id:0x7, read data[32] from dsp success
02-13 03:32:56.185  1973  3348 D audiohalservice.qti: [Awinic] [DBG] aw_ar_dsp_read_st: dev[1]read Re 5931 , Te 25
02-13 03:32:56.185  1973  3348 I PAL_OplusSpeakerAwinic: checkSpeakerStatus: 1019: aw_audioreach_dsp_read_st spk0, re=5669, te=25
02-13 03:32:56.185  1973  3348 I PAL_OplusSpeakerAwinic: checkSpeakerStatus: 1019: aw_audioreach_dsp_read_st spk1, re=5931, te=25
02-13 03:32:56.185  1973  3348 I PAL_OplusSpeakerAwinic: checkSpeakerStatus: 1042: this step=0, next step=1
02-13 03:32:56.213  6502 10637 W OplusAtlasAudioDetectionManager: unexpected message !
02-13 03:32:56.214  6502 10637 D OplusAtlasService: isAppInRecording result :true
02-13 03:32:56.214  6502 10637 D OplusAtlasService: isAppInPlaying result :true
02-13 03:32:56.215  6502 10637 D OplusAtlasAudioDetectionManager: updateVoipNetInfo(pid 22428), newNetBytes=4316, newNetPackets=67
02-13 03:32:56.215  2269  2437 D DeviceHalAidl: [default] getParameters: keys: "get_audiodet_voip"
02-13 03:32:56.216  1973  1998 W OPLUS_LOG_LOAD: ==LOGS PROG INFO, prog(audiohalservice.qti) ==
02-13 03:32:56.216  1973  1998 D AHAL_ModulePrimary_QTI: getVendorParameters: id count: 1
02-13 03:32:56.216  1973  1998 D PAL: ResourceManager: getActiveStream_l: 6807: streamType 6, stream_direction 2
02-13 03:32:56.216  1973  1998 D PAL: ResourceManager: getActiveStream_l: 6807: streamType 5, stream_direction 1
02-13 03:32:56.216  1973  1998 D PAL: StreamPCM: getParameters: 1278: Enter.
02-13 03:32:56.216  1973  1998 D PAL_OplusAudioDetect: getParameters: 398: Enter, enable value 1
02-13 03:32:56.216  1973  1998 D PAL_OplusPalAudioDetect: isAudioDetectEnable: 40: enter, get auddet enable state 1
02-13 03:32:56.216  1973  1998 D PAL: StreamPCM: getParameters: 1278: Enter.
02-13 03:32:56.221  1967  6334 I sensors-hal: handle_oplus_wise_rgb_event:161, wise_rgb: (48680)(cct, lux, ir)[5300.00, 3.39, 0.000000] (r, g, b, c)[198.87, 155.34, 94.32, 424.69]                 (pwm, hbm, brl, algo)[0.0 0.0 514.0 2.0], flag 20118
02-13 03:32:56.229  1973  1998 I PAL: SessionAlsaUtils: getModuleInstanceId: 1268: tag_id 0xc0000103, MIID is 0x4335
02-13 03:32:56.229  1973  1998 D PAL_OplusAudioDetect: payloadAudDetParamsInfo: 132: payload 0xb4000071abc98350K size 80
02-13 03:32:56.230  1973  1998 I gsl     : gsl_send_spf_cmd:223 sending pkt opcode 0x1001007 token 0x0098e000
02-13 03:32:56.230  1973  1998 I gsl     : gsl_send_spf_cmd:274 rcvd pkt token : 0x98e000
02-13 03:32:56.230  1973  1998 D PAL_OplusAudioDetect: getDetectResult: 261: Exit. status 0
02-13 03:32:56.230  1973  1998 D PAL_OplusPalAudioDetect: getAuddetVoipParameters: 85: get param from voip_tx stream
02-13 03:32:56.230  1973  1998 D PAL: StreamPCM: getParameters: 1278: Enter.
02-13 03:32:56.230  1973  1998 D PAL_OplusAudioDetect: getParameters: 398: Enter, enable value 1
02-13 03:32:56.230  1973  1998 D PAL_OplusPalAudioDetect: isAudioDetectEnable: 40: enter, get auddet enable state 1
02-13 03:32:56.230  1973  1998 D PAL: StreamPCM: getParameters: 1278: Enter.
02-13 03:32:56.230  1973  1998 I PAL: SessionAlsaUtils: getModuleInstanceId: 1268: tag_id 0xc0000103, MIID is 0x4334
02-13 03:32:56.230  1973  1998 D PAL_OplusAudioDetect: payloadAudDetParamsInfo: 132: payload 0xb4000071abc98350K size 80
02-13 03:32:56.230  1973  1998 I gsl     : gsl_send_spf_cmd:223 sending pkt opcode 0x1001007 token 0x0098f000
02-13 03:32:56.231  1973  1998 I gsl     : gsl_send_spf_cmd:274 rcvd pkt token : 0x98f000
02-13 03:32:56.231  1973  1998 D PAL_OplusAudioDetect: getDetectResult: 261: Exit. status 0
02-13 03:32:56.231  1973  1998 D PAL_OplusPalAudioDetect: getAuddetVoipParameters: 99: get param from voip_rx stream
02-13 03:32:56.231  1973  1998 D AHAL_ModulePrimary_OPLUS: getParameters: key: get_audiodet_voip
02-13 03:32:56.232  2269  2437 D DeviceHalAidl: [usb] getParameters: keys: "get_audiodet_voip"
02-13 03:32:56.232  2269  2437 E ConversionHelperAidl: Function: parseAndGetVendorParameters Line: 51 Failed 
02-13 03:32:56.232  2269  2437 D DeviceHalAidl: [r_submix] getParameters: keys: "get_audiodet_voip"
02-13 03:32:56.232  2269  2437 E ConversionHelperAidl: Function: parseAndGetVendorParameters Line: 51 Failed 
02-13 03:32:56.232  2269  2437 D DeviceHalAidl: [bluetooth] getParameters: keys: "get_audiodet_voip"
02-13 03:32:56.233  2269  2437 E ConversionHelperAidl: Function: parseAndGetVendorParameters Line: 51 Failed 
02-13 03:32:56.234  2269  2437 D DeviceHalAidl: [binaural_record] getParameters: keys: "get_audiodet_voip"
02-13 03:32:56.234  2269  2437 E ConversionHelperAidl: Function: parseAndGetVendorParameters Line: 51 Failed 
02-13 03:32:56.234  2269  2437 D DeviceHalAidl: [virtual] getParameters: keys: "get_audiodet_voip"
02-13 03:32:56.235  2269  2437 E ConversionHelperAidl: Function: parseAndGetVendorParameters Line: 51 Failed 
02-13 03:32:56.235  6502 10637 D OplusAtlasAudioDetectionManager: handleVoipDetect(pid 22428) detect result from hal= get_audiodet_voip=5000 0 0 0 0 0 0 0
02-13 03:32:56.275  2139  2139 D SensorFeature: name=ssc_screenshot_info ,index = 22
02-13 03:32:56.275  2139  2139 D SensorFeature: write 35 bytes:6224244769864,6224901508249,20119,0
02-13 03:32:56.436  2038  2565 I SDM     : DisplayBuiltIn::IdlePowerCollapse: IPC received, disabling partial update for one frame
02-13 03:32:56.474  2038  2565 I SDM     : DisplayBuiltIn::IdlePowerCollapse: IPC received, disabling partial update for one frame
02-13 03:32:56.485  1967  4499 I sensors-hal: handle_oplus_wise_rgb_event:189, high_pwm_light:lux 3.3,cct 5300.0,brl/algo/ir 514.0/2.0/0.0,pwm/dc 0.0/0.0,rgbc 190.095078/149.247360/94.319450/415.589752,ts 6224882503734,cnt 48688,flag 85655
02-13 03:32:56.486  1967  6334 I sensors-hal: handle_oplus_wise_rgb_event:161, wise_rgb: (48685)(cct, lux, ir)[5300.00, 3.27, 0.000000] (r, g, b, c)[198.87, 149.25, 91.07, 418.62]                 (pwm, hbm, brl, algo)[0.0 0.0 514.0 2.0], flag 20119
02-13 03:32:56.491  2038  2565 I SDM     : DisplayBuiltIn::IdlePowerCollapse: IPC received, disabling partial update for one frame
02-13 03:32:56.510  2300  3480 D skia    : findCacheMissInfo vsync 452971, result 0
02-13 03:32:56.632  3434  4310 D CompressAction: set affinity failed.
02-13 03:32:56.634  3434  4310 E OsenseCommonUtils: write /dev/memcg/memory.force_shrink_file failed
02-13 03:32:56.634  3434  4310 E OsenseCommonUtils: java.io.IOException: write failed: EBUSY (Device or resource busy)
02-13 03:32:56.634  3434  4310 E OsenseCommonUtils: 	at libcore.io.IoBridge.write(IoBridge.java:651)
02-13 03:32:56.634  3434  4310 E OsenseCommonUtils: 	at java.io.FileOutputStream.write(FileOutputStream.java:436)
02-13 03:32:56.634  3434  4310 E OsenseCommonUtils: 	at sun.nio.cs.StreamEncoder.writeBytes(StreamEncoder.java:233)
02-13 03:32:56.634  3434  4310 E OsenseCommonUtils: 	at sun.nio.cs.StreamEncoder.implFlushBuffer(StreamEncoder.java:309)
02-13 03:32:56.634  3434  4310 E OsenseCommonUtils: 	at sun.nio.cs.StreamEncoder.implFlush(StreamEncoder.java:313)
02-13 03:32:56.634  3434  4310 E OsenseCommonUtils: 	at sun.nio.cs.StreamEncoder.flush(StreamEncoder.java:153)
02-13 03:32:56.634  3434  4310 E OsenseCommonUtils: 	at java.io.OutputStreamWriter.flush(OutputStreamWriter.java:248)
02-13 03:32:56.634  3434  4310 E OsenseCommonUtils: 	at com.android.server.oplus.osense.utils.OsenseCommonUtils.writeFile(OsenseCommonUtils.java:154)
02-13 03:32:56.634  3434  4310 E OsenseCommonUtils: 	at com.android.server.am.OplusOsenseCompressAction.doGlobalShrink(OplusOsenseCompressAction.java:1886)
02-13 03:32:56.634  3434  4310 E OsenseCommonUtils: 	at com.android.server.am.OplusOsenseCompressAction.-$$Nest$mdoGlobalShrink(Unknown Source:0)
02-13 03:32:56.634  3434  4310 E OsenseCommonUtils: 	at com.android.server.am.OplusOsenseCompressAction$CompressHandler.handleMessage(OplusOsenseCompressAction.java:1334)
02-13 03:32:56.634  3434  4310 E OsenseCommonUtils: 	at android.os.Handler.dispatchMessage(Handler.java:115)
02-13 03:32:56.634  3434  4310 E OsenseCommonUtils: 	at android.os.Looper.loopOnce(Looper.java:298)
02-13 03:32:56.634  3434  4310 E OsenseCommonUtils: 	at android.os.Looper.loop(Looper.java:408)
02-13 03:32:56.634  3434  4310 E OsenseCommonUtils: 	at android.os.HandlerThread.run(HandlerThread.java:85)
02-13 03:32:56.634  3434  4310 E OsenseCommonUtils: Caused by: android.system.ErrnoException: write failed: EBUSY (Device or resource busy)
02-13 03:32:56.634  3434  4310 E OsenseCommonUtils: 	at libcore.io.Linux.writeBytes(Native Method)
02-13 03:32:56.634  3434  4310 E OsenseCommonUtils: 	at libcore.io.Linux.write(Linux.java:338)
02-13 03:32:56.634  3434  4310 E OsenseCommonUtils: 	at libcore.io.ForwardingOs.write(ForwardingOs.java:954)
02-13 03:32:56.634  3434  4310 E OsenseCommonUtils: 	at libcore.io.BlockGuardOs.write(BlockGuardOs.java:448)
02-13 03:32:56.634  3434  4310 E OsenseCommonUtils: 	at libcore.io.IoBridge.write(IoBridge.java:646)
02-13 03:32:56.634  3434  4310 E OsenseCommonUtils: 	... 14 more
02-13 03:32:56.665  2139  2139 D SensorFeature: name=ssc_screenshot_info ,index = 22
02-13 03:32:56.666  2139  2139 D SensorFeature: write 35 bytes:6225239580957,6225291210020,20120,0
02-13 03:32:56.669  2038  2565 I SDM     : DisplayBuiltIn::IdlePowerCollapse: IPC received, disabling partial update for one frame
02-13 03:32:56.751  1967  6334 I sensors-hal: handle_oplus_wise_rgb_event:161, wise_rgb: (48690)(cct, lux, ir)[5300.00, 5.94, 0.000000] (r, g, b, c)[333.40, 277.17, 169.12, 767.48]                 (pwm, hbm, brl, algo)[0.0 0.0 514.0 2.0], flag 20120
02-13 03:32:56.751  3434  4452 D FusionLightNextGen: process end reported = 1, mode: 0, cnt: 23370, lux 10.1, cct 5300.0, r/g/b/c: 336.3/274.1/172.4/770.5, R/G/B: 17.0/18.0/22.0, bri 514.0, match 1.00, ir 0.011600, conf 2.0, ts 6225271763474
02-13 03:32:56.752  3434  6325 I AICCTModule: SensorFilter: brightness threshold 1.2 screenNit is 14.878693 ave enviroment lux is 6.6374917 luxForNit 20.152504demarcationPoint200.0 result is false
02-13 03:32:56.752  3434  6325 I AICCTModule: SensorFilter: findSecondNearestValue, sensorValue: 5300.0 nearestMaxValue:5300.0 secondNearestValue: 5300.0
02-13 03:32:56.752  3434  6325 I AICCTModule: SensorFilter: findSecondNearestValue, sensorValue: 5.0966964 nearestMaxValue:5.0966964 secondNearestValue: 5.0966964
02-13 03:32:56.862  2163  2262 E BatteryDamageDetect: online status not satify
02-13 03:32:56.862  2163  2262 E BatteryDamageDetect: online status not satify
02-13 03:32:56.968  2139  2139 D SensorFeature: name=ssc_screenshot_info ,index = 22
02-13 03:32:56.968  2139  2139 D SensorFeature: write 35 bytes:6225239580957,6225593832936,20121,0
02-13 03:32:57.015  1967  4499 I sensors-hal: handle_oplus_wise_rgb_event:189, high_pwm_light:lux 6.1,cct 5300.0,brl/algo/ir 514.0/2.0/0.0,pwm/dc 0.0/0.0,rgbc 345.095673/286.311279/169.124527/785.677002,ts 6225570156130,cnt 48698,flag 85657
02-13 03:32:57.017  1967  6334 I sensors-hal: handle_oplus_wise_rgb_event:161, wise_rgb: (48695)(cct, lux, ir)[5300.00, 6.10, 0.000000] (r, g, b, c)[345.10, 283.27, 172.38, 782.64]                 (pwm, hbm, brl, algo)[0.0 0.0 514.0 2.0], flag 20121
02-13 03:32:57.130  5308 19621 D CommonApp-100-10742: transport layer data is invalid
02-13 03:32:57.131  5308 19621 D CommonApp-101-10742: udp pk is bigger than tcpPk,regard it as normal network
02-13 03:32:57.131  5308 19621 D CommonApp-101-10742: notifyScoreChange appScene COMMON score 100
02-13 03:32:57.131  5308 19621 D ScorePolicy: handleScoreChanged: []
02-13 03:32:57.131  5308 19621 D ScorePolicy: handleScoreChanged: []
02-13 03:32:57.131  5308 19621 D ScorePolicy: handleScoreChanged: []
02-13 03:32:57.132  3434  4677 D OplusL3Monitor: linkIndex=30, networkId=0, ignore
02-13 03:32:57.185  1973  3348 D PAL_OplusPalCommon: getActiveStreamPcmId: 2116:  dir: 1, stream: 0xb4000071abc29580, pcmDevId: 126
02-13 03:32:57.185  1973  3348 D audiohalservice.qti: [Awinic] [DBG] aw_ar_dsp_get_msg_num: msg num[0]
02-13 03:32:57.186  1973  3348 D AGM: graph: graph_set_config: 1245 entry graph_handle 0x347534c
02-13 03:32:57.186  1973  3348 I gsl     : gsl_send_spf_cmd:223 sending pkt opcode 0x1001006 token 0x00990000
02-13 03:32:57.187  1973  3348 I gsl     : gsl_send_spf_cmd:274 rcvd pkt token : 0x990000
02-13 03:32:57.187  1973  3348 D AGM: graph: graph_set_config: 1253 exit, graph handle 0x347534c, ret 0
02-13 03:32:57.187  1973  3348 I gsl     : gsl_send_spf_cmd:223 sending pkt opcode 0x1001007 token 0x00991000
02-13 03:32:57.187  1973  3348 I gsl     : gsl_send_spf_cmd:274 rcvd pkt token : 0x991000
02-13 03:32:57.187  1973  3348 D audiohalservice.qti: [Awinic] [DBG] aw_ar_dsp_read_msg_from_dsp: msg_id:0x3, read data[16] from dsp success
02-13 03:32:57.187  1973  3348 D audiohalservice.qti: [Awinic] [DBG] aw_ar_dsp_read_f0_q: dev[0]read f0 is 841, q is 1387
02-13 03:32:57.187  1973  3348 D audiohalservice.qti: [Awinic] [DBG] aw_ar_dsp_get_msg_num: msg num[0]
02-13 03:32:57.187  1973  3348 D AGM: graph: graph_set_config: 1245 entry graph_handle 0x347534c
02-13 03:32:57.187  1973  3348 I gsl     : gsl_send_spf_cmd:223 sending pkt opcode 0x1001006 token 0x00992000
02-13 03:32:57.188  1973  3348 I gsl     : gsl_send_spf_cmd:274 rcvd pkt token : 0x992000
02-13 03:32:57.188  1973  3348 D AGM: graph: graph_set_config: 1253 exit, graph handle 0x347534c, ret 0
02-13 03:32:57.188  1973  3348 I gsl     : gsl_send_spf_cmd:223 sending pkt opcode 0x1001007 token 0x00993000
02-13 03:32:57.188  1973  3348 I gsl     : gsl_send_spf_cmd:274 rcvd pkt token : 0x993000
02-13 03:32:57.188  1973  3348 D audiohalservice.qti: [Awinic] [DBG] aw_ar_dsp_read_msg_from_dsp: msg_id:0x3, read data[16] from dsp success
02-13 03:32:57.188  1973  3348 D audiohalservice.qti: [Awinic] [DBG] aw_ar_dsp_read_f0_q: dev[1]read f0 is 719, q is 1407
02-13 03:32:57.188  1973  3348 I PAL_OplusSpeakerAwinic: checkSpeakerStatus: 1028: aw_ar_cali_devs_get_f0_for_feedback spk0 f0=841
02-13 03:32:57.188  1973  3348 I PAL_OplusSpeakerAwinic: checkSpeakerStatus: 1028: aw_ar_cali_devs_get_f0_for_feedback spk1 f0=719
02-13 03:32:57.188  1973  3348 I PAL_OplusSpeakerAwinic: checkSpeakerStatus: 1042: this step=1, next step=0
02-13 03:32:57.240  1967  6350 I sensors-hal: handle_sns_std_sensor_event:114, oplus rgb_rear sample: (cct, lux, ir, x, y)[5270, 0, 100000, 337, 321]
02-13 03:32:57.240  1967  6350 I sensors-hal: handle_sns_std_sensor_event:116, oplus rgb_rear sample: (r, g, b, c w)[2, 3, 3, 3, 3]
02-13 03:32:57.271  2139  2139 D SensorFeature: name=ssc_screenshot_info ,index = 22
02-13 03:32:57.271  2139  2139 D SensorFeature: write 35 bytes:6225239580957,6225896117676,20122,0
02-13 03:32:57.282  1967  6334 I sensors-hal: handle_oplus_wise_rgb_event:161, wise_rgb: (48700)(cct, lux, ir)[5300.00, 6.27, 0.000000] (r, g, b, c)[345.10, 289.36, 175.63, 791.74]                 (pwm, hbm, brl, algo)[0.0 0.0 514.0 2.0], flag 20122
02-13 03:32:57.448  2038  2565 I SDM     : DisplayBuiltIn::IdlePowerCollapse: IPC received, disabling partial update for one frame
02-13 03:32:57.470  2038  2565 I SDM     : DisplayBuiltIn::IdlePowerCollapse: IPC received, disabling partial update for one frame
02-13 03:32:57.486  2038  2565 I SDM     : DisplayBuiltIn::IdlePowerCollapse: IPC received, disabling partial update for one frame
02-13 03:32:57.661  2139  2139 D SensorFeature: name=ssc_screenshot_info ,index = 22
02-13 03:32:57.661  2139  2139 D SensorFeature: write 35 bytes:6226235040644,6226286886582,20123,0
02-13 03:32:57.665  2038  2565 I SDM     : DisplayBuiltIn::IdlePowerCollapse: IPC received, disabling partial update for one frame
02-13 03:32:57.862  2163  2262 E BatteryDamageDetect: online status not satify
02-13 03:32:57.862  2163  2262 E BatteryDamageDetect: online status not satify
02-13 03:32:57.863  3434  4459 W OPLUS_LOG_LOAD: ==LOGS PROG INFO, prog(system_server) ==
02-13 03:32:57.863  3434  4459 V AlarmManager: sending alarm Alarm{e7164c4 type 1 origWhen 1770953577863 whenElapsed 6226490 android} uid 1000 whenElapsed 6226490 windowLength 0 maxWhenElapsed 6226490 repeatInterval 0 action null component null tag StorgaeBandInfoAlarmTag flags 0x9 procName system_server
02-13 03:32:57.864  3434 22530 E OplusStorageUFSBandwidth: storage_io_metrics_path is /proc/oplus_storage/io_metrics/forever/
02-13 03:32:57.864  1967  6334 I sensors-hal: handle_oplus_wise_rgb_event:161, wise_rgb: (48705)(cct, lux, ir)[5300.00, 6.47, 0.000000] (r, g, b, c)[348.02, 292.40, 182.13, 812.98]                 (pwm, hbm, brl, algo)[0.0 0.0 514.0 2.0], flag 20123
02-13 03:32:57.865  3434 22530 E OplusStorageUFSBandwidth: Bandwidth - Read: 0.00 MB/s, Write: 0.00 MB/s
02-13 03:32:57.865  3434 22530 E OplusStorageUFSBandwidth: Task time: 1ms
02-13 03:32:57.866  1967  4499 I sensors-hal: handle_oplus_wise_rgb_event:189, high_pwm_light:lux 6.5,cct 5300.0,brl/algo/ir 514.0/2.0/0.0,pwm/dc 0.0/0.0,rgbc 353.869293/292.402985/178.881714/803.877991,ts 6226258961755,cnt 48708,flag 20123
02-13 03:32:57.866  3434 22530 E OplusStorageUFSBandwidth: Alarm set to trigger in 10 seconds
02-13 03:32:57.912  1269 23949 I keystore2: system/security/keystore2/watchdog/src/lib.rs:377 - Watchdog thread idle -> terminating. Have a great day.
02-13 03:32:57.963  2139  2139 D SensorFeature: name=ssc_screenshot_info ,index = 22
02-13 03:32:57.964  2139  2139 D SensorFeature: write 35 bytes:6226235040644,6226589291738,20124,0
02-13 03:32:58.077  3434  4452 D FusionLightNextGen: process end reported = 1, mode: 0, cnt: 23375, lux 10.5, cct 5300.0, r/g/b/c: 350.9/289.4/182.1/800.8, R/G/B: 17.0/18.0/22.0, bri 514.0, match 1.00, ir 0.017516, conf 2.0, ts 6226565657224
02-13 03:32:58.078  1967  6334 I sensors-hal: handle_oplus_wise_rgb_event:161, wise_rgb: (48710)(cct, lux, ir)[5300.00, 6.44, 0.000000] (r, g, b, c)[348.02, 292.40, 172.38, 797.81]                 (pwm, hbm, brl, algo)[0.0 0.0 514.0 2.0], flag 20124
02-13 03:32:58.140  3434  6325 I AICCTModule: SensorFilter: brightness threshold 1.2 screenNit is 14.878693 ave enviroment lux is 10.540839 luxForNit 31.064135demarcationPoint200.0 result is false
02-13 03:32:58.140  3434  6325 I AICCTModule: SensorFilter: findSecondNearestValue, sensorValue: 5300.0 nearestMaxValue:5300.0 secondNearestValue: 5300.0
02-13 03:32:58.140  3434  6325 I AICCTModule: SensorFilter: findSecondNearestValue, sensorValue: 5.0966964 nearestMaxValue:10.071263 secondNearestValue: 10.291377
02-13 03:32:58.154  5308 19621 D CommonApp-100-10742: transport layer data is invalid
02-13 03:32:58.154  5308 19621 D CommonApp-101-10742: udp pk is bigger than tcpPk,regard it as normal network
02-13 03:32:58.154  5308 19621 D CommonApp-101-10742: notifyScoreChange appScene COMMON score 100
02-13 03:32:58.155  5308 19621 D ScorePolicy: handleScoreChanged: []
02-13 03:32:58.156  5308 19621 D ScorePolicy: handleScoreChanged: []
02-13 03:32:58.156  5308 19621 D ScorePolicy: handleScoreChanged: []
02-13 03:32:58.265  2139  2139 D SensorFeature: name=ssc_screenshot_info ,index = 22
02-13 03:32:58.266  2139  2139 D SensorFeature: write 35 bytes:6226235040644,6226891636425,20125,0
02-13 03:32:58.343  1967  4499 I sensors-hal: handle_oplus_wise_rgb_event:189, high_pwm_light:lux 6.5,cct 5300.0,brl/algo/ir 514.0/2.0/0.0,pwm/dc 0.0/0.0,rgbc 350.944733/292.402985/178.881714/803.877991,ts 6226864076338,cnt 48718,flag 20125
02-13 03:32:58.343  1967  6334 I sensors-hal: handle_oplus_wise_rgb_event:161, wise_rgb: (48715)(cct, lux, ir)[5300.00, 6.53, 0.000000] (r, g, b, c)[353.87, 292.40, 182.13, 803.88]                 (pwm, hbm, brl, algo)[0.0 0.0 514.0 2.0], flag 20125
02-13 03:32:58.367  8729  9331 D gaia-GaiaConnectChecker: start connect check++
02-13 03:32:58.444  2038  2565 I SDM     : DisplayBuiltIn::IdlePowerCollapse: IPC received, disabling partial update for one frame
02-13 03:32:58.481  2038  2565 I SDM     : DisplayBuiltIn::IdlePowerCollapse: IPC received, disabling partial update for one frame
02-13 03:32:58.633  3434  4310 D CompressAction: set affinity failed.
02-13 03:32:58.634  3434  4310 E OsenseCommonUtils: write /dev/memcg/memory.force_shrink_file failed
02-13 03:32:58.634  3434  4310 E OsenseCommonUtils: java.io.IOException: write failed: EBUSY (Device or resource busy)
02-13 03:32:58.634  3434  4310 E OsenseCommonUtils: 	at libcore.io.IoBridge.write(IoBridge.java:651)
02-13 03:32:58.634  3434  4310 E OsenseCommonUtils: 	at java.io.FileOutputStream.write(FileOutputStream.java:436)
02-13 03:32:58.634  3434  4310 E OsenseCommonUtils: 	at sun.nio.cs.StreamEncoder.writeBytes(StreamEncoder.java:233)
02-13 03:32:58.634  3434  4310 E OsenseCommonUtils: 	at sun.nio.cs.StreamEncoder.implFlushBuffer(StreamEncoder.java:309)
02-13 03:32:58.634  3434  4310 E OsenseCommonUtils: 	at sun.nio.cs.StreamEncoder.implFlush(StreamEncoder.java:313)
02-13 03:32:58.634  3434  4310 E OsenseCommonUtils: 	at sun.nio.cs.StreamEncoder.flush(StreamEncoder.java:153)
02-13 03:32:58.634  3434  4310 E OsenseCommonUtils: 	at java.io.OutputStreamWriter.flush(OutputStreamWriter.java:248)
02-13 03:32:58.634  3434  4310 E OsenseCommonUtils: 	at com.android.server.oplus.osense.utils.OsenseCommonUtils.writeFile(OsenseCommonUtils.java:154)
02-13 03:32:58.634  3434  4310 E OsenseCommonUtils: 	at com.android.server.am.OplusOsenseCompressAction.doGlobalShrink(OplusOsenseCompressAction.java:1886)
02-13 03:32:58.634  3434  4310 E OsenseCommonUtils: 	at com.android.server.am.OplusOsenseCompressAction.-$$Nest$mdoGlobalShrink(Unknown Source:0)
02-13 03:32:58.634  3434  4310 E OsenseCommonUtils: 	at com.android.server.am.OplusOsenseCompressAction$CompressHandler.handleMessage(OplusOsenseCompressAction.java:1334)
02-13 03:32:58.634  3434  4310 E OsenseCommonUtils: 	at android.os.Handler.dispatchMessage(Handler.java:115)
02-13 03:32:58.634  3434  4310 E OsenseCommonUtils: 	at android.os.Looper.loopOnce(Looper.java:298)
02-13 03:32:58.634  3434  4310 E OsenseCommonUtils: 	at android.os.Looper.loop(Looper.java:408)
02-13 03:32:58.634  3434  4310 E OsenseCommonUtils: 	at android.os.HandlerThread.run(HandlerThread.java:85)
02-13 03:32:58.634  3434  4310 E OsenseCommonUtils: Caused by: android.system.ErrnoException: write failed: EBUSY (Device or resource busy)
02-13 03:32:58.634  3434  4310 E OsenseCommonUtils: 	at libcore.io.Linux.writeBytes(Native Method)
02-13 03:32:58.634  3434  4310 E OsenseCommonUtils: 	at libcore.io.Linux.write(Linux.java:338)
02-13 03:32:58.634  3434  4310 E OsenseCommonUtils: 	at libcore.io.ForwardingOs.write(ForwardingOs.java:954)
02-13 03:32:58.634  3434  4310 E OsenseCommonUtils: 	at libcore.io.BlockGuardOs.write(BlockGuardOs.java:448)
02-13 03:32:58.634  3434  4310 E OsenseCommonUtils: 	at libcore.io.IoBridge.write(IoBridge.java:646)
02-13 03:32:58.634  3434  4310 E OsenseCommonUtils: 	... 14 more
02-13 03:32:58.656  2038  2565 I SDM     : DisplayBuiltIn::IdlePowerCollapse: IPC received, disabling partial update for one frame
02-13 03:32:58.656  2139  2139 D SensorFeature: name=ssc_screenshot_info ,index = 22
02-13 03:32:58.657  2139  2139 D SensorFeature: write 35 bytes:6227229894654,6227281484081,20126,0
02-13 03:32:58.660  1967  6334 I sensors-hal: handle_oplus_wise_rgb_event:161, wise_rgb: (48720)(cct, lux, ir)[5300.00, 6.48, 0.000000] (r, g, b, c)[353.87, 292.40, 182.13, 812.98]                 (pwm, hbm, brl, algo)[0.0 0.0 514.0 2.0], flag 131072
02-13 03:32:58.863  2163  2262 E BatteryDamageDetect: online status not satify
02-13 03:32:58.863  2163  2262 E BatteryDamageDetect: online status not satify
02-13 03:32:58.873  1967  6334 I sensors-hal: handle_oplus_wise_rgb_event:161, wise_rgb: (48725)(cct, lux, ir)[5300.00, 6.47, 0.000000] (r, g, b, c)[348.02, 295.45, 178.88, 800.84]                 (pwm, hbm, brl, algo)[0.0 0.0 514.0 2.0], flag 85662
02-13 03:32:58.959  2139  2139 D SensorFeature: name=ssc_screenshot_info ,index = 22
02-13 03:32:58.959  2139  2139 D SensorFeature: write 35 bytes:6227229894654,6227585111529,20127,0
02-13 03:32:59.032  2269  3569 D AudioFlinger: trackId 128 is playing mute data
02-13 03:32:59.140  1967  4499 I sensors-hal: handle_oplus_wise_rgb_event:189, high_pwm_light:lux 6.6,cct 5300.0,brl/algo/ir 514.0/2.0/0.0,pwm/dc 0.0/0.0,rgbc 350.944733/289.357117/182.134109/806.911499,ts 6227544586338,cnt 48728,flag 20127
02-13 03:32:59.142  1967  6334 I sensors-hal: handle_oplus_wise_rgb_event:161, wise_rgb: (48730)(cct, lux, ir)[5300.00, 6.58, 0.000000] (r, g, b, c)[353.87, 292.40, 182.13, 803.88]                 (pwm, hbm, brl, algo)[0.0 0.0 514.0 2.0], flag 85663
02-13 03:32:59.175  5308  5308 D VendorWifiService: onEvent event:9,action:1
02-13 03:32:59.178  5308 19621 D CommonApp-100-10742: transport layer data is invalid
02-13 03:32:59.178  5308 19621 D CommonApp-101-10742: udp pk is bigger than tcpPk,regard it as normal network
02-13 03:32:59.178  5308 19621 D CommonApp-101-10742: notifyScoreChange appScene COMMON score 100
02-13 03:32:59.178  5308 19621 D ScorePolicy: handleScoreChanged: []
02-13 03:32:59.178  5308 19621 D ScorePolicy: handleScoreChanged: []
02-13 03:32:59.179  5308 19621 D ScorePolicy: handleScoreChanged: []
02-13 03:32:59.182  3434  4677 D ScorerUtils: isLowTraffic: txTputKBps=17, rxTputKBps=2
02-13 03:32:59.183  3434  4677 D OplusWifiPower_TriggerCenter: mComponentCallback: wifistat
02-13 03:32:59.261  2139  2139 D SensorFeature: name=ssc_screenshot_info ,index = 22
02-13 03:32:59.262  2139  2139 D SensorFeature: write 35 bytes:6227229894654,6227887551112,20128,0
02-13 03:32:59.403  3434  4452 D FusionLightNextGen: process end reported = 1, mode: 0, cnt: 23380, lux 10.4, cct 5300.0, r/g/b/c: 350.9/289.4/182.1/794.8, R/G/B: 17.0/18.0/22.0, bri 514.0, match 1.00, ir 0.021888, conf 2.0, ts 6227867679411
02-13 03:32:59.403  1967  6334 I sensors-hal: handle_oplus_wise_rgb_event:161, wise_rgb: (48735)(cct, lux, ir)[5300.00, 6.42, 0.000000] (r, g, b, c)[350.94, 289.36, 182.13, 794.78]                 (pwm, hbm, brl, algo)[0.0 0.0 514.0 2.0], flag 85664
02-13 03:32:59.425  1971  7698 I WifiHAL : event received NL80211_CMD_VENDOR, vendor_id = 0x1374, subcmd = 0xb6
02-13 03:32:59.425  3001  3001 I cnss-daemon: nl80211 response handler invoked
02-13 03:32:59.425  3001  3001 I cnss-daemon: nl80211_response_handler: cmd 103, vendorID 4980, subcmd 182  received
02-13 03:32:59.425  3057  7699 D LOWI-9.0.1.118: [LOWI-Scan] wait_event:Wait done with Cmd 103
02-13 03:32:59.425  3057  7699 D LOWI-9.0.1.118: [LOWI-Scan] do_listen_events: Rcvd valid Netlink Cmd 0 Err 0
02-13 03:32:59.439  2038  2565 I SDM     : DisplayBuiltIn::IdlePowerCollapse: IPC received, disabling partial update for one frame
02-13 03:32:59.476  2038  2565 I SDM     : DisplayBuiltIn::IdlePowerCollapse: IPC received, disabling partial update for one frame
02-13 03:32:59.493  2038  2565 I SDM     : DisplayBuiltIn::IdlePowerCollapse: IPC received, disabling partial update for one frame
02-13 03:32:59.546  4995  5070 W OPLUS_LOG_LOAD: ==LOGS PROG INFO, prog(com.android.systemui) ==
02-13 03:32:59.546  4995  5070 I SystemUi--Statusbar: OplusNetworkSpeedControllExImpl-->updateNetworkSpeed: isConnected:true,isSwitchOn:true,isSuspend:false,isPause:false
02-13 03:32:59.548  4995  5070 I SystemUi--Statusbar: OplusNetworkSpeedControllExImpl-->getTotalByte: totalRxBytes:5917609038,totalTxBytes:173504129,loopbackTxBytes:2352156,loopbackRxBytes:2352156 ,totalBytes:6086408855
02-13 03:32:59.615  3434  6325 I AICCTModule: SensorFilter: brightness threshold 1.2 screenNit is 14.878693 ave enviroment lux is 10.467467 luxForNit 30.924774demarcationPoint200.0 result is false
02-13 03:32:59.615  3434  6325 I AICCTModule: SensorFilter: findSecondNearestValue, sensorValue: 5300.0 nearestMaxValue:5300.0 secondNearestValue: 5300.0
02-13 03:32:59.615  3434  6325 I AICCTModule: SensorFilter: findSecondNearestValue, sensorValue: 10.291377 nearestMaxValue:10.423445 secondNearestValue: 10.423445
02-13 03:32:59.652  2038  2565 I SDM     : DisplayBuiltIn::IdlePowerCollapse: IPC received, disabling partial update for one frame
02-13 03:32:59.733  2139  2139 D SensorFeature: name=ssc_screenshot_info ,index = 22
02-13 03:32:59.734  2139  2139 D SensorFeature: write 35 bytes:6228307822206,6228359383612,20129,0
02-13 03:32:59.737  2038  2565 I SDM     : DisplayBuiltIn::IdlePowerCollapse: IPC received, disabling partial update for one frame
02-13 03:32:59.864  2163  2262 E BatteryDamageDetect: online status not satify
02-13 03:32:59.864  2163  2262 E BatteryDamageDetect: online status not satify
02-13 03:32:59.865  3434  4459 V AlarmManager: sending alarm Alarm{e4ab9a9 type 1 origWhen 1770953579865 whenElapsed 6228492 android} uid 1000 whenElapsed 6228492 windowLength 0 maxWhenElapsed 6228492 repeatInterval 0 action null component null tag StorgaeBandInfoAlarmTag flags 0x9 procName system_server
02-13 03:32:59.866  3434 22530 E OplusStorageUFSBandwidth: storage_io_metrics_path is /proc/oplus_storage/io_metrics/forever/
02-13 03:32:59.867  3434 22530 E OplusStorageUFSBandwidth: Bandwidth - Read: 0.00 MB/s, Write: 0.00 MB/s
02-13 03:32:59.867  3434 22530 E OplusStorageUFSBandwidth: Task time: 1ms
02-13 03:32:59.868  3434 22530 E OplusStorageUFSBandwidth: Alarm set to trigger in 10 seconds
