02-13 03:33:32.530  2274  3534 D DeviceHalAidl: [bluetooth] setParameters: parameters: "volumeStreamAction=stop;volumeStreamType=0"
02-13 03:33:32.530  2274  3534 E ConversionHelperAidl: Function: parseAndSetVendorParameters Line: 94 Failed 
02-13 03:33:32.530  2274  3534 D DeviceHalAidl: [binaural_record] setParameters: parameters: "volumeStreamAction=stop;volumeStreamType=0"
02-13 03:33:32.530  2274  3534 D DeviceHalAidl: [virtual] setParameters: parameters: "volumeStreamAction=stop;volumeStreamType=0"
02-13 03:33:32.530  2274  3534 E ConversionHelperAidl: Function: parseAndSetVendorParameters Line: 94 Failed 
02-13 03:33:32.530  2274  3535 D APM_AudioPolicyManager: setOutputDevice() output 13 device {AUDIO_DEVICE_OUT_SPEAKER, @:} force 0 delayMs 122
02-13 03:33:32.530  2274  3535 D APM_AudioPolicyManager: FastGameEffect output 13 device {AUDIO_DEVICE_OUT_SPEAKER, @:}
02-13 03:33:32.530  2274  3535 D OplusFastGameEffect: FastGameSetOutputDevices set same device, no need update
02-13 03:33:32.530  7057 10656 D OplusAtlasService: isAppInRecording result :false
02-13 03:33:32.530  7057 10637 D OplusAtlas.OplusAudioRecordInfoUploadHelper: isAppInPlayingVoiceTrack result :false
02-13 03:33:32.530  7057 10637 D OplusAtlas.OplusAudioRecordInfoUploadHelper: isVoipAlready is false isVoipNow is false
02-13 03:33:32.534  5337  5337 D HeadsUpContainerWindow: notifySizeOrLocationChanged::SkRegion((0,0,48,224)(1224,0,1272,224)(0,224,1272,2772))
02-13 03:33:32.537  2044 28286 I sensors-hal: handle_sns_std_sensor_event:115, oplus rgb_rear sample: (cct, lux, ir, x, y)[183935, 0, 50000, 652, 120]
02-13 03:33:32.537  2044 28286 I sensors-hal: handle_sns_std_sensor_event:117, oplus rgb_rear sample: (r, g, b, c w)[1, 1, 4, 4, 2]
02-13 03:33:32.545  5337  5337 D HeadsUpContainerWindow: notifySizeOrLocationChanged::SkRegion((0,0,48,263)(1224,0,1272,263)(0,263,1272,2772))
02-13 03:33:32.548  2070  2179 E PERFHAL-OPTSHANDLER: PERFHAL-OPTSHANDLER: unsupported() 942: Error: This resource is not supported
02-13 03:33:32.548  2070  2179 E PERFHAL-RESOURCEQS: PERFHAL-RESOURCEQS: RemoveAndApply() 292: Failed to reset optimization here [18, 1]
02-13 03:33:32.548  2070  2179 E PERFHAL-OPTSHANDLER: PERFHAL-OPTSHANDLER: unsupported() 942: Error: This resource is not supported
02-13 03:33:32.548  2070  2179 E PERFHAL-RESOURCEQS: PERFHAL-RESOURCEQS: RemoveAndApply() 292: Failed to reset optimization here [18, 0]
02-13 03:33:32.549  2070  2179 I [UAH_CLIENT]: UahRelease, handle:57560
02-13 03:33:32.549  2070  2179 I [UAH_CLIENT]: UahPlatformResAcquire
02-13 03:33:32.549  2070  2179 I [UAH_CLIENT]: UahEventAcquire, cmdid:-3, pkg:2067 9251, identity:qcom-perfd
02-13 03:33:32.550  2070  2179 E PERFHAL-RESOURCEQS: PERFHAL-RESOURCEQS: AddAndApply() 130: Resource with major=18, minor=0 not supported
02-13 03:33:32.550  2070  2179 E PERFHAL-RESOURCEQS: PERFHAL-RESOURCEQS: AddAndApply() 130: Resource with major=18, minor=1 not supported
02-13 03:33:32.557  5337  5337 D HeadsUpContainerWindow: notifySizeOrLocationChanged::SkRegion((0,0,48,296)(1224,0,1272,296)(0,296,1272,2772))
02-13 03:33:32.558  7053 17816 D LOWI-9.0.1.125: [LOWI-Scan] wait_event:Wait done with Cmd 103
02-13 03:33:32.558  7053 17816 D LOWI-9.0.1.125: [LOWI-Scan] do_listen_events: Rcvd valid Netlink Cmd 0 Err 0
02-13 03:33:32.558  2047 17815 I WifiHAL : event received NL80211_CMD_VENDOR, vendor_id = 0x1374, subcmd = 0xb6
02-13 03:33:32.558  2037  6602 I vendor.qti.bluetooth@1.0-ibs_handler: ProcessIbsCmd: Received IBS_WAKE_IND: 0xFD
02-13 03:33:32.558  2037  6602 D vendor.qti.bluetooth@1.0-ibs_handler: SerialClockVote: vote for UART CLK ON
02-13 03:33:32.558  2037  6602 I vendor.qti.bluetooth@1.0-ibs_handler: ProcessIbsCmd: Writing IBS_WAKE_ACK
02-13 03:33:32.560  3008  3008 I cnss-daemon: nl80211 response handler invoked
02-13 03:33:32.561  3008  3008 I cnss-daemon: nl80211_response_handler: cmd 103, vendorID 4980, subcmd 182  received
02-13 03:33:32.567  5337  5337 D HeadsUpContainerWindow: notifySizeOrLocationChanged::SkRegion((0,0,48,327)(1224,0,1272,327)(0,327,1272,2772))
02-13 03:33:32.569 31547 20777 D thread_local: deleteThreadLocal@0x7054e5a290
02-13 03:33:32.578  5337  5337 D HeadsUpContainerWindow: notifySizeOrLocationChanged::SkRegion((0,0,1272,3)(0,3,48,355)(1224,3,1272,355)(0,355,1272,2772))
02-13 03:33:32.580  5795  6093 D btm_acl : [btm_acl.cc:376] btm_bda_to_acl: bda=00:00:00:00:00:00 transport=1 not found in acl_db
02-13 03:33:32.580  5795  6093 D btm_acl : [btm_acl.cc:376] btm_bda_to_acl: bda=00:00:00:00:00:00 transport=1 not found in acl_db
02-13 03:33:32.580  5795  6093 D btm_acl : [btm_acl.cc:376] btm_bda_to_acl: bda=00:00:00:00:00:00 transport=1 not found in acl_db
02-13 03:33:32.580  5795  6093 D btm_acl : [btm_acl.cc:376] btm_bda_to_acl: bda=00:00:00:00:00:00 transport=1 not found in acl_db
02-13 03:33:32.580  5795  6093 D btm_acl : [btm_acl.cc:376] btm_bda_to_acl: bda=00:00:00:00:00:00 transport=1 not found in acl_db
02-13 03:33:32.580  5795  6093 D btm_acl : [btm_acl.cc:376] btm_bda_to_acl: bda=00:00:00:00:00:00 transport=1 not found in acl_db
02-13 03:33:32.580  5795  6093 I bt_btm_pm: [btm_pm.cc:766] btm_pm_proc_mode_change: Power mode switched from stored:pending[133] to immediate:active[0]
02-13 03:33:32.580  5795  6093 I bt_btm_pm: [btm_pm.cc:563] btm_pm_snd_md_req: Link already in requested mode pm_id:128 link_ind:11 mode:forced:active[0]
02-13 03:33:32.580  5795  6093 D bt_btm_pm: [btm_pm.cc:569] btm_pm_snd_md_req: Storing command
02-13 03:33:32.580  5795  6093 D btm_sco : [btm_sco.cc:1026] btm_sco_disc_chk_pend_for_modechange: Checking for SCO pending mode change events hci_handle:0x000b p->state:SCO_ST_UNUSED
02-13 03:33:32.580  5795  6093 I oplus_bt_power: [oplus_bt_power.cc:358]  acl_links_num: 1, is_any_active_acl = 1
02-13 03:33:32.580  5795  6634 I oplus_bt_dual_sync: [oplus_bt_dual_sync.cc:627] do_stack_up_sync: stack_to_apk_type = 27
02-13 03:33:32.581  5795  6093 D bluetooth: [rfc_l2cap_if.cc:294] RFCOMM_BufDataInd:  
02-13 03:33:32.581  5795  6093 D bluetooth: [rfc_l2cap_if.cc:306] RFCOMM_BufDataInd: event 4, p_mcb=0x6ff3eb8660
02-13 03:33:32.581  5795  6093 D bt_device_interop: [interop_oplus.cc:614] interop_oplus_match_addr: OplusRfcommPtsTestCases, check xx:xx:xx:xx:ac:36 return false
02-13 03:33:32.581  5795  6093 D bt_device_interop: [interop_oplus.cc:626]  interop_oplus_match_name_impl:[OplusRfcommPtsTestCases] check ****lus Watch 3 0697 return 0
02-13 03:33:32.581  5795  6093 D bt_device_interop: [interop_oplus.cc:626]  interop_oplus_match_name_impl:[OplusRfcommPtsTestCases] check ****en's OnePlus Watch 3 return 0
02-13 03:33:32.581  5795  6093 D bt_device_interop: [interop_oplus.cc:797] interop_oplus_match_ver: [OplusRfcommPtsTestCases] check xx:xx:xx:xx:ac:36 return false
02-13 03:33:32.581  5795  6093 D bt_device_interop: [interop_oplus.cc:639] interop_oplus_match_both_name_and_addr_impl: [OplusRfcommPtsTestCases] check ****lus Watch 3 0697-xx:xx:xx:xx:ac:36 return false
02-13 03:33:32.581  5795  6093 D bt_device_interop: [interop_oplus.cc:639] interop_oplus_match_both_name_and_addr_impl: [OplusRfcommPtsTestCases] check ****en's OnePlus Watch 3-xx:xx:xx:xx:ac:36 return false
02-13 03:33:32.581  5795  6093 D bt_device_interop: [interop_oplus.cc:664] interop_oplus_match_both_name_addr_and_ver_impl: [OplusRfcommPtsTestCases] check ****lus Watch 3 0697-xx:xx:xx:xx:ac:36-0x0D:0x02B0:0x0017 return false
02-13 03:33:32.581  5795  6093 D bt_device_interop: [interop_oplus.cc:664] interop_oplus_match_both_name_addr_and_ver_impl: [OplusRfcommPtsTestCases] check ****en's OnePlus Watch 3-xx:xx:xx:xx:ac:36-0x0D:0x02B0:0x0017 return false
02-13 03:33:32.583  3634  4078 W UserAwareMgr: event can not be released, id: 1010, count: 1689, releasePid: 3634
02-13 03:33:32.584  5795  6634 I oplus_bt_dual_sync: [oplus_bt_dual_sync.cc:675] operator(): up_sync done.
02-13 03:33:32.584  3634  3634 D OplusWifiBroadCastDispatcher: mBroadcastReceiver: onReceiver  action=oplus.bluetooth.sar.TX_STATUS
02-13 03:33:32.590  5337  5337 D HeadsUpContainerWindow: notifySizeOrLocationChanged::SkRegion((0,0,1272,30)(0,30,48,382)(1224,30,1272,382)(0,382,1272,2772))
02-13 03:33:32.590 20918 21336 W System.err: FlagsHookHelper: skip hook flags method getInstanceHook
02-13 03:33:32.598 20918 21157 W NaviWarn: StackPtr is not 8-byte aligned.
02-13 03:33:32.600  5337  5337 D HeadsUpContainerWindow: notifySizeOrLocationChanged::SkRegion((0,0,1272,55)(0,55,48,407)(1224,55,1272,407)(0,407,1272,2772))
02-13 03:33:32.610  5795  6093 D bluetooth: [rfc_l2cap_if.cc:294] RFCOMM_BufDataInd:  
02-13 03:33:32.610  5795  6093 D bluetooth: [rfc_l2cap_if.cc:306] RFCOMM_BufDataInd: event 4, p_mcb=0x6ff3eb8660
02-13 03:33:32.610  5795  6093 D bt_device_interop: [interop_oplus.cc:614] interop_oplus_match_addr: OplusRfcommPtsTestCases, check xx:xx:xx:xx:ac:36 return false
02-13 03:33:32.610  5795  6093 D bt_device_interop: [interop_oplus.cc:626]  interop_oplus_match_name_impl:[OplusRfcommPtsTestCases] check ****lus Watch 3 0697 return 0
02-13 03:33:32.610  5795  6093 D bt_device_interop: [interop_oplus.cc:626]  interop_oplus_match_name_impl:[OplusRfcommPtsTestCases] check ****en's OnePlus Watch 3 return 0
02-13 03:33:32.610  5795  6093 D bt_device_interop: [interop_oplus.cc:797] interop_oplus_match_ver: [OplusRfcommPtsTestCases] check xx:xx:xx:xx:ac:36 return false
02-13 03:33:32.610  5795  6093 D bt_device_interop: [interop_oplus.cc:639] interop_oplus_match_both_name_and_addr_impl: [OplusRfcommPtsTestCases] check ****lus Watch 3 0697-xx:xx:xx:xx:ac:36 return false
02-13 03:33:32.610  5795  6093 D bt_device_interop: [interop_oplus.cc:639] interop_oplus_match_both_name_and_addr_impl: [OplusRfcommPtsTestCases] check ****en's OnePlus Watch 3-xx:xx:xx:xx:ac:36 return false
02-13 03:33:32.610  5795  6093 D bt_device_interop: [interop_oplus.cc:664] interop_oplus_match_both_name_addr_and_ver_impl: [OplusRfcommPtsTestCases] check ****lus Watch 3 0697-xx:xx:xx:xx:ac:36-0x0D:0x02B0:0x0017 return false
02-13 03:33:32.610  5795  6093 D bt_device_interop: [interop_oplus.cc:664] interop_oplus_match_both_name_addr_and_ver_impl: [OplusRfcommPtsTestCases] check ****en's OnePlus Watch 3-xx:xx:xx:xx:ac:36-0x0D:0x02B0:0x0017 return false
02-13 03:33:32.610  5795  6093 D bt_bta_dm: [bta_dm_act.cc:1090] bta_dm_rm_cback: BTA Role management callback count:0 status:BTA_SYS_CONN_BUSY peer:xx:xx:xx:xx:ac:36
02-13 03:33:32.610  5795  6093 D bt_device_interop: [interop_oplus.cc:614] interop_oplus_match_addr: OplusGapNotDoSniffSubrating, check xx:xx:xx:xx:ac:36 return false
02-13 03:33:32.610  5795  6093 D bt_device_interop: [interop_oplus.cc:626]  interop_oplus_match_name_impl:[OplusGapNotDoSniffSubrating] check ****lus Watch 3 0697 return 0
02-13 03:33:32.610  5795  6093 D bt_device_interop: [interop_oplus.cc:626]  interop_oplus_match_name_impl:[OplusGapNotDoSniffSubrating] check ****en's OnePlus Watch 3 return 0
02-13 03:33:32.610  5795  6093 D bt_device_interop: [interop_oplus.cc:797] interop_oplus_match_ver: [OplusGapNotDoSniffSubrating] check xx:xx:xx:xx:ac:36 return false
02-13 03:33:32.610  5795  6093 D bt_device_interop: [interop_oplus.cc:639] interop_oplus_match_both_name_and_addr_impl: [OplusGapNotDoSniffSubrating] check ****lus Watch 3 0697-xx:xx:xx:xx:ac:36 return false
02-13 03:33:32.610  5795  6093 D bt_device_interop: [interop_oplus.cc:639] interop_oplus_match_both_name_and_addr_impl: [OplusGapNotDoSniffSubrating] check ****en's OnePlus Watch 3-xx:xx:xx:xx:ac:36 return false
02-13 03:33:32.610  5795  6093 D bt_device_interop: [interop_oplus.cc:664] interop_oplus_match_both_name_addr_and_ver_impl: [OplusGapNotDoSniffSubrating] check ****lus Watch 3 0697-xx:xx:xx:xx:ac:36-0x0D:0x02B0:0x0017 return false
02-13 03:33:32.610  5795  6093 D bt_device_interop: [interop_oplus.cc:664] interop_oplus_match_both_name_addr_and_ver_impl: [OplusGapNotDoSniffSubrating] check ****en's OnePlus Watch 3-xx:xx:xx:xx:ac:36-0x0D:0x02B0:0x0017 return false
02-13 03:33:32.610  5795  6093 D bt_btm_pm: [btm_pm.cc:269] BTM_SetPowerMode: Device is already in requested mode 0, interval: 0, max: 0, min: 0
02-13 03:33:32.610  5795  6093 D bluetooth: [bta_dm_pm.cc:1081] bta_dm_pm_active: Active power mode already set for device:xx:xx:xx:xx:ac:36
02-13 03:33:32.610  5795  6093 D bt_bta_dm: [bta_dm_act.cc:1090] bta_dm_rm_cback: BTA Role management callback count:0 status:BTA_SYS_CONN_IDLE peer:xx:xx:xx:xx:ac:36
02-13 03:33:32.610  5795  6093 D bt_device_interop: [interop_oplus.cc:614] interop_oplus_match_addr: OplusGapNotDoSniffSubrating, check xx:xx:xx:xx:ac:36 return false
02-13 03:33:32.610  5795  6093 D bt_device_interop: [interop_oplus.cc:626]  interop_oplus_match_name_impl:[OplusGapNotDoSniffSubrating] check ****lus Watch 3 0697 return 0
02-13 03:33:32.610  5795  6093 D bt_device_interop: [interop_oplus.cc:626]  interop_oplus_match_name_impl:[OplusGapNotDoSniffSubrating] check ****en's OnePlus Watch 3 return 0
02-13 03:33:32.610  5795  6093 D bt_device_interop: [interop_oplus.cc:797] interop_oplus_match_ver: [OplusGapNotDoSniffSubrating] check xx:xx:xx:xx:ac:36 return false
02-13 03:33:32.610  5795  6093 D bt_device_interop: [interop_oplus.cc:639] interop_oplus_match_both_name_and_addr_impl: [OplusGapNotDoSniffSubrating] check ****lus Watch 3 0697-xx:xx:xx:xx:ac:36 return false
02-13 03:33:32.610  5795  6093 D bt_device_interop: [interop_oplus.cc:639] interop_oplus_match_both_name_and_addr_impl: [OplusGapNotDoSniffSubrating] check ****en's OnePlus Watch 3-xx:xx:xx:xx:ac:36 return false
02-13 03:33:32.610  5795  6093 D bt_device_interop: [interop_oplus.cc:664] interop_oplus_match_both_name_addr_and_ver_impl: [OplusGapNotDoSniffSubrating] check ****lus Watch 3 0697-xx:xx:xx:xx:ac:36-0x0D:0x02B0:0x0017 return false
02-13 03:33:32.610  5795  6093 D bt_device_interop: [interop_oplus.cc:664] interop_oplus_match_both_name_addr_and_ver_impl: [OplusGapNotDoSniffSubrating] check ****en's OnePlus Watch 3-xx:xx:xx:xx:ac:36-0x0D:0x02B0:0x0017 return false
02-13 03:33:32.611  5337  5337 D HeadsUpContainerWindow: notifySizeOrLocationChanged::SkRegion((0,0,1272,77)(0,77,48,429)(1224,77,1272,429)(0,429,1272,2772))
02-13 03:33:32.612  9398 24507 I PTC.DATATRANS.BtRfConnection: BT READ Len:4 cost:263034
02-13 03:33:32.618 12803 13577 D AF.SDK.BaseSocket: handleIncomingData: 24 [3, 1]
02-13 03:33:32.619 12803 13577 I WLogB   : Health_NotificationA#5e1fa8f onReceive:  channelId=1 cid=254 rcvSeq=464
02-13 03:33:32.619 12803 13577 I ClientManager: Health_getService name:iheytap,pingBinder:true
02-13 03:33:32.621 12803 21341 I WLogB   : Health_LocalCallbackManager onMessageReceived: rcvSeq=464 to AC:*:AC:36 MessageEvent[sid=2 cid=254 seq=464 content=0
02-13 03:33:32.621 12803 21342 I WLogB   : Health_CbManager notifyMessageEvent: notify:3 MessageEvent[sid=2 cid=254 seq=464 content=0
02-13 03:33:32.621 12803 13019 I WLogB   : Health_ListenerManager onMessageEvent: notify 5 MessageEvent[sid=2 cid=254 seq=464 content=0
02-13 03:33:32.622 12854 13136 I WLogB   : Health_ListenerManager onMessageEvent: notify 4 MessageEvent[sid=2 cid=254 seq=464 content=0
02-13 03:33:32.622 13276 13342 I WLogB   : Health_ListenerManager onMessageEvent: notify 2 MessageEvent[sid=2 cid=254 seq=464 content=0
02-13 03:33:32.623 12854 13136 I WLogB   : Health_CallCache onMessageReceived: MessageEvent[sid=2 cid=254 seq=464 content=0
02-13 03:33:32.623 13276 13342 I ClientManager: Health_getService name:DeviceManager,pingBinder:true
02-13 03:33:32.623  5337  5337 D HeadsUpContainerWindow: notifySizeOrLocationChanged::SkRegion((0,0,1272,96)(0,96,48,448)(1224,96,1272,448)(0,448,1272,2772))
02-13 03:33:32.624 12803 13019 I WLogB   : Health_CallCache onMessageReceived: MessageEvent[sid=2 cid=254 seq=464 content=0
02-13 03:33:32.624 13276 13342 I WLogB   : Health_CallCache onMessageReceived: MessageEvent[sid=2 cid=254 seq=464 content=0
02-13 03:33:32.624 12803 13068 W NTF_TransceiverManager: Health_onMessageReceived: cid=254
02-13 03:33:32.634  5337  5337 D HeadsUpContainerWindow: notifySizeOrLocationChanged::SkRegion((0,0,1272,114)(0,114,48,466)(1224,114,1272,466)(0,466,1272,2772))
02-13 03:33:32.645  5337  5337 D HeadsUpContainerWindow: notifySizeOrLocationChanged::SkRegion((0,0,1272,130)(0,130,48,482)(1224,130,1272,482)(0,482,1272,2772))
02-13 03:33:32.650  2037  6602 I vendor.qti.bluetooth@1.0-ibs_handler: ProcessIbsCmd: Received IBS_SLEEP_IND: 0xFE
02-13 03:33:32.650  2037  6602 D vendor.qti.bluetooth@1.0-ibs_handler: SerialClockVote: vote for UART CLK OFF
02-13 03:33:32.656  5337  5337 D HeadsUpContainerWindow: notifySizeOrLocationChanged::SkRegion((0,0,1272,142)(0,142,48,494)(1224,142,1272,494)(0,494,1272,2772))
02-13 03:33:32.667  5337  5337 D HeadsUpContainerWindow: notifySizeOrLocationChanged::SkRegion((0,0,1272,153)(0,153,48,505)(1224,153,1272,505)(0,505,1272,2772))
02-13 03:33:32.672 20918 21344 W System.err: FlagsHookHelper: skip hook flags method getInstanceHook
02-13 03:33:32.678  5337  5337 D HeadsUpContainerWindow: notifySizeOrLocationChanged::SkRegion((0,0,1272,163)(0,163,48,515)(1224,163,1272,515)(0,515,1272,2772))
02-13 03:33:32.689  5337  5337 D HeadsUpContainerWindow: notifySizeOrLocationChanged::SkRegion((0,0,1272,170)(0,170,48,522)(1224,170,1272,522)(0,522,1272,2772))
02-13 03:33:32.694 30350 20751 D AlarmPingSender: Success. Release lock(MqttService.client.android-12735-paho84111532702443):1770953612694
02-13 03:33:32.698 10423 10423 V DeepThinker: BroadcastReceiverWrapper: onReceive, start dispatch android.media.ACTION_AUDIO_PLAYBACK_STATE_CHANGED
02-13 03:33:32.698 10423 10423 V DeepThinker: BroadcastReceiverWrapper: onReceive, finish dispatch android.media.ACTION_AUDIO_PLAYBACK_STATE_CHANGED  category : null  Time consuming : 0 ms
02-13 03:33:32.700  5337  5337 D HeadsUpContainerWindow: notifySizeOrLocationChanged::SkRegion((0,0,1272,177)(0,177,48,529)(1224,177,1272,529)(0,529,1272,2772))
02-13 03:33:32.711  5337  5337 D HeadsUpContainerWindow: notifySizeOrLocationChanged::SkRegion((0,0,1272,182)(0,182,48,534)(1224,182,1272,534)(0,534,1272,2772))
02-13 03:33:32.722  5337  5337 D HeadsUpContainerWindow: notifySizeOrLocationChanged::SkRegion((0,0,1272,186)(0,186,48,538)(1224,186,1272,538)(0,538,1272,2772))
02-13 03:33:32.733  5337  5337 D HeadsUpContainerWindow: notifySizeOrLocationChanged::SkRegion((0,0,1272,189)(0,189,48,541)(1224,189,1272,541)(0,541,1272,2772))
02-13 03:33:32.744  5337  5337 D HeadsUpContainerWindow: notifySizeOrLocationChanged::SkRegion((0,0,1272,190)(0,190,48,542)(1224,190,1272,542)(0,542,1272,2772))
02-13 03:33:32.755  5337  5337 D HeadsUpContainerWindow: notifySizeOrLocationChanged::SkRegion((0,0,1272,191)(0,191,48,543)(1224,191,1272,543)(0,543,1272,2772))
02-13 03:33:32.766  5337  5337 D HeadsUpContainerWindow: notifySizeOrLocationChanged::SkRegion((0,0,1272,192)(0,192,48,544)(1224,192,1272,544)(0,544,1272,2772))
02-13 03:33:32.780  2639  4403 D QmiClient: qmiServiceEventCallback recv msg id 74
02-13 03:33:32.780  2639  4403 D QmiClient: enter -mServiceType 2 onQmiServiceEventCallback msgId 74
02-13 03:33:32.780  2639  4403 D QmiClient: onQmiServiceEventCallback - enter. msgId=74
02-13 03:33:32.780  2639  4403 D QmiDsdClientEvent: qmiDsdClientNotifyLteCellInfoChangeEvent - RADIO_EVENT_LTE_CELL_INFO_CHANGE_IND
02-13 03:33:32.780  2639  2713 D DsdProxy: handleMessage msg is 2201
02-13 03:33:32.780  2639  2713 D DsdProxy: handleLteCellInfoChangeInd for instance 0
02-13 03:33:32.781  5784  5852 D SubsysRadioIndication[0]: radioLteCAInfoInd
02-13 03:33:32.782  5784  5784 D QtiCellularNetwork: handleLteCaInfoChanged 0
02-13 03:33:32.782  5784  5784 D QtiCellularNetwork: handleLteCaInfoChanged: deconfigured
02-13 03:33:32.784  2639  4403 D QmiClient: qmiServiceEventCallback recv msg id 74
02-13 03:33:32.784  2639  4403 D QmiClient: enter -mServiceType 2 onQmiServiceEventCallback msgId 74
02-13 03:33:32.784  2639  4403 D QmiClient: onQmiServiceEventCallback - enter. msgId=74
02-13 03:33:32.784  2639  4403 D QmiDsdClientEvent: qmiDsdClientNotifyLteCellInfoChangeEvent - RADIO_EVENT_LTE_CELL_INFO_CHANGE_IND
02-13 03:33:32.784  2639  2713 D DsdProxy: handleMessage msg is 2201
02-13 03:33:32.784  2639  2713 D DsdProxy: handleLteCellInfoChangeInd for instance 0
02-13 03:33:32.784  5784  5852 D SubsysRadioIndication[0]: radioLteCAInfoInd
02-13 03:33:32.785  5784  5784 D QtiCellularNetwork: handleLteCaInfoChanged 0
02-13 03:33:32.785  5784  5784 D QtiCellularNetwork: handleLteCaInfoChanged: deconfigured
02-13 03:33:32.785  5528  6933 D QtiOemHookAidl: oemHookRawIndication length=21
02-13 03:33:32.785  5528  5528 D QcrilMsgTunnelIfaceManager: handleMessage what = 0
02-13 03:33:32.785  5511  5511 W Settings: Setting airplane_mode_on has moved from android.provider.Settings.System to android.provider.Settings.Global, returning read-only value.
02-13 03:33:32.787  3634  4862 V AlarmManager: sending alarm Alarm{8eb96a8 type 2 origWhen 84148749 whenElapsed 84148749 com.oplus.subsys} uid 1000 whenElapsed 84148749 windowLength 0 maxWhenElapsed 84148749 repeatInterval 0 action com.oplus.clusters.tgs.detect.imsguard.alarm.run1 component null flags 0x9 procName com.oplus.subsys
02-13 03:33:32.787  5511  5511 D QC_RIL_OEM_HOOK: Received Broadcast Intent ACTION_UNSOL_RESPONSE_OEM_HOOK_RAW
02-13 03:33:32.787  5511  5511 D QC_RIL_OEM_HOOK: Received Broadcast Intent ACTION_UNSOL_RESPONSE_OEM_HOOK_RAW
02-13 03:33:32.787  5511  5511 D QC_RIL_OEM_HOOK: Received Broadcast Intent ACTION_UNSOL_RESPONSE_OEM_HOOK_RAW
02-13 03:33:32.787  5528  5528 D QC_RIL_OEM_HOOK: Received Broadcast Intent ACTION_UNSOL_RESPONSE_OEM_HOOK_RAW
02-13 03:33:32.788  5784  7483 I ImsGuardUnit[1]: handleMessage: 2
02-13 03:33:32.788  5784  7483 D TelephonyManagerProxy: isImsValid soltId: 1
02-13 03:33:32.789  5337  5337 D HeadsUpContainerWindow: notifySizeOrLocationChanged::SkRegion((0,0,1272,191)(0,191,48,543)(1224,191,1272,543)(0,543,1272,2772))
02-13 03:33:32.792  5784  7483 D TelephonyManagerProxy: isImsUseEnabled soltId: 1
02-13 03:33:32.793  2639  4283 D QmiClient: qmiServiceEventCallback recv msg id 1100
02-13 03:33:32.793  2639  4283 D QmiClient: enter -mServiceType 4 onQmiServiceEventCallback msgId 1100
02-13 03:33:32.793  2639  4283 D QmiClient: onQmiServiceEventCallback - enter. msgId=1100
02-13 03:33:32.793  2639  4283 D QmiVsClientEvent: QosEventReportInd MSG IND
02-13 03:33:32.793  2639  4283 D QmiVsClientEvent: qmiVsClientNotifyQosEventReportIndEvent - RADIO_EVENT_QOS_EVENT_REPORT_NOTIFY_IND
02-13 03:33:32.793  2639  2710 D VsProxy : handleMessage msg is 2421
02-13 03:33:32.793  2639  2710 D VsProxy : handleQosEventReportInd for instance 0
02-13 03:33:32.794  5784  5852 D SubsysRadioIndication[0]: radioQosEventReportInd
02-13 03:33:32.794  5784  5784 D NetworkService[0]: handleMessage what:1007
02-13 03:33:32.795  5784  7483 D ImsGuardUnit[1]: getImsStatus, mPsNetworkRegistrationInfo isInService:true
02-13 03:33:32.795  5784  7483 D ImsGuardUnit[1]: getImsStatus, mPsNetworkRegistrationInfo rat:13
02-13 03:33:32.795  5784  7483 D ImsGuardUnit[1]: getImsStatus, mCsNetworkRegistrationInfo isInService:true
02-13 03:33:32.795  5784  5784 D RadioMessenger: handleMessage Request msgid 2141
02-13 03:33:32.795  5784  5784 D RadioProxyJ[1]: [5208]> getNasSysInfo
02-13 03:33:32.795  3311  3336 D QmiNasClient: radioGetNasSysInfo : enter 
02-13 03:33:32.796  3311  3336 D NasProxy: handleMessage msg is 4001
02-13 03:33:32.796  3311  3336 D RadioProxy: getNasSysInfo : response cb for instance 1
02-13 03:33:32.796  5784  5852 D RadioProxyJ[1]: [5208]< getNasSysInfoResponse RadioNasSysInfo{ lteRegDomain = 3, lteRejCause = 0, voiceSupportOnLte = true }
02-13 03:33:32.796  5784  5784 D MessengerResponseHandler: handleMessage Response msgid 132
02-13 03:33:32.796  5784  7483 I ImsGuardUnit[1]: getLteRegDomain value: 3
02-13 03:33:32.796  5784  7483 I ImsGuardUnit[1]: mIsImsProfileFixed:false
02-13 03:33:32.796  5784  5784 D RadioMessenger: handleMessage Request msgid 2156
02-13 03:33:32.796  5784  5784 D RadioProxyJ[1]: [5209]> getImsPolMgrApn
02-13 03:33:32.796  3311  3333 D QmiImssClient: getImsPolMgrApn - enter
02-13 03:33:32.798  5682  6709 D IWlanJni: getDataRegistrationState start
02-13 03:33:32.799  5682  6742 D IWlanJni: new aidl event arrived
02-13 03:33:32.799  5682  6742 D IWlanJni: handleEvent 10
02-13 03:33:32.799  5682  6742 D IWlanJni: isThreadAttached start
02-13 03:33:32.799  5682  6742 D IWlanJni: jni detached
02-13 03:33:32.799  5682  6742 D IWlanJni: jni attached
02-13 03:33:32.799  5682  6742 D IWlanJni: getDataRegistrationStateResponse start
02-13 03:33:32.799  5682  6742 D IWlanJni: getJavaCallbackClass start
02-13 03:33:32.799  5682  6742 D IWlanJni: getJavaCallbackClass End midIs[1]
02-13 03:33:32.799  5682  6742 I IWlanAidlClient: getDataRegistrationStateResponse called
02-13 03:33:32.799  5682  6741 W IWlanNetworkService: 3894 > Response Processed
02-13 03:33:32.799  3311  3333 D ImssProxy: handleMessage msg is 4001
02-13 03:33:32.799  3311  3333 D RadioProxy: getImsPolMgrApn : response cb for instance 1
02-13 03:33:32.799  5784  5784 D MessengerResponseHandler: handleMessage Response msgid 147
02-13 03:33:32.800  5337  5337 D HeadsUpContainerWindow: notifySizeOrLocationChanged::SkRegion((0,0,1272,190)(0,190,48,542)(1224,190,1272,542)(0,542,1272,2772))
02-13 03:33:32.800  5784  5852 D RadioProxyJ[1]: [5209]< getImsPolMgrApnResponse ims
02-13 03:33:32.800  5784  7483 I ImsGuardUnit[1]: getImsPolMgrApn value: ims
02-13 03:33:32.800  5784  7483 E ImsGuardUnit[1]: getImsProfileList lock start
02-13 03:33:32.801  5784  5784 D RadioMessenger: handleMessage Request msgid 2157
02-13 03:33:32.801  5784  5784 D RadioProxyJ[1]: [5210]> getImsProfileList
02-13 03:33:32.801  2037  6136 D vendor.qti.bluetooth@1.0-wake_lock: Release wakelock is released 
02-13 03:33:32.801  3311  3327 D QmiWdsClient: getImsProfileList : enter 
02-13 03:33:32.803  3311  4357 D QmiWdsClient: getImsProfileList: profile_list_len: 5
02-13 03:33:32.803  3311  3327 D WdsProxy: handleMessage msg is 4001
02-13 03:33:32.803  3311  3327 D RadioProxy: getImsProfileList : response cb for instance 1
02-13 03:33:32.803  5784  5852 D RadioProxyJ[1]: [5210]< getImsProfileListResponse {1, 2, 3, 4, 8}
02-13 03:33:32.803  5784  5784 D MessengerResponseHandler: handleMessage Response msgid 148
02-13 03:33:32.803  5784  7483 E ImsGuardUnit[1]: getImsProfileList lock end
02-13 03:33:32.803  5784  7483 I ImsGuardUnit[1]: getImsProfileList value: [1, 2, 3, 4, 8]
02-13 03:33:32.803  5784  5784 D RadioMessenger: handleMessage Request msgid 2158
02-13 03:33:32.803  5784  5784 D RadioProxyJ[1]: [5211]> getImsProfileApn profileIndex:1
02-13 03:33:32.804  3311  3327 D QmiWdsClient: getImsProfileApn : enter 
02-13 03:33:32.807  5511  5511 D SatelliteController: Satellite for carrier is not supported.
02-13 03:33:32.807  3311  4357 D QmiWdsClient: getImsProfileApn: get apn_name success
02-13 03:33:32.807  3311  3327 D WdsProxy: handleMessage msg is 4001
02-13 03:33:32.807  3311  3327 D RadioProxy: getImsProfileApn : response cb for instance 1
02-13 03:33:32.807  5784  5852 D RadioProxyJ[1]: [5211]< getImsProfileApnResponse 
02-13 03:33:32.807  5784  5784 D MessengerResponseHandler: handleMessage Response msgid 149
02-13 03:33:32.807  5784  7483 I ImsGuardUnit[1]: getImsProfileApn value: 
02-13 03:33:32.807  5511  5511 D SatelliteController: Satellite for carrier is not supported.
02-13 03:33:32.807  5511  5511 D SatelliteController: registerForSatelliteModemStateChanged: add Listeners for ModemState
02-13 03:33:32.807  5511  5511 E SatelliteController: registerForSatelliteModemStateChanged: mSatelliteSessionController is not initialized yet
02-13 03:33:32.807  5784  5784 D RadioMessenger: handleMessage Request msgid 2158
02-13 03:33:32.807  5784  5784 D RadioProxyJ[1]: [5212]> getImsProfileApn profileIndex:2
02-13 03:33:32.808  3311  3327 D QmiWdsClient: getImsProfileApn : enter 
02-13 03:33:32.808  5511  5511 D SatelliteController: registerForSatelliteModemStateChanged: add Listeners for ModemState
02-13 03:33:32.808  5511  5511 E SatelliteController: registerForSatelliteModemStateChanged: mSatelliteSessionController is not initialized yet
02-13 03:33:32.809  5511  5511 E m.android.phone: Invalid resource ID 0x00000000.
02-13 03:33:32.810  3311  4357 D QmiWdsClient: getImsProfileApn: get apn_name success
02-13 03:33:32.810  3311  3327 D WdsProxy: handleMessage msg is 4001
02-13 03:33:32.810  3311  3327 D RadioProxy: getImsProfileApn : response cb for instance 1
02-13 03:33:32.810  5784  5852 D RadioProxyJ[1]: [5212]< getImsProfileApnResponse ims
02-13 03:33:32.810  5511  5511 W Settings: Setting airplane_mode_on has moved from android.provider.Settings.System to android.provider.Settings.Global, returning read-only value.
02-13 03:33:32.810  5784  5784 D MessengerResponseHandler: handleMessage Response msgid 149
02-13 03:33:32.810  5784  7483 I ImsGuardUnit[1]: getImsProfileApn value: ims
02-13 03:33:32.810  5784  7483 E ImsGuardUnit[1]: Correct ImsProfileApn name: ims
02-13 03:33:32.810  5784  7483 E ImsGuardUnit[1]: isImsProfileBroken false
02-13 03:33:32.810  5784  7483 I ImsGuardUnit[1]: getImsStatus, IMS is stall, isImsNecessaryforVoice: false
02-13 03:33:32.810  5784  7483 I ImsGuardUnit[1]: onRunAlarmEnd, run level 1 guard
02-13 03:33:32.810  5784  7483 I ImsGuardUnit[1]: isTryingVoWifi, isWifiConnected false
02-13 03:33:32.811  5337  5337 D HeadsUpContainerWindow: notifySizeOrLocationChanged::SkRegion((0,0,1272,189)(0,189,48,541)(1224,189,1272,541)(0,541,1272,2772))
02-13 03:33:32.812  5511  5511 D ServiceStateProvider: subId=1
02-13 03:33:32.812  5511  6600 E SatelliteController: registerForSatelliteCommunicationAccessStateChanged: SatelliteManager is null
02-13 03:33:32.812  5511  6600 D SatelliteController: isCarrierRoamingNtnEligible: satellite access is not allowed
02-13 03:33:32.812  5511  6600 D SatelliteController: evaluateCarrierRoamingNtnEligibilityChange: isCarrierRoamingNtnEligible=false
02-13 03:33:32.812  5511  6600 D SatelliteController: getSelectedSatelliteSubId: subId=-1
02-13 03:33:32.812  5511  6600 D SatelliteController: notifyNtnEligibility: phoneId=0 currentNtnEligibility=false
02-13 03:33:32.812  5511  6600 V SatelliteController: getWwanIsInService: return true
02-13 03:33:32.814  5784  7483 I ImsGuardUnit[1]: updatePendingState, level: 1, pendingCause: 0
02-13 03:33:32.814  5784  7483 I ImsGuardUnit[1]: doGuardActionAndStartWaitAlarm, level 1
02-13 03:33:32.814  5784  7483 I ImsGuardUnit[1]: isTryingVoWifi, isWifiConnected false
02-13 03:33:32.814  5784  7483 I ImsGuardUnit[1]: doGuardActionAndStartWaitAlarm, actionItem 1
02-13 03:33:32.815  5511  6600 D SatelliteController: updateLastNotifiedNtnModeAndNotify: subId=1 initialized=true lastNotifiedNtnMode=false currNtnMode=false
02-13 03:33:32.815  5511  6600 D SatelliteController: iisInCarrierRoamingNbIotNtn: satellite is disabled
02-13 03:33:32.816  5511  5511 D SatelliteController: iisInCarrierRoamingNbIotNtn: satellite is disabled
02-13 03:33:32.817  5511  6600 V SatelliteController: getWwanIsInService: return true
02-13 03:33:32.817  5511  7378 D AutoDualCardRoamingDemand: onServiceStateChanged judgeToShowDialog begin sim1 state:0
02-13 03:33:32.817  5634  5634 I QImsService: OplusPhoneStateTracker : onServiceStateChanged
02-13 03:33:32.818  5541  7462 I SmartDataSwitchGameStrategy: [NoGameState]processMessage:EVENT_SERVICE_STATE_CHANGED
02-13 03:33:32.818  5541  7462 I SmartDataSwitchGameStrategy: [NoGameState]updateCidWithServiceState update cid for phone:0 from: 717062 to: 2147483647 under rat: 13
02-13 03:33:32.818  5511  6600 D SatelliteController: updateLastNotifiedNtnModeAndNotify: subId=2 initialized=true lastNotifiedNtnMode=false currNtnMode=false
02-13 03:33:32.818  5511  6600 D SatelliteController: iisInCarrierRoamingNbIotNtn: satellite is disabled
02-13 03:33:32.818  5541  5910 D NAS-CallIssueDetector: onServiceStateChanged
02-13 03:33:32.818  5541  5910 D OplusCiwlanController: [vodata] processServiceStateChanged  phoneid = 0, original roaming type = 0,roaming type = 0
02-13 03:33:32.818  5541  5910 D OplusCiwlanController: [vodata] processServiceStateChanged  phoneid = 1, original roaming type = 3,roaming type = 3
02-13 03:33:32.818  5541  5906 D EventManager: onServiceStateChanged subId = 1, mDdsSubId = 1
02-13 03:33:32.818  5541  5906 D TelephonyImpl: getRealNrState start:0
02-13 03:33:32.819  5541  5908 D OplusLinkBoostCommon: dds servicestate change
02-13 03:33:32.819  5784  5784 D SubsysEventListenerManager-SubsysTelephonyCallback[0]: onServiceStateChanged
02-13 03:33:32.819  5784  5784 D QuickChangeAirplaneModeEvent: onServiceStateChanged slotId:0
02-13 03:33:32.819  5784  5784 D NetworkService[0]: onServiceStateChanged, NetworkType:18
02-13 03:33:32.820  5337  5337 D Tile.OplusCellularTile: refreshState: tile not listening, ignore
02-13 03:33:32.820  5784  5784 E ExtremeCommUtils: getSwitchRusSupportMcc invalid index 1
02-13 03:33:32.820  5784  5784 D ExtremeCommUtils: isSupporCheck rusContain:false,propContain(persist.sys.oplus.support_hyper_uplink_mcc):false
02-13 03:33:32.820  5784  5784 D ExtremeCommService: handleServiceStateChanged mStartExtremeComm:false,isExpectMcc(isSupportHyperUplink):false(234)
02-13 03:33:32.820  5784  5784 E ExtremeCommUtils: getSwitchRusSupportMcc invalid index 4
02-13 03:33:32.820  5784  5784 D ExtremeCommUtils: isSupporCheck rusContain:false,propContain(persist.sys.oplus.support_cloud_data_mcc):false
02-13 03:33:32.820  5784  5784 D MsimSubModeManager: registTelephonyEvent onServiceStateChanged eventId:3, VoiceRegState:0, DataRegState:0
02-13 03:33:32.820  5511  7109 D ImsEnablementTracker: [1][2]disableIms, component:ComponentInfo{org.codeaurora.ims/org.codeaurora.ims.ImsService}
02-13 03:33:32.820  5784  5784 D MsimSubModeManager: handleMessage what:3
02-13 03:33:32.820  5784  5784 D MsimSubModeManager: getMsimSimServiceIn() i:0,mServiceState:0
02-13 03:33:32.820  5784  5784 D MsimSubModeManager: getMsimSimServiceIn() i:1,mServiceState:0
02-13 03:33:32.820  5784  5784 D MsimSubModeManager: EVENT_SERVICE_STATE_CHANGED
02-13 03:33:32.820  5784  7483 D ImsGuardUnit[1]: guardActionIMSOffOn QC disableIms
02-13 03:33:32.820  5511  7425 D ImsEnablementTracker: [1]Enabled state:processMessage. msg.what=COMMAND_DISABLE_MSG,component:ComponentInfo{org.codeaurora.ims/org.codeaurora.ims.ImsService}
02-13 03:33:32.820  5511  7425 D ImsEnablementTracker: [1]Disabling state:enter
02-13 03:33:32.820  5511  7425 D ImsEnablementTracker: getRemainThrottleTime:0
02-13 03:33:32.820  5511  7425 D ImsEnablementTracker: [1]Disabling state:processMessage. msg.what=COMMAND_DISABLING_DONE,component:ComponentInfo{org.codeaurora.ims/org.codeaurora.ims.ImsService}
02-13 03:33:32.820  5511  7425 D ImsEnablementTracker: [1][2]sendDisableIms componentName[ComponentInfo{org.codeaurora.ims/org.codeaurora.ims.ImsService}]
02-13 03:33:32.820  5511  7425 D ImsEnablementTracker: [1]Disabled state:enter
02-13 03:33:32.821  5634  5634 I QImsService: ImsService : disableIms :: slotId=1
02-13 03:33:32.822  5337  5337 D HeadsUpContainerWindow: notifySizeOrLocationChanged::SkRegion((0,0,1272,187)(0,187,48,539)(1224,187,1272,539)(0,539,1272,2772))
02-13 03:33:32.827  5337  5477 I SystemUi--Statusbar: MobileConnectionRepositoryImpl-->subId:1 isSoftSimCard:false slotId:0
02-13 03:33:32.827  5784  5784 D SubsysEventListenerManager-SubsysTelephonyCallback[0]: onCellLocationChanged
02-13 03:33:32.829  5784  7483 I ImsGuardUnit[1]: startAlarm isRunAlarm: false, level: 1, timer: 60000
02-13 03:33:32.829  5784  7483 I ImsGuardUnit[0]: onServiceStateChanged
02-13 03:33:32.829  5784  7483 I ImsGuardUnit[0]: handleMessage: 4
02-13 03:33:32.829  5784  7483 D TelephonyManagerProxy: isImsValid soltId: 0
02-13 03:33:32.829  5634  5634 I QImsService: ImsSenderRxr : [0199]> REQUEST_IMS_REG_STATE_CHANGE [SUB1]
02-13 03:33:32.829  5634  5634 I QImsService: ImsSenderRxr : REQUEST_IMS_REG_STATE_CHANGE request to ImsRadio - token:199 RegState2
02-13 03:33:32.824  3634  4716 W ContextImpl: Calling a method in the system process without a qualified user: android.app.ContextImpl.sendBroadcastMultiplePermissions:1331 android.content.Context.sendBroadcastMultiplePermissions:2583 com.android.server.TelephonyRegistry.broadcastServiceStateChanged:4232 com.android.server.TelephonyRegistry.notifyServiceStateForPhoneId:1873 com.android.internal.telephony.ITelephonyRegistry$Stub.onTransact:613 
02-13 03:33:32.830  3634  4716 W ContextImpl: Calling a method in the system process without a qualified user: android.app.ContextImpl.sendBroadcastMultiplePermissions:1364 com.android.server.TelephonyRegistry.broadcastServiceStateChanged:4236 com.android.server.TelephonyRegistry.notifyServiceStateForPhoneId:1873 com.android.internal.telephony.ITelephonyRegistry$Stub.onTransact:613 android.os.Binder.execTransactInternal:1439 
02-13 03:33:32.832  3634  4716 W ContextImpl: Calling a method in the system process without a qualified user: android.app.ContextImpl.sendBroadcastMultiplePermissions:1364 com.android.server.TelephonyRegistry.broadcastServiceStateChanged:4245 com.android.server.TelephonyRegistry.notifyServiceStateForPhoneId:1873 com.android.internal.telephony.ITelephonyRegistry$Stub.onTransact:613 android.os.Binder.execTransactInternal:1439 
02-13 03:33:32.832  5511  5511 I Telephony: q0: TelecomAccountRegistry: onServiceStateChanged: newState=0, mServiceState=0
02-13 03:33:32.833  3634  4716 W ContextImpl: Calling a method in the system process without a qualified user: android.app.ContextImpl.sendBroadcastMultiplePermissions:1364 com.android.server.TelephonyRegistry.broadcastServiceStateChanged:4251 com.android.server.TelephonyRegistry.notifyServiceStateForPhoneId:1873 com.android.internal.telephony.ITelephonyRegistry$Stub.onTransact:613 android.os.Binder.execTransactInternal:1439 
02-13 03:33:32.833  5337  5337 D HeadsUpContainerWindow: notifySizeOrLocationChanged::SkRegion((0,0,1272,186)(0,186,48,538)(1224,186,1272,538)(0,538,1272,2772))
02-13 03:33:32.834  5634  7839 I QImsService: ImsRadioResponseAidl : Registration change response received[SUB1]
02-13 03:33:32.835  5634  7839 I QImsService: ImsSenderRxr : [0199]< REQUEST_IMS_REG_STATE_CHANGE [SUB1]
02-13 03:33:32.835  5511  5511 I Telephony: isRttCurrentlySupported -- regular acct, hasVoiceAvailability: true
02-13 03:33:32.835  5511  5511 I Telephony:  isRttSupported: false
02-13 03:33:32.835  5511  5511 I Telephony:  isUserRttSettingOn: false
02-13 03:33:32.835  5511  5511 I Telephony:  alwaysAllowWhileRoaming: false
02-13 03:33:32.835  5511  5511 I Telephony:  isRoaming: false
02-13 03:33:32.835  5511  5511 I Telephony:  isOnWfc: true
02-13 03:33:32.835  5337  5337 I KeyguardUpdateMonitor: action=android.intent.action.SERVICE_STATE subId=1 slotId=0
02-13 03:33:32.836  5337  5416 I SystemUi--QuickSettings: Tile.OplusCellularTile-->updateCarrierText: dialog not showing, ignore
02-13 03:33:32.836  5634  5634 I QImsService: ImsServiceSubHandler : Message received: what = 9
02-13 03:33:32.839  3311  4282 D QmiClient: qmiServiceEventCallback recv msg id 1085
02-13 03:33:32.840  3311  4282 D QmiClient: enter -mServiceType 4 onQmiServiceEventCallback msgId 1085
02-13 03:33:32.840  3311  4282 D QmiClient: onQmiServiceEventCallback - enter. msgId=1085
02-13 03:33:32.840  3311  4282 D QmiVsClientEvent: qmiVsClientNotifyNecEvent - RADIO_EVENT_NEC_IND
02-13 03:33:32.840  5337  5337 I SystemUi--Keyguard: OplusEmergencyButtonExImpl-->updateEmergencyCallButton: isTablet=false isWifiOnly=false isInCall=false visible=true
02-13 03:33:32.840  4678  4683 E imsd    : DaemonBaseImpl.cpp | 121 | | 4683 |processEvents[bda75018]: Event for fd[16]
02-13 03:33:32.840  4678  4683 E imsd    : handshakeHandler.cpp | 517 | | 4683 |handleEvent: evtName [ImsSocketEvent]
02-13 03:33:32.840  4678  4683 E imsd    : handshakeHandler.cpp | 659 | | 4683 |readSocket: bytes_read [49]
02-13 03:33:32.840  4678  4683 E imsd    : handshakeHandler.cpp | 663 | | 4683 |recvFrom: [49]
02-13 03:33:32.840  4678  4683 E imsd    : handshakeHandler.cpp | 659 | | 4683 |readSocket: bytes_read [-1]
02-13 03:33:32.840  4678  4683 E imsd    : handshakeHandler.cpp | 668 | | 4683 |readSocket: done reading socket
02-13 03:33:32.840  4678  4683 E imsd    : handshakeHandler.cpp | 517 | | 4683 |handleEvent: evtName [HandshakeMessageEvent]
02-13 03:33:32.840  4678  4683 E imsd    : handshakeHandler.cpp | 546 | | 4683 |handleIncomingPacket: start
02-13 03:33:32.840  4678  4683 E imsd    : handshakeHandler.cpp | 701 | | 4683 |HandshakeMessage: buffLen[49], iOffset[3]
02-13 03:33:32.840  4678  4683 E imsd    : handshakeHandler.cpp | 587 | | 4683 |handleIncomingPacket: recvd QP_HS_IPC_NET_SEND_DATA: Modem IpcId [671676720] to IpcId[679025196]
02-13 03:33:32.840  4678  4683 E imsd    : handshakeHandler.cpp | 595 | | 4683 |handleIncomingPacket: dispatch to RcsProxy
02-13 03:33:32.840  4678  4683 E imsd    : DcsProxy.cpp | 121 | | 4683 |DcsProxy:: onIPCMessageReceived::incoming DCS packet of size[24] for ipcType[0]
02-13 03:33:32.840  4678  4683 E imsd    : DcsProxy.cpp | 352 | | 4683 |DcsProxy::ProcessDcsProxyIPCMessage
02-13 03:33:32.840  4678  4683 E imsd    : ImsTimer.cpp | 163 | | 4683 |ImsTimer: ImsTimer stopall
02-13 03:33:32.840  4678  4683 E imsd    : DcsProxy.cpp | 362 | | 4683 |DcsProxy::ProcessDcsProxyIPCMessage: 16
02-13 03:33:32.840  4678  4683 E imsd    : DcsIpcMessage.cpp | 14 | | 4683 |DcsIpcMessage::ctor start [xbda43f50]
02-13 03:33:32.840  4678  4683 E imsd    : DcsProxy.cpp | 367 | | 4683 |DcsProxy::ProcessDcsProxyIPCMessage: created DcsIpcIndication[bda43f50]
02-13 03:33:32.840  4678  4683 E imsd    : DcsIpcMessage.cpp | 201 | | 4683 |DcProxy::ProcessDcsProxyIPCMessage iIpcBufferLen [1]
02-13 03:33:32.840  4678  4683 E imsd    : DcsIpcMessage.cpp | 209 | | 4683 |DcProxy::ProcessDcsProxyIPCMessage IPC Type [703], iClientCmdId[0] DcRequestSeq [0] 
02-13 03:33:32.840  4678  4683 E imsd    : DcsIpcMessage.cpp | 211 | | 4683 |DcProxy::ProcessDcsProxyIPCMessage IPC DcsIpcResponseStatus [0] iIpcBufferLen [1] iInstId [2] 
02-13 03:33:32.840  4678  4683 E imsd    : DcsProxy.cpp | 432 | | 4683 |DcsProxy::ProcessDcsProxyIPCMessage recd DCS_IPC_ID_SERVICEAVAILABLE_IND
02-13 03:33:32.840  4678  4683 E imsd    : DcsProxy.cpp | 466 | | 4683 |DcsProxy::ProcessDcsProxyIPCMessage DCS_IPC_ID_SERVICEAVAILABLE_IND IMS Registration false
02-13 03:33:32.840  4678  4683 E imsd    : DcsIpcMessage.cpp | 122 | | 4683 |imsdatachanneld : DcsIpcMessage::getUserData:PUserData.ms32bits : [0], LSB [0]
02-13 03:33:32.840  4678  4683 E imsd    : DataChannelServiceImpl.cpp | 169 | | 4683 |DataChannel_ServiceImpl - <API SVC CTX> handleIpcIndication Passed indicationeIndicationType [0x5]Request Id [0]iIPCID [0]UserData [0]instanceId [2]
02-13 03:33:32.840  4678  4683 E imsd    : DcsProxy.cpp | 495 | | 4683 |DcsProxy::ProcessDcsProxyIPCMessage deleting [bda43f50] 
02-13 03:33:32.840  4678  4683 E imsd    : DcsIpcMessage.cpp | 35 | | 4683 |DcsIpcMessage::dtor start [xbda43f50]
02-13 03:33:32.840  4678  4683 E imsd    : DcsIpcMessage.cpp | 37 | | 4683 |DcsIpcMessage::dtor End
02-13 03:33:32.840  4678  4683 E imsd    : DcsProxy.cpp | 498 | | 4683 |DcsProxy::ProcessDcsProxyIPCMessage End
02-13 03:33:32.841  5784  8376 D CommonApp-157-10711: transport layer data is invalid
02-13 03:33:32.841 16056 16056 D CellBroadcastReceiver: onReceive Intent { act=android.intent.action.SERVICE_STATE flg=0x1000010 xflg=0x4 cmp=com.google.android.cellbroadcastreceiver/com.android.cellbroadcastreceiver.CellBroadcastReceiver (has extras) }
02-13 03:33:32.841 16056 16056 D CellBroadcastReceiver: onServiceStateChanged, ss: 0
02-13 03:33:32.841 16056 16056 D CellBroadcastReceiver: networkOperator: 23420
02-13 03:33:32.841  3311  4282 D QmiClient: qmiServiceEventCallback recv msg id 1085
02-13 03:33:32.841  3311  4282 D QmiClient: enter -mServiceType 4 onQmiServiceEventCallback msgId 1085
02-13 03:33:32.841  3311  4282 D QmiClient: onQmiServiceEventCallback - enter. msgId=1085
02-13 03:33:32.841  3311  4282 D QmiVsClientEvent: qmiVsClientNotifyNecEvent - RADIO_EVENT_NEC_IND
02-13 03:33:32.841  3311  4282 D QmiClient: qmiServiceEventCallback recv msg id 1085
02-13 03:33:32.841  3311  4282 D QmiClient: enter -mServiceType 4 onQmiServiceEventCallback msgId 1085
02-13 03:33:32.841  3311  4282 D QmiClient: onQmiServiceEventCallback - enter. msgId=1085
02-13 03:33:32.841  3311  4282 D QmiVsClientEvent: qmiVsClientNotifyNecEvent - RADIO_EVENT_NEC_IND
02-13 03:33:32.841 16056 16056 D CellBroadcastReceiver: update supported roaming operator as 
02-13 03:33:32.841  5337  5416 D SimStateHelper: sts slot:0, lock state:-1
02-13 03:33:32.842  4678  4683 E imsd    : DaemonBaseImpl.cpp | 121 | | 4683 |processEvents[bda75018]: Event for fd[16]
02-13 03:33:32.842  4678  4683 E imsd    : handshakeHandler.cpp | 517 | | 4683 |handleEvent: evtName [ImsSocketEvent]
02-13 03:33:32.842  4678  4683 E imsd    : handshakeHandler.cpp | 659 | | 4683 |readSocket: bytes_read [49]
02-13 03:33:32.842  4678  4683 E imsd    : handshakeHandler.cpp | 663 | | 4683 |recvFrom: [49]
02-13 03:33:32.842  4678  4683 E imsd    : handshakeHandler.cpp | 659 | | 4683 |readSocket: bytes_read [-1]
02-13 03:33:32.842  4678  4683 E imsd    : handshakeHandler.cpp | 668 | | 4683 |readSocket: done reading socket
02-13 03:33:32.842  4678  4683 E imsd    : handshakeHandler.cpp | 517 | | 4683 |handleEvent: evtName [HandshakeMessageEvent]
02-13 03:33:32.842  4678  4683 E imsd    : handshakeHandler.cpp | 546 | | 4683 |handleIncomingPacket: start
02-13 03:33:32.842  4678  4683 E imsd    : handshakeHandler.cpp | 701 | | 4683 |HandshakeMessage: buffLen[49], iOffset[3]
02-13 03:33:32.842  4678  4683 E imsd    : handshakeHandler.cpp | 587 | | 4683 |handleIncomingPacket: recvd QP_HS_IPC_NET_SEND_DATA: Modem IpcId [671676720] to IpcId[679025196]
02-13 03:33:32.842  4678  4683 E imsd    : handshakeHandler.cpp | 595 | | 4683 |handleIncomingPacket: dispatch to RcsProxy
02-13 03:33:32.842  4678  4683 E imsd    : DcsProxy.cpp | 121 | | 4683 |DcsProxy:: onIPCMessageReceived::incoming DCS packet of size[24] for ipcType[0]
02-13 03:33:32.842  4678  4683 E imsd    : DcsProxy.cpp | 352 | | 4683 |DcsProxy::ProcessDcsProxyIPCMessage
02-13 03:33:32.842  4678  4683 E imsd    : ImsTimer.cpp | 163 | | 4683 |ImsTimer: ImsTimer stopall
02-13 03:33:32.842  4678  4683 E imsd    : DcsProxy.cpp | 362 | | 4683 |DcsProxy::ProcessDcsProxyIPCMessage: 16
02-13 03:33:32.842  4678  4683 E imsd    : DcsIpcMessage.cpp | 14 | | 4683 |DcsIpcMessage::ctor start [xbda43f50]
02-13 03:33:32.842  4678  4683 E imsd    : DcsProxy.cpp | 367 | | 4683 |DcsProxy::ProcessDcsProxyIPCMessage: created DcsIpcIndication[bda43f50]
02-13 03:33:32.842  4678  4683 E imsd    : DcsIpcMessage.cpp | 201 | | 4683 |DcProxy::ProcessDcsProxyIPCMessage iIpcBufferLen [1]
02-13 03:33:32.842  4678  4683 E imsd    : DcsIpcMessage.cpp | 209 | | 4683 |DcProxy::ProcessDcsProxyIPCMessage IPC Type [703], iClientCmdId[0] DcRequestSeq [0] 
02-13 03:33:32.842  4678  4683 E imsd    : DcsIpcMessage.cpp | 211 | | 4683 |DcProxy::ProcessDcsProxyIPCMessage IPC DcsIpcResponseStatus [0] iIpcBufferLen [1] iInstId [2] 
02-13 03:33:32.842  4678  4683 E imsd    : DcsProxy.cpp | 432 | | 4683 |DcsProxy::ProcessDcsProxyIPCMessage recd DCS_IPC_ID_SERVICEAVAILABLE_IND
02-13 03:33:32.842  4678  4683 E imsd    : DcsProxy.cpp | 466 | | 4683 |DcsProxy::ProcessDcsProxyIPCMessage DCS_IPC_ID_SERVICEAVAILABLE_IND IMS Registration false
02-13 03:33:32.842  4678  4683 E imsd    : DcsIpcMessage.cpp | 122 | | 4683 |imsdatachanneld : DcsIpcMessage::getUserData:PUserData.ms32bits : [0], LSB [0]
02-13 03:33:32.842  4678  4683 E imsd    : DataChannelServiceImpl.cpp | 169 | | 4683 |DataChannel_ServiceImpl - <API SVC CTX> handleIpcIndication Passed indicationeIndicationType [0x5]Request Id [0]iIPCID [0]UserData [0]instanceId [2]
02-13 03:33:32.842  4678  4683 E imsd    : DcsProxy.cpp | 495 | | 4683 |DcsProxy::ProcessDcsProxyIPCMessage deleting [bda43f50] 
02-13 03:33:32.842  4678  4683 E imsd    : DcsIpcMessage.cpp | 35 | | 4683 |DcsIpcMessage::dtor start [xbda43f50]
02-13 03:33:32.842  4678  4683 E imsd    : DcsIpcMessage.cpp | 37 | | 4683 |DcsIpcMessage::dtor End
02-13 03:33:32.842  4678  4683 E imsd    : DcsProxy.cpp | 498 | | 4683 |DcsProxy::ProcessDcsProxyIPCMessage End
02-13 03:33:32.842  3311  3324 D VsProxy : handleMessage msg is 2403
02-13 03:33:32.842  3311  3324 D VsProxy : handleNecInd for instance 1
02-13 03:33:32.842  3311  3324 D VsProxy : handleMessage msg is 2403
02-13 03:33:32.842  3311  3324 D VsProxy : handleNecInd for instance 1
02-13 03:33:32.842  3311  3324 D VsProxy : handleMessage msg is 2403
02-13 03:33:32.842  3311  3324 D VsProxy : handleNecInd for instance 1
02-13 03:33:32.842  5784 17698 D SubsysRadioIndication[1]: radioNecInd 
02-13 03:33:32.842  2274  5198 D AudioPolicyService: updateUidStates_l() current->uid=10778 current->pid=14995 allowCapture=1 UidState=4 apmStat=1
02-13 03:33:32.843  5784 17698 D SubsysRadioIndication[1]: radioNecInd 
02-13 03:33:32.843  2274  5198 D AudioPolicyService: updateUidStates_l() current->uid=10778 current->pid=14995 allowCapture=1 UidState=4 apmStat=1
02-13 03:33:32.843  5784  8376 D CommonApp-158-10711: transport layer data is invalid
02-13 03:33:32.843  5784 17698 D SubsysRadioIndication[1]: radioNecInd 
02-13 03:33:32.843  5784  8376 D CommonApp-104-10711: udp pk is bigger than tcpPk,regard it as normal network
02-13 03:33:32.843  5784  8376 D CommonApp-104-10711: notifyScoreChange appScene COMMON score 100
02-13 03:33:32.843  3634  5050 D OplusL3Monitor: linkIndex=31, networkId=0, ignore
02-13 03:33:32.843  5784  8376 D ScorePolicy: handleScoreChanged: []
02-13 03:33:32.843  5784  8376 D ScorePolicy: handleScoreChanged: []
02-13 03:33:32.843  5784  8376 D ScorePolicy: handleScoreChanged: []
02-13 03:33:32.843  5511  5511 I Telephony: isRttCurrentlySupported -- regular acct, hasVoiceAvailability: false
02-13 03:33:32.843  5511  5511 I Telephony:  isRttSupported: false
