02-13 03:32:59.936  1967  6334 I sensors-hal: handle_oplus_wise_rgb_event:161, wise_rgb: (48740)(cct, lux, ir)[5300.00, 6.70, 0.000000] (r, g, b, c)[345.10, 292.40, 175.63, 803.88]                 (pwm, hbm, brl, algo)[0.0 0.0 514.0 2.0], flag 20129
02-13 03:32:59.938  1967  4499 I sensors-hal: handle_oplus_wise_rgb_event:189, high_pwm_light:lux 6.7,cct 5300.0,brl/algo/ir 514.0/2.0/0.0,pwm/dc 0.0/0.0,rgbc 353.869293/292.402985/182.134109/800.844482,ts 6228315932953,cnt 48738,flag 20129
02-13 03:33:00.000  3434  4459 V AlarmManager: sending alarm Alarm{323e6cf type 3 origWhen 6228627 whenElapsed 6228627 android} uid 1000 whenElapsed 6228627 windowLength 0 maxWhenElapsed 6228627 repeatInterval 0 action null component null tag TIME_TICK flags 0x9 procName system_server
02-13 03:33:00.004  3434  3434 D LightsServiceExtImpl: currentTime is not belong to 700 - 2330
02-13 03:33:00.004  4995  4995 I SystemUi--SystemUi--: Clock-->smallTime: 03:33
02-13 03:33:00.005  5308  5308 D SubsysBroadcastManager: onReceive action:android.intent.action.TIME_TICK
02-13 03:33:00.005  4995  4995 I SystemUi--SystemUi--: Clock-->smallTime: 03:33
02-13 03:33:00.005  3434  3766 D OplusDisplayBrightnessBroadcastReceiver: onReceive action = android.intent.action.TIME_TICK , listeners = [com.android.server.display.feature.ambience.events.event.TimeEvent$TimeChangeReceiver@c2c5927, com.android.server.display.color.eyeprotect.manager.AiCurveManager$RhythmBroadcastReceiverWithUpgradeUI@d3607d4]
02-13 03:33:00.005  4995  4995 I SystemUi--SystemUi--: Clock-->smallTime: 03:33
02-13 03:33:00.006  5108  5505 D AMC     : [TriggerSystem] handleLoopTick trigger:vowifihandover phoneId:0 voWifiHandoverCount:0
02-13 03:33:00.006  4995  4995 I SystemUi--SystemUi--: Clock-->smallTime: 03:33
02-13 03:33:00.006  5108  5505 D AMC     : [TriggerSystem] handleLoopTick trigger:vowifihandover phoneId:1 voWifiHandoverCount:0
02-13 03:33:00.006  5108  5505 I AMC     : [P-unroaming_card/0] execute single in triggers[0]:[loop:true][loop:true] successfully!
02-13 03:33:00.006  5108  5505 E AMC     : [P-unroaming_card/0] failed to execute check triggers, non active subId!
02-13 03:33:00.006  5108  5505 I AMC     : [P-unroaming_card/1] execute single in triggers[0]:[loop:true][loop:true] successfully!
02-13 03:33:00.010  4995  4995 I SystemUi--Notification: SimpleQsClock-->textWidth:104.0, mPaddingEnd 21, dynamicWidth 135, systemFontScale 0.9
02-13 03:33:00.011  3434  4311 D CompatChangeReporter: Compat change id reported: 297989574; UID 1000; state: ENABLED
02-13 03:33:00.015  5108  5505 I AMC     : [P-unroaming_card/1] execute check triggers[0]:[oos, psnoregt, csnoregt, airplane, mccmismatch] logical:and
02-13 03:33:00.015  5108  5505 E AMC     : [P-unroaming_card/1] execute failed check triggers[0]:[loop:true][oos:false, csnoregt:0, airplane:null]
02-13 03:33:00.017  6029 21693 D PhoneUsageTime: lastChargeFullTime=1770953520009 LastChargeFullDurationTime=399199806
02-13 03:33:00.027  2139  2139 D SensorFeature: name=ssc_screenshot_info ,index = 22
02-13 03:33:00.027  2139  2139 D SensorFeature: write 35 bytes:6228307822206,6228652320956,20130,0
02-13 03:33:00.100  2038  2565 I SDM     : DisplayBuiltIn::IdlePowerCollapse: IPC received, disabling partial update for one frame
02-13 03:33:00.201  1967  6334 I sensors-hal: handle_oplus_wise_rgb_event:161, wise_rgb: (48745)(cct, lux, ir)[5300.00, 6.52, 0.000000] (r, g, b, c)[353.87, 295.45, 178.88, 803.88]                 (pwm, hbm, brl, algo)[0.0 0.0 514.0 2.0], flag 20130
02-13 03:33:00.202  5308 19621 D CommonApp-100-10742: transport layer data is invalid
02-13 03:33:00.204  5308 19621 D CommonApp-101-10742: udp pk is bigger than tcpPk,regard it as normal network
02-13 03:33:00.204  5308 19621 D CommonApp-101-10742: notifyScoreChange appScene COMMON score 100
02-13 03:33:00.205  3434  4677 D OplusL3Monitor: linkIndex=30, networkId=0, ignore
02-13 03:33:00.205  5308 19621 D ScorePolicy: handleScoreChanged: []
02-13 03:33:00.205  5308 19621 D ScorePolicy: handleScoreChanged: []
02-13 03:33:00.205  5308 19621 D ScorePolicy: handleScoreChanged: []
02-13 03:33:00.214  1967  6350 I sensors-hal: handle_sns_std_sensor_event:114, oplus rgb_rear sample: (cct, lux, ir, x, y)[8378, 0, 150000, 305, 260]
02-13 03:33:00.214  1967  6350 I sensors-hal: handle_sns_std_sensor_event:116, oplus rgb_rear sample: (r, g, b, c w)[3, 3, 3, 2, 3]
02-13 03:33:00.364  2139  2139 D SensorFeature: name=ssc_screenshot_info ,index = 22
02-13 03:33:00.364  2139  2139 D SensorFeature: write 35 bytes:6228938002362,6228989555175,20131,0
02-13 03:33:00.368  2038  2565 I SDM     : DisplayBuiltIn::IdlePowerCollapse: IPC received, disabling partial update for one frame
02-13 03:33:00.466  1967  4499 I sensors-hal: handle_oplus_wise_rgb_event:189, high_pwm_light:lux 6.5,cct 5300.0,brl/algo/ir 514.0/2.0/0.0,pwm/dc 0.0/0.0,rgbc 374.341095/310.678162/208.153275/828.145996,ts 6228945839099,cnt 48748,flag 20131
02-13 03:33:00.467  1967  6334 I sensors-hal: handle_oplus_wise_rgb_event:161, wise_rgb: (48750)(cct, lux, ir)[5300.00, 6.47, 0.000000] (r, g, b, c)[356.79, 289.36, 178.88, 800.84]                 (pwm, hbm, brl, algo)[0.0 0.0 514.0 2.0], flag 20131
02-13 03:33:00.584  2038  2565 I SDM     : DisplayBuiltIn::IdlePowerCollapse: IPC received, disabling partial update for one frame
02-13 03:33:00.633  3434  4310 D CompressAction: set affinity failed.
02-13 03:33:00.634  3434  4310 E OsenseCommonUtils: write /dev/memcg/memory.force_shrink_file failed
02-13 03:33:00.634  3434  4310 E OsenseCommonUtils: java.io.IOException: write failed: EBUSY (Device or resource busy)
02-13 03:33:00.634  3434  4310 E OsenseCommonUtils: 	at libcore.io.IoBridge.write(IoBridge.java:651)
02-13 03:33:00.634  3434  4310 E OsenseCommonUtils: 	at java.io.FileOutputStream.write(FileOutputStream.java:436)
02-13 03:33:00.634  3434  4310 E OsenseCommonUtils: 	at sun.nio.cs.StreamEncoder.writeBytes(StreamEncoder.java:233)
02-13 03:33:00.634  3434  4310 E OsenseCommonUtils: 	at sun.nio.cs.StreamEncoder.implFlushBuffer(StreamEncoder.java:309)
02-13 03:33:00.634  3434  4310 E OsenseCommonUtils: 	at sun.nio.cs.StreamEncoder.implFlush(StreamEncoder.java:313)
02-13 03:33:00.634  3434  4310 E OsenseCommonUtils: 	at sun.nio.cs.StreamEncoder.flush(StreamEncoder.java:153)
02-13 03:33:00.634  3434  4310 E OsenseCommonUtils: 	at java.io.OutputStreamWriter.flush(OutputStreamWriter.java:248)
02-13 03:33:00.634  3434  4310 E OsenseCommonUtils: 	at com.android.server.oplus.osense.utils.OsenseCommonUtils.writeFile(OsenseCommonUtils.java:154)
02-13 03:33:00.634  3434  4310 E OsenseCommonUtils: 	at com.android.server.am.OplusOsenseCompressAction.doGlobalShrink(OplusOsenseCompressAction.java:1886)
02-13 03:33:00.634  3434  4310 E OsenseCommonUtils: 	at com.android.server.am.OplusOsenseCompressAction.-$$Nest$mdoGlobalShrink(Unknown Source:0)
02-13 03:33:00.634  3434  4310 E OsenseCommonUtils: 	at com.android.server.am.OplusOsenseCompressAction$CompressHandler.handleMessage(OplusOsenseCompressAction.java:1334)
02-13 03:33:00.634  3434  4310 E OsenseCommonUtils: 	at android.os.Handler.dispatchMessage(Handler.java:115)
02-13 03:33:00.634  3434  4310 E OsenseCommonUtils: 	at android.os.Looper.loopOnce(Looper.java:298)
02-13 03:33:00.634  3434  4310 E OsenseCommonUtils: 	at android.os.Looper.loop(Looper.java:408)
02-13 03:33:00.634  3434  4310 E OsenseCommonUtils: 	at android.os.HandlerThread.run(HandlerThread.java:85)
02-13 03:33:00.634  3434  4310 E OsenseCommonUtils: Caused by: android.system.ErrnoException: write failed: EBUSY (Device or resource busy)
02-13 03:33:00.634  3434  4310 E OsenseCommonUtils: 	at libcore.io.Linux.writeBytes(Native Method)
02-13 03:33:00.634  3434  4310 E OsenseCommonUtils: 	at libcore.io.Linux.write(Linux.java:338)
02-13 03:33:00.634  3434  4310 E OsenseCommonUtils: 	at libcore.io.ForwardingOs.write(ForwardingOs.java:954)
02-13 03:33:00.634  3434  4310 E OsenseCommonUtils: 	at libcore.io.BlockGuardOs.write(BlockGuardOs.java:448)
02-13 03:33:00.634  3434  4310 E OsenseCommonUtils: 	at libcore.io.IoBridge.write(IoBridge.java:646)
02-13 03:33:00.634  3434  4310 E OsenseCommonUtils: 	... 14 more
02-13 03:33:00.696  2139  2139 D SensorFeature: name=ssc_screenshot_info ,index = 22
02-13 03:33:00.696  2139  2139 D SensorFeature: write 35 bytes:6229269984029,6229321827518,20132,0
02-13 03:33:00.701  2038  2565 I SDM     : DisplayBuiltIn::IdlePowerCollapse: IPC received, disabling partial update for one frame
02-13 03:33:00.731  3434  4452 D FusionLightNextGen: process end reported = 1, mode: 0, cnt: 23385, lux 10.6, cct 5300.0, r/g/b/c: 353.9/292.4/175.6/803.9, R/G/B: 17.0/18.0/22.0, bri 514.0, match 1.00, ir 0.014990, conf 2.0, ts 6229302026547
02-13 03:33:00.732  1967  6334 I sensors-hal: handle_oplus_wise_rgb_event:161, wise_rgb: (48755)(cct, lux, ir)[5300.00, 6.50, 0.000000] (r, g, b, c)[350.94, 289.36, 185.39, 806.91]                 (pwm, hbm, brl, algo)[0.0 0.0 514.0 2.0], flag 20132
02-13 03:33:00.739 10488 10488 I StepManager: Health_isHasExtendStepCounter | hasExtendStepCounter=false
02-13 03:33:00.740 10488 10488 I DefaultMode2: Health_enter syncStepStat
02-13 03:33:00.740 10488 10488 I PreferencesHelper: Health_getStepToday
02-13 03:33:00.741 10488 10488 I DefaultMode2: Health_syncStepStat date =20260213
02-13 03:33:00.741 10488 10488 I SportHealthDataAPI: commFun table is 
02-13 03:33:00.742 10488 24666 I SportHealthDataAPI: commFun: startTime = 1770953580741 table is 
02-13 03:33:00.747 10664 30236 W OplusExSystemServiceHelper: checkOplusExSystemService intent getComponent is null
02-13 03:33:00.749 10488 10773 I Api-SportHealthDataApi: onServiceConnected: ComponentInfo{com.heytap.health.international/com.heytap.databaseengineservice.SportHealthDataService}
02-13 03:33:00.749 10664 30236 I OIBinderPool: Health_queryBinder enter..
02-13 03:33:00.750 10664 22102 I DBSafe  : Health_no new data insert database
02-13 03:33:00.751 10488 10773 I SportHealthDataAPI: convert: iHealthManager = com.heytap.databaseengine.IHealthManager$Stub$Proxy@8ce3dca
02-13 03:33:00.751 10488 10662 I Api-SportHealthDataApi: getApiSync: retryTime=1 delay=10 mApi=true
02-13 03:33:00.752 10488 24666 I Api-SportHealthDataApi: getApiSync: delay=10 mApi=true e=null caller=
02-13 03:33:00.752 10488 24666 I SportHealthDataAPI: commFun: end = 1770953580752 table is 
02-13 03:33:00.752 10488 24666 I SportHealthDataAPI: insertSportHealthData: table = 1002, count:1
02-13 03:33:00.755 10488 10892 I SportHealthDataAPI: errorCode:101001
02-13 03:33:00.755 10488 10892 I DefaultMode2: Health_syncStepStat onResult
02-13 03:33:00.755 10488 10892 I DefaultMode2: Health_syncStepStat errorCode:101001
02-13 03:33:00.755 10488 10892 I SportHealthDataAPI: insertSportHealthData: endTime = 1770953580755
02-13 03:33:00.865  2163  2262 E BatteryDamageDetect: online status not satify
02-13 03:33:00.865  2163  2262 E BatteryDamageDetect: online status not satify
02-13 03:33:00.956  2038  2565 I SDM     : DisplayBuiltIn::IdlePowerCollapse: IPC received, disabling partial update for one frame
02-13 03:33:00.999  2139  2139 D SensorFeature: name=ssc_screenshot_info ,index = 22
02-13 03:33:00.999  2139  2139 D SensorFeature: write 35 bytes:6229269984029,6229624857518,20133,0
02-13 03:33:01.003  1967  4499 I sensors-hal: handle_oplus_wise_rgb_event:189, high_pwm_light:lux 6.5,cct 5300.0,brl/algo/ir 514.0/2.0/0.0,pwm/dc 0.0/0.0,rgbc 353.869293/292.402985/185.386505/806.911499,ts 6229567507276,cnt 48758,flag 20133
02-13 03:33:01.004  1967  6334 I sensors-hal: handle_oplus_wise_rgb_event:161, wise_rgb: (48760)(cct, lux, ir)[5300.00, 6.50, 0.000000] (r, g, b, c)[348.02, 289.36, 172.38, 806.91]                 (pwm, hbm, brl, algo)[0.0 0.0 514.0 2.0], flag 20133
02-13 03:33:01.004  3434  6325 I AICCTModule: SensorFilter: brightness threshold 1.2 screenNit is 14.878693 ave enviroment lux is 10.555512 luxForNit 31.09183demarcationPoint200.0 result is false
02-13 03:33:01.004  3434  6325 I AICCTModule: SensorFilter: findSecondNearestValue, sensorValue: 5300.0 nearestMaxValue:5300.0 secondNearestValue: 5300.0
02-13 03:33:01.004  3434  6325 I AICCTModule: SensorFilter: findSecondNearestValue, sensorValue: 10.423445 nearestMaxValue:10.423445 secondNearestValue: 10.423445
02-13 03:33:01.217  6502 10637 W OplusAtlasAudioDetectionManager: unexpected message !
02-13 03:33:01.218  6502 10637 D OplusAtlasService: isAppInRecording result :true
02-13 03:33:01.219  6502 10637 D OplusAtlasService: isAppInPlaying result :true
02-13 03:33:01.220  6502 10637 D OplusAtlasAudioDetectionManager: updateVoipNetInfo(pid 22428), newNetBytes=4275, newNetPackets=68
02-13 03:33:01.220  2269  2437 D DeviceHalAidl: [default] getParameters: keys: "get_audiodet_voip"
02-13 03:33:01.220  1973  1998 D AHAL_ModulePrimary_QTI: getVendorParameters: id count: 1
02-13 03:33:01.220  1973  1998 D PAL: ResourceManager: getActiveStream_l: 6807: streamType 6, stream_direction 2
02-13 03:33:01.220  1973  1998 D PAL: ResourceManager: getActiveStream_l: 6807: streamType 5, stream_direction 1
02-13 03:33:01.220  1973  1998 D PAL: StreamPCM: getParameters: 1278: Enter.
02-13 03:33:01.221  1973  1998 D PAL_OplusAudioDetect: getParameters: 398: Enter, enable value 1
02-13 03:33:01.221  1973  1998 D PAL_OplusPalAudioDetect: isAudioDetectEnable: 40: enter, get auddet enable state 1
02-13 03:33:01.221  1973  1998 D PAL: StreamPCM: getParameters: 1278: Enter.
02-13 03:33:01.226  5308 19621 D CommonApp-100-10742: transport layer data is invalid
02-13 03:33:01.226  5308 19621 D CommonApp-101-10742: udp pk is bigger than tcpPk,regard it as normal network
02-13 03:33:01.226  5308 19621 D CommonApp-101-10742: notifyScoreChange appScene COMMON score 100
02-13 03:33:01.226  5308 19621 D ScorePolicy: handleScoreChanged: []
02-13 03:33:01.226  5308 19621 D ScorePolicy: handleScoreChanged: []
02-13 03:33:01.227  5308 19621 D ScorePolicy: handleScoreChanged: []
02-13 03:33:01.230  1973  1998 I PAL: SessionAlsaUtils: getModuleInstanceId: 1268: tag_id 0xc0000103, MIID is 0x4335
02-13 03:33:01.230  1973  1998 D PAL_OplusAudioDetect: payloadAudDetParamsInfo: 132: payload 0xb4000071abc98350K size 80
02-13 03:33:01.230  1973  1998 I gsl     : gsl_send_spf_cmd:223 sending pkt opcode 0x1001007 token 0x00994000
02-13 03:33:01.230  1973  1998 I gsl     : gsl_send_spf_cmd:274 rcvd pkt token : 0x994000
02-13 03:33:01.230  1973  1998 D PAL_OplusAudioDetect: getDetectResult: 261: Exit. status 0
02-13 03:33:01.230  1973  1998 D PAL_OplusPalAudioDetect: getAuddetVoipParameters: 85: get param from voip_tx stream
02-13 03:33:01.230  1973  1998 D PAL: StreamPCM: getParameters: 1278: Enter.
02-13 03:33:01.230  1973  1998 D PAL_OplusAudioDetect: getParameters: 398: Enter, enable value 1
02-13 03:33:01.230  1973  1998 D PAL_OplusPalAudioDetect: isAudioDetectEnable: 40: enter, get auddet enable state 1
02-13 03:33:01.230  1973  1998 D PAL: StreamPCM: getParameters: 1278: Enter.
02-13 03:33:01.230  1973  1998 I PAL: SessionAlsaUtils: getModuleInstanceId: 1268: tag_id 0xc0000103, MIID is 0x4334
02-13 03:33:01.230  1973  1998 D PAL_OplusAudioDetect: payloadAudDetParamsInfo: 132: payload 0xb4000071abc98350K size 80
02-13 03:33:01.231  1973  1998 I gsl     : gsl_send_spf_cmd:223 sending pkt opcode 0x1001007 token 0x00995000
02-13 03:33:01.231  1973  1998 I gsl     : gsl_send_spf_cmd:274 rcvd pkt token : 0x995000
02-13 03:33:01.231  1973  1998 D PAL_OplusAudioDetect: getDetectResult: 261: Exit. status 0
02-13 03:33:01.231  1973  1998 D PAL_OplusPalAudioDetect: getAuddetVoipParameters: 99: get param from voip_rx stream
02-13 03:33:01.231  1973  1998 D AHAL_ModulePrimary_OPLUS: getParameters: key: get_audiodet_voip
02-13 03:33:01.232  2269  2437 D DeviceHalAidl: [usb] getParameters: keys: "get_audiodet_voip"
02-13 03:33:01.232  2269  2437 E ConversionHelperAidl: Function: parseAndGetVendorParameters Line: 51 Failed 
02-13 03:33:01.232  2269  2437 D DeviceHalAidl: [r_submix] getParameters: keys: "get_audiodet_voip"
02-13 03:33:01.232  2269  2437 E ConversionHelperAidl: Function: parseAndGetVendorParameters Line: 51 Failed 
02-13 03:33:01.232  2269  2437 D DeviceHalAidl: [bluetooth] getParameters: keys: "get_audiodet_voip"
02-13 03:33:01.233  2269  2437 E ConversionHelperAidl: Function: parseAndGetVendorParameters Line: 51 Failed 
02-13 03:33:01.233  2269  2437 D DeviceHalAidl: [binaural_record] getParameters: keys: "get_audiodet_voip"
02-13 03:33:01.233  2269  2437 E ConversionHelperAidl: Function: parseAndGetVendorParameters Line: 51 Failed 
02-13 03:33:01.233  2269  2437 D DeviceHalAidl: [virtual] getParameters: keys: "get_audiodet_voip"
02-13 03:33:01.233  2269  2437 E ConversionHelperAidl: Function: parseAndGetVendorParameters Line: 51 Failed 
02-13 03:33:01.234  6502 10637 D OplusAtlasAudioDetectionManager: handleVoipDetect(pid 22428) detect result from hal= get_audiodet_voip=5000 0 0 0 0 0 0 0
02-13 03:33:01.302  2139  2139 D SensorFeature: name=ssc_screenshot_info ,index = 22
02-13 03:33:01.303  2139  2139 D SensorFeature: write 35 bytes:6229269984029,6229928103768,20134,0
02-13 03:33:01.306  1967  6334 I sensors-hal: handle_oplus_wise_rgb_event:161, wise_rgb: (48765)(cct, lux, ir)[5300.00, 6.49, 0.000000] (r, g, b, c)[353.87, 289.36, 178.88, 800.84]                 (pwm, hbm, brl, algo)[0.0 0.0 514.0 2.0], flag 20134
02-13 03:33:01.441  2038  2565 I SDM     : DisplayBuiltIn::IdlePowerCollapse: IPC received, disabling partial update for one frame
